[14:02:17] Reading dataset1
[14:02:17] Using fixed best weights for dataset1: validation MRR=0.672611
[14:02:17] Building full history for dataset1
[14:02:17]   building pair aggregates
[14:02:18]   building transition aggregates
[14:02:18]   building skip-transition aggregates
[14:02:18]   building node aggregates
[14:02:18]   building recent source histories
[14:02:19] Scoring dataset1
[14:02:22]   wrote rows 12000/61051 to dataset1.csv
[14:02:25]   wrote rows 24000/61051 to dataset1.csv
[14:02:28]   wrote rows 36000/61051 to dataset1.csv
[14:02:31]   wrote rows 48000/61051 to dataset1.csv
[14:02:33]   wrote rows 60000/61051 to dataset1.csv
[14:02:34]   wrote rows 61051/61051 to dataset1.csv
[14:02:34] Reading dataset2
[14:02:35] Training XGBoost GPU ranker for dataset2
[14:02:36]   selected 88/149 ranker features (profile=v42, no_pos=True, all_features=False)
[14:02:36]   building pair aggregates
[14:02:36]   building transition aggregates
[14:02:37]   building skip-transition aggregates
[14:02:42]   building node aggregates
[14:02:43]   building recent source histories
[14:02:45]   ranker train groups=144000, eval groups=16000
[14:02:55]   built ranker features 1500/144000
[14:03:03]   built ranker features 3000/144000
[14:03:10]   built ranker features 4500/144000
[14:03:18]   built ranker features 6000/144000
[14:03:25]   built ranker features 7500/144000
[14:03:33]   built ranker features 9000/144000
[14:03:40]   built ranker features 10500/144000
[14:03:48]   built ranker features 12000/144000
[14:03:55]   built ranker features 13500/144000
[14:04:03]   built ranker features 15000/144000
[14:04:11]   built ranker features 16500/144000
[14:04:19]   built ranker features 18000/144000
[14:04:27]   built ranker features 19500/144000
