[22:32:05] Reading dataset1
[22:32:06] Training XGBoost GPU ranker for dataset1
[22:32:06]   selected 105/180 ranker features (profile=v61, no_pos=True, all_features=False)
[22:32:06]   enabling graph SVD features dim=32, n_iter=5
[22:32:06]   building pair aggregates
[22:32:06]   building transition aggregates
[22:32:06]   building skip-transition aggregates
[22:32:07]   building node aggregates
[22:32:07]   building recent source histories
[22:32:08]   building directed graph SVD embeddings dim=32
[22:32:09]   building reverse directed graph SVD embeddings dim=32
[22:32:15]   ranker train groups=93265, eval groups=10363
[22:32:18]   built ranker features 1500/93265
[22:32:21]   built ranker features 3000/93265
[22:32:24]   built ranker features 4500/93265
[22:32:26]   built ranker features 6000/93265
[22:32:29]   built ranker features 7500/93265
[22:32:32]   built ranker features 9000/93265
[22:32:34]   built ranker features 10500/93265
[22:32:37]   built ranker features 12000/93265
[22:32:40]   built ranker features 13500/93265
[22:32:42]   built ranker features 15000/93265
[22:32:45]   built ranker features 16500/93265
[22:32:48]   built ranker features 18000/93265
[22:32:50]   built ranker features 19500/93265
[22:32:53]   built ranker features 21000/93265
[22:32:55]   built ranker features 22500/93265
[22:32:58]   built ranker features 24000/93265
[22:33:01]   built ranker features 25500/93265
[22:33:03]   built ranker features 27000/93265
[22:33:06]   built ranker features 28500/93265
[22:33:09]   built ranker features 30000/93265
[22:33:11]   built ranker features 31500/93265
[22:33:14]   built ranker features 33000/93265
[22:33:17]   built ranker features 34500/93265
[22:33:19]   built ranker features 36000/93265
[22:33:22]   built ranker features 37500/93265
[22:33:24]   built ranker features 39000/93265
[22:33:27]   built ranker features 40500/93265
[22:33:30]   built ranker features 42000/93265
[22:33:32]   built ranker features 43500/93265
[22:33:35]   built ranker features 45000/93265
[22:33:38]   built ranker features 46500/93265
[22:33:40]   built ranker features 48000/93265
[22:33:43]   built ranker features 49500/93265
[22:33:46]   built ranker features 51000/93265
[22:33:48]   built ranker features 52500/93265
[22:33:51]   built ranker features 54000/93265
[22:33:54]   built ranker features 55500/93265
[22:33:56]   built ranker features 57000/93265
[22:33:59]   built ranker features 58500/93265
[22:34:02]   built ranker features 60000/93265
[22:34:04]   built ranker features 61500/93265
[22:34:07]   built ranker features 63000/93265
[22:34:09]   built ranker features 64500/93265
[22:34:12]   built ranker features 66000/93265
[22:34:15]   built ranker features 67500/93265
[22:34:17]   built ranker features 69000/93265
[22:34:20]   built ranker features 70500/93265
[22:34:23]   built ranker features 72000/93265
[22:34:26]   built ranker features 73500/93265
[22:34:28]   built ranker features 75000/93265
[22:34:31]   built ranker features 76500/93265
[22:34:34]   built ranker features 78000/93265
[22:34:37]   built ranker features 79500/93265
[22:34:40]   built ranker features 81000/93265
[22:34:42]   built ranker features 82500/93265
[22:34:45]   built ranker features 84000/93265
[22:34:48]   built ranker features 85500/93265
[22:34:50]   built ranker features 87000/93265
[22:34:53]   built ranker features 88500/93265
[22:34:56]   built ranker features 90000/93265
[22:34:58]   built ranker features 91500/93265
[22:35:01]   built ranker features 93000/93265
[22:35:01]   built ranker features 93265/93265
[22:35:04]   built ranker features 1500/10363
[22:35:07]   built ranker features 3000/10363
[22:35:09]   built ranker features 4500/10363
[22:35:12]   built ranker features 6000/10363
[22:35:14]   built ranker features 7500/10363
[22:35:17]   built ranker features 9000/10363
[22:35:19]   built ranker features 10363/10363
[22:35:20]   V18 feature baseline MRR on ranker eval=0.652818
[0]	validation_0-ndcg@10:0.79667
[1]	validation_0-ndcg@10:0.81778
[2]	validation_0-ndcg@10:0.81875
[3]	validation_0-ndcg@10:0.81945
[4]	validation_0-ndcg@10:0.81992
[5]	validation_0-ndcg@10:0.82090
[6]	validation_0-ndcg@10:0.82081
[7]	validation_0-ndcg@10:0.82121
[8]	validation_0-ndcg@10:0.82129
[9]	validation_0-ndcg@10:0.82119
[10]	validation_0-ndcg@10:0.82148
[11]	validation_0-ndcg@10:0.82198
[12]	validation_0-ndcg@10:0.82206
[13]	validation_0-ndcg@10:0.82230
[14]	validation_0-ndcg@10:0.82195
[15]	validation_0-ndcg@10:0.82183
[16]	validation_0-ndcg@10:0.82153
[17]	validation_0-ndcg@10:0.82214
[18]	validation_0-ndcg@10:0.82205
[19]	validation_0-ndcg@10:0.82212
[20]	validation_0-ndcg@10:0.82223
[21]	validation_0-ndcg@10:0.82229
[22]	validation_0-ndcg@10:0.82235
[23]	validation_0-ndcg@10:0.82237
[24]	validation_0-ndcg@10:0.82246
[25]	validation_0-ndcg@10:0.82248
[26]	validation_0-ndcg@10:0.82266
[27]	validation_0-ndcg@10:0.82250
[28]	validation_0-ndcg@10:0.82245
[29]	validation_0-ndcg@10:0.82240
[30]	validation_0-ndcg@10:0.82263
[31]	validation_0-ndcg@10:0.82269
[32]	validation_0-ndcg@10:0.82292
[33]	validation_0-ndcg@10:0.82305
[34]	validation_0-ndcg@10:0.82294
[35]	validation_0-ndcg@10:0.82299
[36]	validation_0-ndcg@10:0.82318
[37]	validation_0-ndcg@10:0.82337
[38]	validation_0-ndcg@10:0.82366
[39]	validation_0-ndcg@10:0.82400
[40]	validation_0-ndcg@10:0.82430
[41]	validation_0-ndcg@10:0.82430
[42]	validation_0-ndcg@10:0.82429
[43]	validation_0-ndcg@10:0.82440
[44]	validation_0-ndcg@10:0.82471
[45]	validation_0-ndcg@10:0.82481
[46]	validation_0-ndcg@10:0.82473
[47]	validation_0-ndcg@10:0.82476
[48]	validation_0-ndcg@10:0.82440
[49]	validation_0-ndcg@10:0.82499
[50]	validation_0-ndcg@10:0.82514
[51]	validation_0-ndcg@10:0.82539
[52]	validation_0-ndcg@10:0.82559
[53]	validation_0-ndcg@10:0.82572
[54]	validation_0-ndcg@10:0.82593
[55]	validation_0-ndcg@10:0.82601
[56]	validation_0-ndcg@10:0.82612
[57]	validation_0-ndcg@10:0.82606
[58]	validation_0-ndcg@10:0.82624
[59]	validation_0-ndcg@10:0.82645
[60]	validation_0-ndcg@10:0.82664
[61]	validation_0-ndcg@10:0.82661
[62]	validation_0-ndcg@10:0.82678
[63]	validation_0-ndcg@10:0.82700
[64]	validation_0-ndcg@10:0.82703
[65]	validation_0-ndcg@10:0.82706
[66]	validation_0-ndcg@10:0.82711
[67]	validation_0-ndcg@10:0.82728
[68]	validation_0-ndcg@10:0.82712
[69]	validation_0-ndcg@10:0.82732
[70]	validation_0-ndcg@10:0.82755
[71]	validation_0-ndcg@10:0.82767
[72]	validation_0-ndcg@10:0.82775
[73]	validation_0-ndcg@10:0.82781
[74]	validation_0-ndcg@10:0.82784
[75]	validation_0-ndcg@10:0.82794
[76]	validation_0-ndcg@10:0.82809
[77]	validation_0-ndcg@10:0.82818
[78]	validation_0-ndcg@10:0.82825
[79]	validation_0-ndcg@10:0.82848
[80]	validation_0-ndcg@10:0.82856
[81]	validation_0-ndcg@10:0.82864
[82]	validation_0-ndcg@10:0.82876
[83]	validation_0-ndcg@10:0.82874
[84]	validation_0-ndcg@10:0.82886
[85]	validation_0-ndcg@10:0.82911
[86]	validation_0-ndcg@10:0.82927
[87]	validation_0-ndcg@10:0.82932
[88]	validation_0-ndcg@10:0.82926
[89]	validation_0-ndcg@10:0.82943
[90]	validation_0-ndcg@10:0.82949
[91]	validation_0-ndcg@10:0.82959
[92]	validation_0-ndcg@10:0.82944
[93]	validation_0-ndcg@10:0.82931
[94]	validation_0-ndcg@10:0.82945
[95]	validation_0-ndcg@10:0.82961
[96]	validation_0-ndcg@10:0.82976
[97]	validation_0-ndcg@10:0.82996
[98]	validation_0-ndcg@10:0.82998
[99]	validation_0-ndcg@10:0.82995
[100]	validation_0-ndcg@10:0.83005
[101]	validation_0-ndcg@10:0.83010
[102]	validation_0-ndcg@10:0.83015
[103]	validation_0-ndcg@10:0.83011
[104]	validation_0-ndcg@10:0.83027
[105]	validation_0-ndcg@10:0.83035
[106]	validation_0-ndcg@10:0.83049
[107]	validation_0-ndcg@10:0.83067
[108]	validation_0-ndcg@10:0.83065
[109]	validation_0-ndcg@10:0.83081
[110]	validation_0-ndcg@10:0.83095
[111]	validation_0-ndcg@10:0.83102
[112]	validation_0-ndcg@10:0.83132
[113]	validation_0-ndcg@10:0.83143
[114]	validation_0-ndcg@10:0.83154
[115]	validation_0-ndcg@10:0.83148
[116]	validation_0-ndcg@10:0.83157
[117]	validation_0-ndcg@10:0.83171
[118]	validation_0-ndcg@10:0.83179
[119]	validation_0-ndcg@10:0.83174
[120]	validation_0-ndcg@10:0.83193
[121]	validation_0-ndcg@10:0.83211
[122]	validation_0-ndcg@10:0.83212
[123]	validation_0-ndcg@10:0.83221
[124]	validation_0-ndcg@10:0.83238
[125]	validation_0-ndcg@10:0.83244
[126]	validation_0-ndcg@10:0.83235
[127]	validation_0-ndcg@10:0.83232
[128]	validation_0-ndcg@10:0.83251
[129]	validation_0-ndcg@10:0.83272
[130]	validation_0-ndcg@10:0.83277
[131]	validation_0-ndcg@10:0.83276
[132]	validation_0-ndcg@10:0.83305
[133]	validation_0-ndcg@10:0.83301
[134]	validation_0-ndcg@10:0.83325
[135]	validation_0-ndcg@10:0.83333
[136]	validation_0-ndcg@10:0.83349
[137]	validation_0-ndcg@10:0.83353
[138]	validation_0-ndcg@10:0.83347
[139]	validation_0-ndcg@10:0.83353
[140]	validation_0-ndcg@10:0.83375
[141]	validation_0-ndcg@10:0.83376
[142]	validation_0-ndcg@10:0.83379
[143]	validation_0-ndcg@10:0.83392
[144]	validation_0-ndcg@10:0.83403
[145]	validation_0-ndcg@10:0.83416
[146]	validation_0-ndcg@10:0.83425
[147]	validation_0-ndcg@10:0.83423
[148]	validation_0-ndcg@10:0.83446
[149]	validation_0-ndcg@10:0.83452
[150]	validation_0-ndcg@10:0.83465
[151]	validation_0-ndcg@10:0.83464
[152]	validation_0-ndcg@10:0.83473
[153]	validation_0-ndcg@10:0.83475
[154]	validation_0-ndcg@10:0.83494
[155]	validation_0-ndcg@10:0.83494
[156]	validation_0-ndcg@10:0.83497
[157]	validation_0-ndcg@10:0.83513
[158]	validation_0-ndcg@10:0.83514
[159]	validation_0-ndcg@10:0.83519
[160]	validation_0-ndcg@10:0.83517
[161]	validation_0-ndcg@10:0.83512
[162]	validation_0-ndcg@10:0.83502
[163]	validation_0-ndcg@10:0.83509
[164]	validation_0-ndcg@10:0.83516
[165]	validation_0-ndcg@10:0.83531
[166]	validation_0-ndcg@10:0.83521
[167]	validation_0-ndcg@10:0.83536
[168]	validation_0-ndcg@10:0.83537
[169]	validation_0-ndcg@10:0.83548
[170]	validation_0-ndcg@10:0.83556
[171]	validation_0-ndcg@10:0.83546
[172]	validation_0-ndcg@10:0.83565
[173]	validation_0-ndcg@10:0.83582
[174]	validation_0-ndcg@10:0.83599
[175]	validation_0-ndcg@10:0.83611
[176]	validation_0-ndcg@10:0.83629
[177]	validation_0-ndcg@10:0.83653
[178]	validation_0-ndcg@10:0.83656
[179]	validation_0-ndcg@10:0.83661
[180]	validation_0-ndcg@10:0.83686
[181]	validation_0-ndcg@10:0.83687
[182]	validation_0-ndcg@10:0.83704
[183]	validation_0-ndcg@10:0.83708
[184]	validation_0-ndcg@10:0.83698
[185]	validation_0-ndcg@10:0.83715
[186]	validation_0-ndcg@10:0.83739
[187]	validation_0-ndcg@10:0.83765
[188]	validation_0-ndcg@10:0.83772
[189]	validation_0-ndcg@10:0.83785
[190]	validation_0-ndcg@10:0.83789
[191]	validation_0-ndcg@10:0.83787
[192]	validation_0-ndcg@10:0.83789
[193]	validation_0-ndcg@10:0.83795
[194]	validation_0-ndcg@10:0.83808
[195]	validation_0-ndcg@10:0.83831
[196]	validation_0-ndcg@10:0.83840
[197]	validation_0-ndcg@10:0.83838
[198]	validation_0-ndcg@10:0.83842
[199]	validation_0-ndcg@10:0.83856
[200]	validation_0-ndcg@10:0.83861
[201]	validation_0-ndcg@10:0.83864
[202]	validation_0-ndcg@10:0.83875
[203]	validation_0-ndcg@10:0.83883
[204]	validation_0-ndcg@10:0.83902
[205]	validation_0-ndcg@10:0.83889
[206]	validation_0-ndcg@10:0.83899
[207]	validation_0-ndcg@10:0.83908
[208]	validation_0-ndcg@10:0.83926
[209]	validation_0-ndcg@10:0.83925
[210]	validation_0-ndcg@10:0.83934
[211]	validation_0-ndcg@10:0.83934
[212]	validation_0-ndcg@10:0.83926
[213]	validation_0-ndcg@10:0.83931
[214]	validation_0-ndcg@10:0.83934
[215]	validation_0-ndcg@10:0.83943
[216]	validation_0-ndcg@10:0.83949
[217]	validation_0-ndcg@10:0.83968
[218]	validation_0-ndcg@10:0.83968
[219]	validation_0-ndcg@10:0.83976
[220]	validation_0-ndcg@10:0.83968
[221]	validation_0-ndcg@10:0.83973
[222]	validation_0-ndcg@10:0.83979
[223]	validation_0-ndcg@10:0.83987
[224]	validation_0-ndcg@10:0.83998
[225]	validation_0-ndcg@10:0.84004
[226]	validation_0-ndcg@10:0.84014
[227]	validation_0-ndcg@10:0.84014
[228]	validation_0-ndcg@10:0.84021
[229]	validation_0-ndcg@10:0.84019
[230]	validation_0-ndcg@10:0.84008
[231]	validation_0-ndcg@10:0.84013
[232]	validation_0-ndcg@10:0.84019
[233]	validation_0-ndcg@10:0.84038
[234]	validation_0-ndcg@10:0.84041
[235]	validation_0-ndcg@10:0.84068
[236]	validation_0-ndcg@10:0.84066
[237]	validation_0-ndcg@10:0.84080
[238]	validation_0-ndcg@10:0.84087
[239]	validation_0-ndcg@10:0.84089
[240]	validation_0-ndcg@10:0.84093
[241]	validation_0-ndcg@10:0.84103
[242]	validation_0-ndcg@10:0.84104
[243]	validation_0-ndcg@10:0.84114
[244]	validation_0-ndcg@10:0.84106
[245]	validation_0-ndcg@10:0.84119
[246]	validation_0-ndcg@10:0.84132
[247]	validation_0-ndcg@10:0.84144
[248]	validation_0-ndcg@10:0.84147
[249]	validation_0-ndcg@10:0.84141
[250]	validation_0-ndcg@10:0.84144
[251]	validation_0-ndcg@10:0.84154
[252]	validation_0-ndcg@10:0.84156
[253]	validation_0-ndcg@10:0.84158
[254]	validation_0-ndcg@10:0.84166
[255]	validation_0-ndcg@10:0.84166
[256]	validation_0-ndcg@10:0.84170
[257]	validation_0-ndcg@10:0.84170
[258]	validation_0-ndcg@10:0.84170
[259]	validation_0-ndcg@10:0.84182
[260]	validation_0-ndcg@10:0.84186
[261]	validation_0-ndcg@10:0.84188
[262]	validation_0-ndcg@10:0.84189
[263]	validation_0-ndcg@10:0.84196
[264]	validation_0-ndcg@10:0.84201
[265]	validation_0-ndcg@10:0.84201
[266]	validation_0-ndcg@10:0.84199
[267]	validation_0-ndcg@10:0.84199
[268]	validation_0-ndcg@10:0.84207
[269]	validation_0-ndcg@10:0.84221
[270]	validation_0-ndcg@10:0.84228
[271]	validation_0-ndcg@10:0.84232
[272]	validation_0-ndcg@10:0.84233
[273]	validation_0-ndcg@10:0.84235
[274]	validation_0-ndcg@10:0.84247
[275]	validation_0-ndcg@10:0.84242
[276]	validation_0-ndcg@10:0.84256
[277]	validation_0-ndcg@10:0.84256
[278]	validation_0-ndcg@10:0.84259
[279]	validation_0-ndcg@10:0.84275
[280]	validation_0-ndcg@10:0.84280
[281]	validation_0-ndcg@10:0.84276
[282]	validation_0-ndcg@10:0.84275
[283]	validation_0-ndcg@10:0.84296
[284]	validation_0-ndcg@10:0.84311
[285]	validation_0-ndcg@10:0.84318
[286]	validation_0-ndcg@10:0.84315
[287]	validation_0-ndcg@10:0.84328
[288]	validation_0-ndcg@10:0.84336
[289]	validation_0-ndcg@10:0.84345
[290]	validation_0-ndcg@10:0.84352
[291]	validation_0-ndcg@10:0.84355
[292]	validation_0-ndcg@10:0.84364
[293]	validation_0-ndcg@10:0.84372
[294]	validation_0-ndcg@10:0.84366
[295]	validation_0-ndcg@10:0.84369
[296]	validation_0-ndcg@10:0.84382
[297]	validation_0-ndcg@10:0.84376
[298]	validation_0-ndcg@10:0.84379
[299]	validation_0-ndcg@10:0.84385
[300]	validation_0-ndcg@10:0.84395
[301]	validation_0-ndcg@10:0.84399
[302]	validation_0-ndcg@10:0.84400
[303]	validation_0-ndcg@10:0.84405
[304]	validation_0-ndcg@10:0.84408
[305]	validation_0-ndcg@10:0.84408
[306]	validation_0-ndcg@10:0.84413
[307]	validation_0-ndcg@10:0.84406
[308]	validation_0-ndcg@10:0.84424
[309]	validation_0-ndcg@10:0.84433
[310]	validation_0-ndcg@10:0.84435
[311]	validation_0-ndcg@10:0.84450
[312]	validation_0-ndcg@10:0.84452
[313]	validation_0-ndcg@10:0.84459
[314]	validation_0-ndcg@10:0.84453
[315]	validation_0-ndcg@10:0.84447
[316]	validation_0-ndcg@10:0.84465
[317]	validation_0-ndcg@10:0.84468
[318]	validation_0-ndcg@10:0.84474
[319]	validation_0-ndcg@10:0.84475
[320]	validation_0-ndcg@10:0.84477
[321]	validation_0-ndcg@10:0.84482
[322]	validation_0-ndcg@10:0.84481
[323]	validation_0-ndcg@10:0.84500
[324]	validation_0-ndcg@10:0.84489
[325]	validation_0-ndcg@10:0.84497
[326]	validation_0-ndcg@10:0.84504
[327]	validation_0-ndcg@10:0.84497
[328]	validation_0-ndcg@10:0.84508
[329]	validation_0-ndcg@10:0.84513
[330]	validation_0-ndcg@10:0.84509
[331]	validation_0-ndcg@10:0.84520
[332]	validation_0-ndcg@10:0.84523
[333]	validation_0-ndcg@10:0.84528
[334]	validation_0-ndcg@10:0.84527
[335]	validation_0-ndcg@10:0.84530
[336]	validation_0-ndcg@10:0.84540
[337]	validation_0-ndcg@10:0.84540
[338]	validation_0-ndcg@10:0.84546
[339]	validation_0-ndcg@10:0.84538
[340]	validation_0-ndcg@10:0.84549
[341]	validation_0-ndcg@10:0.84553
[342]	validation_0-ndcg@10:0.84558
[343]	validation_0-ndcg@10:0.84564
[344]	validation_0-ndcg@10:0.84564
[345]	validation_0-ndcg@10:0.84577
[346]	validation_0-ndcg@10:0.84580
[347]	validation_0-ndcg@10:0.84582
[348]	validation_0-ndcg@10:0.84582
[349]	validation_0-ndcg@10:0.84582
[350]	validation_0-ndcg@10:0.84582
[351]	validation_0-ndcg@10:0.84596
[352]	validation_0-ndcg@10:0.84599
[353]	validation_0-ndcg@10:0.84608
[354]	validation_0-ndcg@10:0.84611
[355]	validation_0-ndcg@10:0.84611
[356]	validation_0-ndcg@10:0.84599
[357]	validation_0-ndcg@10:0.84607
[358]	validation_0-ndcg@10:0.84610
[359]	validation_0-ndcg@10:0.84616
[360]	validation_0-ndcg@10:0.84616
[361]	validation_0-ndcg@10:0.84622
[362]	validation_0-ndcg@10:0.84617
[363]	validation_0-ndcg@10:0.84624
[364]	validation_0-ndcg@10:0.84624
[365]	validation_0-ndcg@10:0.84632
[366]	validation_0-ndcg@10:0.84641
[367]	validation_0-ndcg@10:0.84644
[368]	validation_0-ndcg@10:0.84649
[369]	validation_0-ndcg@10:0.84652
[370]	validation_0-ndcg@10:0.84664
[371]	validation_0-ndcg@10:0.84663
[372]	validation_0-ndcg@10:0.84668
[373]	validation_0-ndcg@10:0.84684
[374]	validation_0-ndcg@10:0.84681
[375]	validation_0-ndcg@10:0.84685
[376]	validation_0-ndcg@10:0.84687
[377]	validation_0-ndcg@10:0.84692
[378]	validation_0-ndcg@10:0.84696
[379]	validation_0-ndcg@10:0.84693
[380]	validation_0-ndcg@10:0.84700
[381]	validation_0-ndcg@10:0.84698
[382]	validation_0-ndcg@10:0.84699
[383]	validation_0-ndcg@10:0.84705
[384]	validation_0-ndcg@10:0.84707
[385]	validation_0-ndcg@10:0.84702
[386]	validation_0-ndcg@10:0.84706
[387]	validation_0-ndcg@10:0.84700
[388]	validation_0-ndcg@10:0.84716
[389]	validation_0-ndcg@10:0.84713
[390]	validation_0-ndcg@10:0.84722
[391]	validation_0-ndcg@10:0.84723
[392]	validation_0-ndcg@10:0.84729
[393]	validation_0-ndcg@10:0.84730
[394]	validation_0-ndcg@10:0.84731
[395]	validation_0-ndcg@10:0.84731
[396]	validation_0-ndcg@10:0.84738
[397]	validation_0-ndcg@10:0.84743
[398]	validation_0-ndcg@10:0.84757
[399]	validation_0-ndcg@10:0.84748
[400]	validation_0-ndcg@10:0.84744
[401]	validation_0-ndcg@10:0.84753
[402]	validation_0-ndcg@10:0.84759
[403]	validation_0-ndcg@10:0.84760
[404]	validation_0-ndcg@10:0.84756
[405]	validation_0-ndcg@10:0.84764
[406]	validation_0-ndcg@10:0.84771
[407]	validation_0-ndcg@10:0.84780
[408]	validation_0-ndcg@10:0.84769
[409]	validation_0-ndcg@10:0.84770
[410]	validation_0-ndcg@10:0.84772
[411]	validation_0-ndcg@10:0.84775
[412]	validation_0-ndcg@10:0.84772
[413]	validation_0-ndcg@10:0.84773
[414]	validation_0-ndcg@10:0.84779
[415]	validation_0-ndcg@10:0.84778
[416]	validation_0-ndcg@10:0.84780
[417]	validation_0-ndcg@10:0.84784
[418]	validation_0-ndcg@10:0.84783
[419]	validation_0-ndcg@10:0.84800
[420]	validation_0-ndcg@10:0.84791
[421]	validation_0-ndcg@10:0.84801
[422]	validation_0-ndcg@10:0.84806
[423]	validation_0-ndcg@10:0.84802
[424]	validation_0-ndcg@10:0.84810
[425]	validation_0-ndcg@10:0.84816
[426]	validation_0-ndcg@10:0.84824
[427]	validation_0-ndcg@10:0.84821
[428]	validation_0-ndcg@10:0.84820
[429]	validation_0-ndcg@10:0.84822
[430]	validation_0-ndcg@10:0.84826
[431]	validation_0-ndcg@10:0.84830
[432]	validation_0-ndcg@10:0.84836
[433]	validation_0-ndcg@10:0.84842
[434]	validation_0-ndcg@10:0.84854
[435]	validation_0-ndcg@10:0.84856
[436]	validation_0-ndcg@10:0.84857
[437]	validation_0-ndcg@10:0.84863
[438]	validation_0-ndcg@10:0.84859
[439]	validation_0-ndcg@10:0.84875
[440]	validation_0-ndcg@10:0.84870
[441]	validation_0-ndcg@10:0.84877
[442]	validation_0-ndcg@10:0.84876
[443]	validation_0-ndcg@10:0.84878
[444]	validation_0-ndcg@10:0.84879
[445]	validation_0-ndcg@10:0.84887
[446]	validation_0-ndcg@10:0.84887
[447]	validation_0-ndcg@10:0.84892
[448]	validation_0-ndcg@10:0.84886
[449]	validation_0-ndcg@10:0.84895
[450]	validation_0-ndcg@10:0.84898
[451]	validation_0-ndcg@10:0.84901
[452]	validation_0-ndcg@10:0.84908
[453]	validation_0-ndcg@10:0.84912
[454]	validation_0-ndcg@10:0.84913
[455]	validation_0-ndcg@10:0.84917
[456]	validation_0-ndcg@10:0.84931
[457]	validation_0-ndcg@10:0.84923
[458]	validation_0-ndcg@10:0.84923
[459]	validation_0-ndcg@10:0.84926
[460]	validation_0-ndcg@10:0.84929
[461]	validation_0-ndcg@10:0.84929
[462]	validation_0-ndcg@10:0.84936
[463]	validation_0-ndcg@10:0.84939
[464]	validation_0-ndcg@10:0.84936
[465]	validation_0-ndcg@10:0.84938
[466]	validation_0-ndcg@10:0.84937
[467]	validation_0-ndcg@10:0.84931
[468]	validation_0-ndcg@10:0.84939
[469]	validation_0-ndcg@10:0.84933
[470]	validation_0-ndcg@10:0.84937
[471]	validation_0-ndcg@10:0.84931
[472]	validation_0-ndcg@10:0.84940
[473]	validation_0-ndcg@10:0.84939
[474]	validation_0-ndcg@10:0.84943
[475]	validation_0-ndcg@10:0.84935
[476]	validation_0-ndcg@10:0.84941
[477]	validation_0-ndcg@10:0.84940
[478]	validation_0-ndcg@10:0.84948
[479]	validation_0-ndcg@10:0.84941
[480]	validation_0-ndcg@10:0.84944
[481]	validation_0-ndcg@10:0.84946
[482]	validation_0-ndcg@10:0.84950
[483]	validation_0-ndcg@10:0.84960
[484]	validation_0-ndcg@10:0.84957
[485]	validation_0-ndcg@10:0.84966
[486]	validation_0-ndcg@10:0.84965
[487]	validation_0-ndcg@10:0.84973
[488]	validation_0-ndcg@10:0.84972
[489]	validation_0-ndcg@10:0.84970
[490]	validation_0-ndcg@10:0.84970
[491]	validation_0-ndcg@10:0.84970
[492]	validation_0-ndcg@10:0.84972
[493]	validation_0-ndcg@10:0.84978
[494]	validation_0-ndcg@10:0.84987
[495]	validation_0-ndcg@10:0.84989
[496]	validation_0-ndcg@10:0.84998
[497]	validation_0-ndcg@10:0.84994
[498]	validation_0-ndcg@10:0.85002
[499]	validation_0-ndcg@10:0.84994
[500]	validation_0-ndcg@10:0.84992
[501]	validation_0-ndcg@10:0.84995
[502]	validation_0-ndcg@10:0.85002
[503]	validation_0-ndcg@10:0.85004
[504]	validation_0-ndcg@10:0.85009
[505]	validation_0-ndcg@10:0.85012
[506]	validation_0-ndcg@10:0.85002
[507]	validation_0-ndcg@10:0.85008
[508]	validation_0-ndcg@10:0.85003
[509]	validation_0-ndcg@10:0.85014
[510]	validation_0-ndcg@10:0.85016
[511]	validation_0-ndcg@10:0.85018
[512]	validation_0-ndcg@10:0.85017
[513]	validation_0-ndcg@10:0.85017
[514]	validation_0-ndcg@10:0.85016
[515]	validation_0-ndcg@10:0.85016
[516]	validation_0-ndcg@10:0.85021
[517]	validation_0-ndcg@10:0.85027
[518]	validation_0-ndcg@10:0.85028
[519]	validation_0-ndcg@10:0.85025
[520]	validation_0-ndcg@10:0.85036
[521]	validation_0-ndcg@10:0.85029
[522]	validation_0-ndcg@10:0.85030
[523]	validation_0-ndcg@10:0.85032
[524]	validation_0-ndcg@10:0.85038
[525]	validation_0-ndcg@10:0.85039
[526]	validation_0-ndcg@10:0.85039
[527]	validation_0-ndcg@10:0.85037
[528]	validation_0-ndcg@10:0.85041
[529]	validation_0-ndcg@10:0.85036
[530]	validation_0-ndcg@10:0.85044
[531]	validation_0-ndcg@10:0.85049
[532]	validation_0-ndcg@10:0.85045
[533]	validation_0-ndcg@10:0.85043
[534]	validation_0-ndcg@10:0.85047
[535]	validation_0-ndcg@10:0.85036
[536]	validation_0-ndcg@10:0.85035
[537]	validation_0-ndcg@10:0.85042
[538]	validation_0-ndcg@10:0.85042
[539]	validation_0-ndcg@10:0.85049
[540]	validation_0-ndcg@10:0.85048
[541]	validation_0-ndcg@10:0.85057
[542]	validation_0-ndcg@10:0.85063
[543]	validation_0-ndcg@10:0.85061
[544]	validation_0-ndcg@10:0.85067
[545]	validation_0-ndcg@10:0.85063
[546]	validation_0-ndcg@10:0.85058
[547]	validation_0-ndcg@10:0.85055
[548]	validation_0-ndcg@10:0.85060
[549]	validation_0-ndcg@10:0.85059
[550]	validation_0-ndcg@10:0.85070
[551]	validation_0-ndcg@10:0.85066
[552]	validation_0-ndcg@10:0.85059
[553]	validation_0-ndcg@10:0.85050
[554]	validation_0-ndcg@10:0.85048
[555]	validation_0-ndcg@10:0.85051
[556]	validation_0-ndcg@10:0.85061
[557]	validation_0-ndcg@10:0.85065
[558]	validation_0-ndcg@10:0.85065
[559]	validation_0-ndcg@10:0.85065
[560]	validation_0-ndcg@10:0.85062
[561]	validation_0-ndcg@10:0.85065
[562]	validation_0-ndcg@10:0.85067
[563]	validation_0-ndcg@10:0.85064
[564]	validation_0-ndcg@10:0.85070
[565]	validation_0-ndcg@10:0.85080
[566]	validation_0-ndcg@10:0.85081
[567]	validation_0-ndcg@10:0.85073
[568]	validation_0-ndcg@10:0.85067
[569]	validation_0-ndcg@10:0.85065
[570]	validation_0-ndcg@10:0.85076
[571]	validation_0-ndcg@10:0.85075
[572]	validation_0-ndcg@10:0.85080
[573]	validation_0-ndcg@10:0.85085
[574]	validation_0-ndcg@10:0.85080
[575]	validation_0-ndcg@10:0.85078
[576]	validation_0-ndcg@10:0.85083
[577]	validation_0-ndcg@10:0.85089
[578]	validation_0-ndcg@10:0.85085
[579]	validation_0-ndcg@10:0.85090
[580]	validation_0-ndcg@10:0.85089
[581]	validation_0-ndcg@10:0.85092
[582]	validation_0-ndcg@10:0.85097
[583]	validation_0-ndcg@10:0.85095
[584]	validation_0-ndcg@10:0.85097
[585]	validation_0-ndcg@10:0.85099
[586]	validation_0-ndcg@10:0.85099
[587]	validation_0-ndcg@10:0.85101
[588]	validation_0-ndcg@10:0.85102
[589]	validation_0-ndcg@10:0.85100
[590]	validation_0-ndcg@10:0.85107
[591]	validation_0-ndcg@10:0.85099
[592]	validation_0-ndcg@10:0.85098
[593]	validation_0-ndcg@10:0.85103
[594]	validation_0-ndcg@10:0.85115
[595]	validation_0-ndcg@10:0.85118
[596]	validation_0-ndcg@10:0.85123
[597]	validation_0-ndcg@10:0.85127
[598]	validation_0-ndcg@10:0.85125
[599]	validation_0-ndcg@10:0.85121
[600]	validation_0-ndcg@10:0.85124
[601]	validation_0-ndcg@10:0.85135
[602]	validation_0-ndcg@10:0.85135
[603]	validation_0-ndcg@10:0.85135
[604]	validation_0-ndcg@10:0.85137
[605]	validation_0-ndcg@10:0.85132
[606]	validation_0-ndcg@10:0.85123
[607]	validation_0-ndcg@10:0.85128
[608]	validation_0-ndcg@10:0.85132
[609]	validation_0-ndcg@10:0.85126
[610]	validation_0-ndcg@10:0.85131
[611]	validation_0-ndcg@10:0.85133
[612]	validation_0-ndcg@10:0.85142
[613]	validation_0-ndcg@10:0.85145
[614]	validation_0-ndcg@10:0.85144
[615]	validation_0-ndcg@10:0.85145
[616]	validation_0-ndcg@10:0.85151
[617]	validation_0-ndcg@10:0.85153
[618]	validation_0-ndcg@10:0.85161
[619]	validation_0-ndcg@10:0.85159
[620]	validation_0-ndcg@10:0.85158
[621]	validation_0-ndcg@10:0.85166
[622]	validation_0-ndcg@10:0.85160
[623]	validation_0-ndcg@10:0.85158
[624]	validation_0-ndcg@10:0.85159
[625]	validation_0-ndcg@10:0.85155
[626]	validation_0-ndcg@10:0.85165
[627]	validation_0-ndcg@10:0.85162
[628]	validation_0-ndcg@10:0.85158
[629]	validation_0-ndcg@10:0.85155
[630]	validation_0-ndcg@10:0.85154
[631]	validation_0-ndcg@10:0.85154
[632]	validation_0-ndcg@10:0.85156
[633]	validation_0-ndcg@10:0.85153
[634]	validation_0-ndcg@10:0.85156
[635]	validation_0-ndcg@10:0.85160
[636]	validation_0-ndcg@10:0.85166
[637]	validation_0-ndcg@10:0.85174
[638]	validation_0-ndcg@10:0.85169
[639]	validation_0-ndcg@10:0.85173
[640]	validation_0-ndcg@10:0.85174
[641]	validation_0-ndcg@10:0.85172
[642]	validation_0-ndcg@10:0.85164
[643]	validation_0-ndcg@10:0.85170
[644]	validation_0-ndcg@10:0.85164
[645]	validation_0-ndcg@10:0.85172
[646]	validation_0-ndcg@10:0.85190
[647]	validation_0-ndcg@10:0.85190
[648]	validation_0-ndcg@10:0.85188
[649]	validation_0-ndcg@10:0.85185
[650]	validation_0-ndcg@10:0.85186
[651]	validation_0-ndcg@10:0.85189
[652]	validation_0-ndcg@10:0.85188
[653]	validation_0-ndcg@10:0.85192
[654]	validation_0-ndcg@10:0.85196
[655]	validation_0-ndcg@10:0.85192
[656]	validation_0-ndcg@10:0.85188
[657]	validation_0-ndcg@10:0.85187
[658]	validation_0-ndcg@10:0.85183
[659]	validation_0-ndcg@10:0.85184
[660]	validation_0-ndcg@10:0.85193
[661]	validation_0-ndcg@10:0.85193
[662]	validation_0-ndcg@10:0.85193
[663]	validation_0-ndcg@10:0.85197
[664]	validation_0-ndcg@10:0.85198
[665]	validation_0-ndcg@10:0.85198
[666]	validation_0-ndcg@10:0.85195
[667]	validation_0-ndcg@10:0.85192
[668]	validation_0-ndcg@10:0.85193
[669]	validation_0-ndcg@10:0.85193
[670]	validation_0-ndcg@10:0.85197
[671]	validation_0-ndcg@10:0.85199
[672]	validation_0-ndcg@10:0.85198
[673]	validation_0-ndcg@10:0.85198
[674]	validation_0-ndcg@10:0.85201
[675]	validation_0-ndcg@10:0.85204
[676]	validation_0-ndcg@10:0.85207
[677]	validation_0-ndcg@10:0.85199
[678]	validation_0-ndcg@10:0.85198
[679]	validation_0-ndcg@10:0.85196
[680]	validation_0-ndcg@10:0.85195
[681]	validation_0-ndcg@10:0.85207
[682]	validation_0-ndcg@10:0.85205
[683]	validation_0-ndcg@10:0.85195
[684]	validation_0-ndcg@10:0.85198
[685]	validation_0-ndcg@10:0.85196
[686]	validation_0-ndcg@10:0.85192
[687]	validation_0-ndcg@10:0.85192
[688]	validation_0-ndcg@10:0.85204
[689]	validation_0-ndcg@10:0.85215
[690]	validation_0-ndcg@10:0.85213
[691]	validation_0-ndcg@10:0.85212
[692]	validation_0-ndcg@10:0.85213
[693]	validation_0-ndcg@10:0.85218
[694]	validation_0-ndcg@10:0.85218
[695]	validation_0-ndcg@10:0.85222
[696]	validation_0-ndcg@10:0.85221
[697]	validation_0-ndcg@10:0.85226
[698]	validation_0-ndcg@10:0.85222
[699]	validation_0-ndcg@10:0.85222
[700]	validation_0-ndcg@10:0.85223
[701]	validation_0-ndcg@10:0.85219
[702]	validation_0-ndcg@10:0.85221
[703]	validation_0-ndcg@10:0.85220
[704]	validation_0-ndcg@10:0.85214
[705]	validation_0-ndcg@10:0.85214
[706]	validation_0-ndcg@10:0.85214
[707]	validation_0-ndcg@10:0.85215
[708]	validation_0-ndcg@10:0.85215
[709]	validation_0-ndcg@10:0.85216
[710]	validation_0-ndcg@10:0.85216
[711]	validation_0-ndcg@10:0.85204
[712]	validation_0-ndcg@10:0.85204
[713]	validation_0-ndcg@10:0.85201
[714]	validation_0-ndcg@10:0.85204
[715]	validation_0-ndcg@10:0.85209
[716]	validation_0-ndcg@10:0.85213
[717]	validation_0-ndcg@10:0.85212
[718]	validation_0-ndcg@10:0.85218
[719]	validation_0-ndcg@10:0.85218
[720]	validation_0-ndcg@10:0.85222
[721]	validation_0-ndcg@10:0.85222
[722]	validation_0-ndcg@10:0.85219
[723]	validation_0-ndcg@10:0.85220
[724]	validation_0-ndcg@10:0.85220
[725]	validation_0-ndcg@10:0.85227
[726]	validation_0-ndcg@10:0.85236
[727]	validation_0-ndcg@10:0.85237
[728]	validation_0-ndcg@10:0.85237
[729]	validation_0-ndcg@10:0.85230
[730]	validation_0-ndcg@10:0.85234
[731]	validation_0-ndcg@10:0.85233
[732]	validation_0-ndcg@10:0.85226
[733]	validation_0-ndcg@10:0.85236
[734]	validation_0-ndcg@10:0.85232
[735]	validation_0-ndcg@10:0.85233
[736]	validation_0-ndcg@10:0.85236
[737]	validation_0-ndcg@10:0.85236
[738]	validation_0-ndcg@10:0.85233
[739]	validation_0-ndcg@10:0.85233
[740]	validation_0-ndcg@10:0.85238
[741]	validation_0-ndcg@10:0.85237
[742]	validation_0-ndcg@10:0.85246
[743]	validation_0-ndcg@10:0.85249
[744]	validation_0-ndcg@10:0.85245
[745]	validation_0-ndcg@10:0.85246
[746]	validation_0-ndcg@10:0.85246
[747]	validation_0-ndcg@10:0.85245
[748]	validation_0-ndcg@10:0.85248
[749]	validation_0-ndcg@10:0.85252
[750]	validation_0-ndcg@10:0.85252
[751]	validation_0-ndcg@10:0.85253
[752]	validation_0-ndcg@10:0.85252
[753]	validation_0-ndcg@10:0.85255
[754]	validation_0-ndcg@10:0.85254
[755]	validation_0-ndcg@10:0.85260
[756]	validation_0-ndcg@10:0.85258
[757]	validation_0-ndcg@10:0.85257
[758]	validation_0-ndcg@10:0.85259
[759]	validation_0-ndcg@10:0.85257
[760]	validation_0-ndcg@10:0.85262
[761]	validation_0-ndcg@10:0.85268
[762]	validation_0-ndcg@10:0.85269
[763]	validation_0-ndcg@10:0.85272
[764]	validation_0-ndcg@10:0.85275
[765]	validation_0-ndcg@10:0.85273
[766]	validation_0-ndcg@10:0.85275
[767]	validation_0-ndcg@10:0.85275
[768]	validation_0-ndcg@10:0.85280
[769]	validation_0-ndcg@10:0.85278
[770]	validation_0-ndcg@10:0.85282
[771]	validation_0-ndcg@10:0.85285
[772]	validation_0-ndcg@10:0.85286
[773]	validation_0-ndcg@10:0.85283
[774]	validation_0-ndcg@10:0.85284
[775]	validation_0-ndcg@10:0.85281
[776]	validation_0-ndcg@10:0.85281
[777]	validation_0-ndcg@10:0.85281
[778]	validation_0-ndcg@10:0.85280
[779]	validation_0-ndcg@10:0.85279
[780]	validation_0-ndcg@10:0.85282
[781]	validation_0-ndcg@10:0.85278
[782]	validation_0-ndcg@10:0.85286
[783]	validation_0-ndcg@10:0.85282
[784]	validation_0-ndcg@10:0.85282
[785]	validation_0-ndcg@10:0.85279
[786]	validation_0-ndcg@10:0.85283
[787]	validation_0-ndcg@10:0.85287
[788]	validation_0-ndcg@10:0.85287
[789]	validation_0-ndcg@10:0.85293
[790]	validation_0-ndcg@10:0.85289
[791]	validation_0-ndcg@10:0.85277
[792]	validation_0-ndcg@10:0.85282
[793]	validation_0-ndcg@10:0.85287
[794]	validation_0-ndcg@10:0.85291
[795]	validation_0-ndcg@10:0.85293
[796]	validation_0-ndcg@10:0.85297
[797]	validation_0-ndcg@10:0.85297
[798]	validation_0-ndcg@10:0.85299
[799]	validation_0-ndcg@10:0.85299
[800]	validation_0-ndcg@10:0.85296
[801]	validation_0-ndcg@10:0.85300
[802]	validation_0-ndcg@10:0.85300
[803]	validation_0-ndcg@10:0.85303
[804]	validation_0-ndcg@10:0.85297
[805]	validation_0-ndcg@10:0.85298
[806]	validation_0-ndcg@10:0.85298
[807]	validation_0-ndcg@10:0.85299
[808]	validation_0-ndcg@10:0.85299
[809]	validation_0-ndcg@10:0.85312
[810]	validation_0-ndcg@10:0.85309
[811]	validation_0-ndcg@10:0.85311
[812]	validation_0-ndcg@10:0.85317
[813]	validation_0-ndcg@10:0.85320
[814]	validation_0-ndcg@10:0.85320
[815]	validation_0-ndcg@10:0.85324
[816]	validation_0-ndcg@10:0.85321
[817]	validation_0-ndcg@10:0.85316
[818]	validation_0-ndcg@10:0.85320
[819]	validation_0-ndcg@10:0.85322
[820]	validation_0-ndcg@10:0.85324
[821]	validation_0-ndcg@10:0.85324
[822]	validation_0-ndcg@10:0.85325
[823]	validation_0-ndcg@10:0.85329
[824]	validation_0-ndcg@10:0.85329
[825]	validation_0-ndcg@10:0.85333
[826]	validation_0-ndcg@10:0.85333
[827]	validation_0-ndcg@10:0.85341
[828]	validation_0-ndcg@10:0.85341
[829]	validation_0-ndcg@10:0.85339
[830]	validation_0-ndcg@10:0.85340
[831]	validation_0-ndcg@10:0.85336
[832]	validation_0-ndcg@10:0.85335
[833]	validation_0-ndcg@10:0.85338
[834]	validation_0-ndcg@10:0.85330
[835]	validation_0-ndcg@10:0.85338
[836]	validation_0-ndcg@10:0.85342
[837]	validation_0-ndcg@10:0.85345
[838]	validation_0-ndcg@10:0.85346
[839]	validation_0-ndcg@10:0.85343
[840]	validation_0-ndcg@10:0.85349
[841]	validation_0-ndcg@10:0.85354
[842]	validation_0-ndcg@10:0.85354
[843]	validation_0-ndcg@10:0.85356
[844]	validation_0-ndcg@10:0.85359
[845]	validation_0-ndcg@10:0.85358
[846]	validation_0-ndcg@10:0.85358
[847]	validation_0-ndcg@10:0.85351
[848]	validation_0-ndcg@10:0.85351
[849]	validation_0-ndcg@10:0.85356
[22:40:23]   raw ranker MRR on ranker eval=0.840013
[22:40:23]   blend alpha=0.00 MRR=0.652818
[22:40:23]   blend alpha=0.05 MRR=0.669822
[22:40:23]   blend alpha=0.10 MRR=0.681280
[22:40:23]   blend alpha=0.15 MRR=0.690434
[22:40:23]   blend alpha=0.20 MRR=0.699257
[22:40:23]   blend alpha=0.25 MRR=0.709596
[22:40:23]   blend alpha=0.30 MRR=0.721268
[22:40:23]   blend alpha=0.35 MRR=0.734268
[22:40:23]   blend alpha=0.40 MRR=0.748774
[22:40:23]   blend alpha=0.45 MRR=0.762983
[22:40:23]   blend alpha=0.50 MRR=0.776893
[22:40:23]   blend alpha=0.55 MRR=0.788233
[22:40:23]   blend alpha=0.60 MRR=0.798549
[22:40:24]   blend alpha=0.65 MRR=0.808399
[22:40:24]   blend alpha=0.70 MRR=0.819206
[22:40:24]   blend alpha=0.75 MRR=0.826420
[22:40:24]   blend alpha=0.80 MRR=0.831702
[22:40:24]   blend alpha=0.85 MRR=0.835382
[22:40:24]   blend alpha=0.90 MRR=0.837801
[22:40:24]   blend alpha=0.95 MRR=0.839518
[22:40:24]   blend alpha=1.00 MRR=0.840013
[22:40:24]   selected ranker use=True alpha=1.00 base=0.652818 best=0.840013
[22:40:24] Building full history for dataset1
[22:40:24]   building pair aggregates
[22:40:24]   building transition aggregates
[22:40:24]   building skip-transition aggregates
[22:40:25]   building node aggregates
[22:40:25]   building recent source histories
[22:40:26]   building directed graph SVD embeddings dim=32
[22:40:26]   building reverse directed graph SVD embeddings dim=32
[22:40:29] Scoring dataset1
[22:40:33]   wrote ranker rows 1500/61051 to dataset1.csv
[22:40:36]   wrote ranker rows 3000/61051 to dataset1.csv
[22:40:39]   wrote ranker rows 4500/61051 to dataset1.csv
[22:40:42]   wrote ranker rows 6000/61051 to dataset1.csv
[22:40:46]   wrote ranker rows 7500/61051 to dataset1.csv
[22:40:49]   wrote ranker rows 9000/61051 to dataset1.csv
[22:40:52]   wrote ranker rows 10500/61051 to dataset1.csv
[22:40:56]   wrote ranker rows 12000/61051 to dataset1.csv
[22:41:00]   wrote ranker rows 13500/61051 to dataset1.csv
[22:41:03]   wrote ranker rows 15000/61051 to dataset1.csv
[22:41:07]   wrote ranker rows 16500/61051 to dataset1.csv
[22:41:10]   wrote ranker rows 18000/61051 to dataset1.csv
[22:41:13]   wrote ranker rows 19500/61051 to dataset1.csv
[22:41:17]   wrote ranker rows 21000/61051 to dataset1.csv
[22:41:20]   wrote ranker rows 22500/61051 to dataset1.csv
[22:41:24]   wrote ranker rows 24000/61051 to dataset1.csv
[22:41:27]   wrote ranker rows 25500/61051 to dataset1.csv
[22:41:31]   wrote ranker rows 27000/61051 to dataset1.csv
[22:41:34]   wrote ranker rows 28500/61051 to dataset1.csv
[22:41:38]   wrote ranker rows 30000/61051 to dataset1.csv
[22:41:42]   wrote ranker rows 31500/61051 to dataset1.csv
[22:41:45]   wrote ranker rows 33000/61051 to dataset1.csv
[22:41:49]   wrote ranker rows 34500/61051 to dataset1.csv
[22:41:52]   wrote ranker rows 36000/61051 to dataset1.csv
[22:41:56]   wrote ranker rows 37500/61051 to dataset1.csv
[22:41:59]   wrote ranker rows 39000/61051 to dataset1.csv
[22:42:02]   wrote ranker rows 40500/61051 to dataset1.csv
[22:42:06]   wrote ranker rows 42000/61051 to dataset1.csv
[22:42:09]   wrote ranker rows 43500/61051 to dataset1.csv
[22:42:12]   wrote ranker rows 45000/61051 to dataset1.csv
[22:42:16]   wrote ranker rows 46500/61051 to dataset1.csv
[22:42:19]   wrote ranker rows 48000/61051 to dataset1.csv
[22:42:23]   wrote ranker rows 49500/61051 to dataset1.csv
[22:42:26]   wrote ranker rows 51000/61051 to dataset1.csv
[22:42:30]   wrote ranker rows 52500/61051 to dataset1.csv
[22:42:33]   wrote ranker rows 54000/61051 to dataset1.csv
[22:42:36]   wrote ranker rows 55500/61051 to dataset1.csv
[22:42:40]   wrote ranker rows 57000/61051 to dataset1.csv
[22:42:43]   wrote ranker rows 58500/61051 to dataset1.csv
[22:42:46]   wrote ranker rows 60000/61051 to dataset1.csv
[22:42:48]   wrote ranker rows 61051/61051 to dataset1.csv
[22:42:48] Reading dataset2
[22:42:50] Training XGBoost GPU ranker for dataset2
[22:42:50]   selected 105/180 ranker features (profile=v61, no_pos=True, all_features=False)
[22:42:50]   enabling graph SVD features dim=32, n_iter=5
[22:42:50]   building pair aggregates
[22:42:51]   building transition aggregates
[22:42:52]   building skip-transition aggregates
[22:42:56]   building node aggregates
[22:42:56]   building recent source histories
[22:42:57]   building directed graph SVD embeddings dim=32
[22:42:59]   building reverse directed graph SVD embeddings dim=32
[22:43:08]   ranker train groups=117000, eval groups=13000
[22:43:16]   built ranker features 1500/117000
[22:43:24]   built ranker features 3000/117000
[22:43:31]   built ranker features 4500/117000
[22:43:39]   built ranker features 6000/117000
[22:43:47]   built ranker features 7500/117000
[22:43:55]   built ranker features 9000/117000
[22:44:02]   built ranker features 10500/117000
[22:44:09]   built ranker features 12000/117000
[22:44:17]   built ranker features 13500/117000
[22:44:25]   built ranker features 15000/117000
[22:44:32]   built ranker features 16500/117000
[22:44:40]   built ranker features 18000/117000
[22:44:48]   built ranker features 19500/117000
[22:44:55]   built ranker features 21000/117000
[22:45:03]   built ranker features 22500/117000
[22:45:10]   built ranker features 24000/117000
[22:45:18]   built ranker features 25500/117000
[22:45:25]   built ranker features 27000/117000
[22:45:33]   built ranker features 28500/117000
[22:45:41]   built ranker features 30000/117000
[22:45:49]   built ranker features 31500/117000
[22:45:56]   built ranker features 33000/117000
[22:46:04]   built ranker features 34500/117000
[22:46:12]   built ranker features 36000/117000
[22:46:21]   built ranker features 37500/117000
[22:46:31]   built ranker features 39000/117000
[22:46:40]   built ranker features 40500/117000
[22:46:49]   built ranker features 42000/117000
[22:46:57]   built ranker features 43500/117000
[22:47:06]   built ranker features 45000/117000
[22:47:16]   built ranker features 46500/117000
[22:47:25]   built ranker features 48000/117000
[22:47:33]   built ranker features 49500/117000
[22:47:41]   built ranker features 51000/117000
[22:47:51]   built ranker features 52500/117000
[22:47:59]   built ranker features 54000/117000
[22:48:07]   built ranker features 55500/117000
[22:48:16]   built ranker features 57000/117000
[22:48:25]   built ranker features 58500/117000
[22:48:35]   built ranker features 60000/117000
[22:48:45]   built ranker features 61500/117000
[22:48:55]   built ranker features 63000/117000
[22:49:04]   built ranker features 64500/117000
[22:49:13]   built ranker features 66000/117000
[22:49:22]   built ranker features 67500/117000
[22:49:30]   built ranker features 69000/117000
[22:49:38]   built ranker features 70500/117000
[22:49:47]   built ranker features 72000/117000
[22:49:56]   built ranker features 73500/117000
[22:50:05]   built ranker features 75000/117000
[22:50:15]   built ranker features 76500/117000
[22:50:25]   built ranker features 78000/117000
[22:50:34]   built ranker features 79500/117000
[22:50:44]   built ranker features 81000/117000
[22:50:53]   built ranker features 82500/117000
[22:51:02]   built ranker features 84000/117000
[22:51:10]   built ranker features 85500/117000
[22:51:20]   built ranker features 87000/117000
[22:51:28]   built ranker features 88500/117000
[22:51:36]   built ranker features 90000/117000
[22:51:45]   built ranker features 91500/117000
[22:51:55]   built ranker features 93000/117000
[22:52:06]   built ranker features 94500/117000
[22:52:15]   built ranker features 96000/117000
[22:52:24]   built ranker features 97500/117000
[22:52:35]   built ranker features 99000/117000
[22:52:46]   built ranker features 100500/117000
[22:52:57]   built ranker features 102000/117000
[22:53:06]   built ranker features 103500/117000
[22:53:14]   built ranker features 105000/117000
[22:53:23]   built ranker features 106500/117000
[22:53:32]   built ranker features 108000/117000
[22:53:40]   built ranker features 109500/117000
[22:53:48]   built ranker features 111000/117000
[22:53:57]   built ranker features 112500/117000
[22:54:06]   built ranker features 114000/117000
[22:54:15]   built ranker features 115500/117000
[22:54:23]   built ranker features 117000/117000
[22:54:31]   built ranker features 1500/13000
[22:54:39]   built ranker features 3000/13000
[22:54:46]   built ranker features 4500/13000
[22:54:54]   built ranker features 6000/13000
[22:55:01]   built ranker features 7500/13000
[22:55:09]   built ranker features 9000/13000
[22:55:18]   built ranker features 10500/13000
[22:55:27]   built ranker features 12000/13000
[22:55:33]   built ranker features 13000/13000
[22:55:34]   V18 feature baseline MRR on ranker eval=0.403522
[0]	validation_0-ndcg@10:0.51356
[1]	validation_0-ndcg@10:0.58527
[2]	validation_0-ndcg@10:0.59619
[3]	validation_0-ndcg@10:0.59892
[4]	validation_0-ndcg@10:0.60027
[5]	validation_0-ndcg@10:0.60073
[6]	validation_0-ndcg@10:0.60088
[7]	validation_0-ndcg@10:0.60164
[8]	validation_0-ndcg@10:0.60258
[9]	validation_0-ndcg@10:0.60183
[10]	validation_0-ndcg@10:0.60274
[11]	validation_0-ndcg@10:0.60349
[12]	validation_0-ndcg@10:0.60301
[13]	validation_0-ndcg@10:0.60359
[14]	validation_0-ndcg@10:0.60330
[15]	validation_0-ndcg@10:0.60374
[16]	validation_0-ndcg@10:0.60451
[17]	validation_0-ndcg@10:0.60498
[18]	validation_0-ndcg@10:0.60520
[19]	validation_0-ndcg@10:0.60557
[20]	validation_0-ndcg@10:0.60552
[21]	validation_0-ndcg@10:0.60529
[22]	validation_0-ndcg@10:0.60530
[23]	validation_0-ndcg@10:0.60536
[24]	validation_0-ndcg@10:0.60611
[25]	validation_0-ndcg@10:0.60697
[26]	validation_0-ndcg@10:0.60613
[27]	validation_0-ndcg@10:0.60641
[28]	validation_0-ndcg@10:0.60609
[29]	validation_0-ndcg@10:0.60687
[30]	validation_0-ndcg@10:0.60676
[31]	validation_0-ndcg@10:0.60700
[32]	validation_0-ndcg@10:0.60717
[33]	validation_0-ndcg@10:0.60747
[34]	validation_0-ndcg@10:0.60701
[35]	validation_0-ndcg@10:0.60734
[36]	validation_0-ndcg@10:0.60729
[37]	validation_0-ndcg@10:0.60746
[38]	validation_0-ndcg@10:0.60741
[39]	validation_0-ndcg@10:0.60747
[40]	validation_0-ndcg@10:0.60721
[41]	validation_0-ndcg@10:0.60754
[42]	validation_0-ndcg@10:0.60771
[43]	validation_0-ndcg@10:0.60752
[44]	validation_0-ndcg@10:0.60783
[45]	validation_0-ndcg@10:0.60777
[46]	validation_0-ndcg@10:0.60821
[47]	validation_0-ndcg@10:0.60818
[48]	validation_0-ndcg@10:0.60833
[49]	validation_0-ndcg@10:0.60859
[50]	validation_0-ndcg@10:0.60864
[51]	validation_0-ndcg@10:0.60895
[52]	validation_0-ndcg@10:0.60879
[53]	validation_0-ndcg@10:0.60902
[54]	validation_0-ndcg@10:0.60895
[55]	validation_0-ndcg@10:0.60937
[56]	validation_0-ndcg@10:0.60958
[57]	validation_0-ndcg@10:0.60940
[58]	validation_0-ndcg@10:0.60962
[59]	validation_0-ndcg@10:0.60965
[60]	validation_0-ndcg@10:0.60941
[61]	validation_0-ndcg@10:0.60980
[62]	validation_0-ndcg@10:0.60984
[63]	validation_0-ndcg@10:0.61006
[64]	validation_0-ndcg@10:0.61026
[65]	validation_0-ndcg@10:0.61023
[66]	validation_0-ndcg@10:0.61051
[67]	validation_0-ndcg@10:0.61053
[68]	validation_0-ndcg@10:0.61054
[69]	validation_0-ndcg@10:0.61064
[70]	validation_0-ndcg@10:0.61066
[71]	validation_0-ndcg@10:0.61107
[72]	validation_0-ndcg@10:0.61135
[73]	validation_0-ndcg@10:0.61100
[74]	validation_0-ndcg@10:0.61118
[75]	validation_0-ndcg@10:0.61154
[76]	validation_0-ndcg@10:0.61154
[77]	validation_0-ndcg@10:0.61161
[78]	validation_0-ndcg@10:0.61171
[79]	validation_0-ndcg@10:0.61163
[80]	validation_0-ndcg@10:0.61178
[81]	validation_0-ndcg@10:0.61196
[82]	validation_0-ndcg@10:0.61188
[83]	validation_0-ndcg@10:0.61199
[84]	validation_0-ndcg@10:0.61203
[85]	validation_0-ndcg@10:0.61204
[86]	validation_0-ndcg@10:0.61219
[87]	validation_0-ndcg@10:0.61223
[88]	validation_0-ndcg@10:0.61213
[89]	validation_0-ndcg@10:0.61232
[90]	validation_0-ndcg@10:0.61242
[91]	validation_0-ndcg@10:0.61260
[92]	validation_0-ndcg@10:0.61281
[93]	validation_0-ndcg@10:0.61272
[94]	validation_0-ndcg@10:0.61291
[95]	validation_0-ndcg@10:0.61298
[96]	validation_0-ndcg@10:0.61321
[97]	validation_0-ndcg@10:0.61292
[98]	validation_0-ndcg@10:0.61326
[99]	validation_0-ndcg@10:0.61305
[100]	validation_0-ndcg@10:0.61326
[101]	validation_0-ndcg@10:0.61324
[102]	validation_0-ndcg@10:0.61318
[103]	validation_0-ndcg@10:0.61317
[104]	validation_0-ndcg@10:0.61324
[105]	validation_0-ndcg@10:0.61313
[106]	validation_0-ndcg@10:0.61327
[107]	validation_0-ndcg@10:0.61326
[108]	validation_0-ndcg@10:0.61316
[109]	validation_0-ndcg@10:0.61307
[110]	validation_0-ndcg@10:0.61317
[111]	validation_0-ndcg@10:0.61297
[112]	validation_0-ndcg@10:0.61324
[113]	validation_0-ndcg@10:0.61325
[114]	validation_0-ndcg@10:0.61335
[115]	validation_0-ndcg@10:0.61361
[116]	validation_0-ndcg@10:0.61366
[117]	validation_0-ndcg@10:0.61370
[118]	validation_0-ndcg@10:0.61388
[119]	validation_0-ndcg@10:0.61413
[120]	validation_0-ndcg@10:0.61421
[121]	validation_0-ndcg@10:0.61431
[122]	validation_0-ndcg@10:0.61433
[123]	validation_0-ndcg@10:0.61458
[124]	validation_0-ndcg@10:0.61443
[125]	validation_0-ndcg@10:0.61448
[126]	validation_0-ndcg@10:0.61457
[127]	validation_0-ndcg@10:0.61475
[128]	validation_0-ndcg@10:0.61473
[129]	validation_0-ndcg@10:0.61485
[130]	validation_0-ndcg@10:0.61494
[131]	validation_0-ndcg@10:0.61493
[132]	validation_0-ndcg@10:0.61500
[133]	validation_0-ndcg@10:0.61496
[134]	validation_0-ndcg@10:0.61496
[135]	validation_0-ndcg@10:0.61485
[136]	validation_0-ndcg@10:0.61496
[137]	validation_0-ndcg@10:0.61533
[138]	validation_0-ndcg@10:0.61548
[139]	validation_0-ndcg@10:0.61535
[140]	validation_0-ndcg@10:0.61541
[141]	validation_0-ndcg@10:0.61551
[142]	validation_0-ndcg@10:0.61535
[143]	validation_0-ndcg@10:0.61528
[144]	validation_0-ndcg@10:0.61526
[145]	validation_0-ndcg@10:0.61502
[146]	validation_0-ndcg@10:0.61510
[147]	validation_0-ndcg@10:0.61537
[148]	validation_0-ndcg@10:0.61543
[149]	validation_0-ndcg@10:0.61536
[150]	validation_0-ndcg@10:0.61546
[151]	validation_0-ndcg@10:0.61575
[152]	validation_0-ndcg@10:0.61558
[153]	validation_0-ndcg@10:0.61560
[154]	validation_0-ndcg@10:0.61562
[155]	validation_0-ndcg@10:0.61547
[156]	validation_0-ndcg@10:0.61562
[157]	validation_0-ndcg@10:0.61554
[158]	validation_0-ndcg@10:0.61524
[159]	validation_0-ndcg@10:0.61547
[160]	validation_0-ndcg@10:0.61555
[161]	validation_0-ndcg@10:0.61542
[162]	validation_0-ndcg@10:0.61542
[163]	validation_0-ndcg@10:0.61564
[164]	validation_0-ndcg@10:0.61561
[165]	validation_0-ndcg@10:0.61554
[166]	validation_0-ndcg@10:0.61567
[167]	validation_0-ndcg@10:0.61559
[168]	validation_0-ndcg@10:0.61571
[169]	validation_0-ndcg@10:0.61574
[170]	validation_0-ndcg@10:0.61589
[171]	validation_0-ndcg@10:0.61599
[172]	validation_0-ndcg@10:0.61609
[173]	validation_0-ndcg@10:0.61613
[174]	validation_0-ndcg@10:0.61603
[175]	validation_0-ndcg@10:0.61597
[176]	validation_0-ndcg@10:0.61609
[177]	validation_0-ndcg@10:0.61622
[178]	validation_0-ndcg@10:0.61619
[179]	validation_0-ndcg@10:0.61629
[180]	validation_0-ndcg@10:0.61627
[181]	validation_0-ndcg@10:0.61638
[182]	validation_0-ndcg@10:0.61637
[183]	validation_0-ndcg@10:0.61634
[184]	validation_0-ndcg@10:0.61633
[185]	validation_0-ndcg@10:0.61635
[186]	validation_0-ndcg@10:0.61653
[187]	validation_0-ndcg@10:0.61635
[188]	validation_0-ndcg@10:0.61632
[189]	validation_0-ndcg@10:0.61648
[190]	validation_0-ndcg@10:0.61649
[191]	validation_0-ndcg@10:0.61661
[192]	validation_0-ndcg@10:0.61665
[193]	validation_0-ndcg@10:0.61669
[194]	validation_0-ndcg@10:0.61673
[195]	validation_0-ndcg@10:0.61663
[196]	validation_0-ndcg@10:0.61661
[197]	validation_0-ndcg@10:0.61680
[198]	validation_0-ndcg@10:0.61669
[199]	validation_0-ndcg@10:0.61673
[200]	validation_0-ndcg@10:0.61678
[201]	validation_0-ndcg@10:0.61690
[202]	validation_0-ndcg@10:0.61698
[203]	validation_0-ndcg@10:0.61717
[204]	validation_0-ndcg@10:0.61713
[205]	validation_0-ndcg@10:0.61695
[206]	validation_0-ndcg@10:0.61717
[207]	validation_0-ndcg@10:0.61720
[208]	validation_0-ndcg@10:0.61716
[209]	validation_0-ndcg@10:0.61729
[210]	validation_0-ndcg@10:0.61725
[211]	validation_0-ndcg@10:0.61745
[212]	validation_0-ndcg@10:0.61759
[213]	validation_0-ndcg@10:0.61757
[214]	validation_0-ndcg@10:0.61753
[215]	validation_0-ndcg@10:0.61739
[216]	validation_0-ndcg@10:0.61748
[217]	validation_0-ndcg@10:0.61755
[218]	validation_0-ndcg@10:0.61750
[219]	validation_0-ndcg@10:0.61767
[220]	validation_0-ndcg@10:0.61774
[221]	validation_0-ndcg@10:0.61770
[222]	validation_0-ndcg@10:0.61765
[223]	validation_0-ndcg@10:0.61771
[224]	validation_0-ndcg@10:0.61770
[225]	validation_0-ndcg@10:0.61791
[226]	validation_0-ndcg@10:0.61788
[227]	validation_0-ndcg@10:0.61799
[228]	validation_0-ndcg@10:0.61794
[229]	validation_0-ndcg@10:0.61799
[230]	validation_0-ndcg@10:0.61801
[231]	validation_0-ndcg@10:0.61804
[232]	validation_0-ndcg@10:0.61804
[233]	validation_0-ndcg@10:0.61804
[234]	validation_0-ndcg@10:0.61803
[235]	validation_0-ndcg@10:0.61803
[236]	validation_0-ndcg@10:0.61814
[237]	validation_0-ndcg@10:0.61808
[238]	validation_0-ndcg@10:0.61802
[239]	validation_0-ndcg@10:0.61801
[240]	validation_0-ndcg@10:0.61816
[241]	validation_0-ndcg@10:0.61832
[242]	validation_0-ndcg@10:0.61841
[243]	validation_0-ndcg@10:0.61834
[244]	validation_0-ndcg@10:0.61842
[245]	validation_0-ndcg@10:0.61848
[246]	validation_0-ndcg@10:0.61842
[247]	validation_0-ndcg@10:0.61856
[248]	validation_0-ndcg@10:0.61855
[249]	validation_0-ndcg@10:0.61851
[250]	validation_0-ndcg@10:0.61851
[251]	validation_0-ndcg@10:0.61852
[252]	validation_0-ndcg@10:0.61871
[253]	validation_0-ndcg@10:0.61878
[254]	validation_0-ndcg@10:0.61873
[255]	validation_0-ndcg@10:0.61892
[256]	validation_0-ndcg@10:0.61889
[257]	validation_0-ndcg@10:0.61912
[258]	validation_0-ndcg@10:0.61892
[259]	validation_0-ndcg@10:0.61904
[260]	validation_0-ndcg@10:0.61905
[261]	validation_0-ndcg@10:0.61875
[262]	validation_0-ndcg@10:0.61879
[263]	validation_0-ndcg@10:0.61892
[264]	validation_0-ndcg@10:0.61898
[265]	validation_0-ndcg@10:0.61886
[266]	validation_0-ndcg@10:0.61905
[267]	validation_0-ndcg@10:0.61909
[268]	validation_0-ndcg@10:0.61887
[269]	validation_0-ndcg@10:0.61895
[270]	validation_0-ndcg@10:0.61918
[271]	validation_0-ndcg@10:0.61905
[272]	validation_0-ndcg@10:0.61910
[273]	validation_0-ndcg@10:0.61905
[274]	validation_0-ndcg@10:0.61919
[275]	validation_0-ndcg@10:0.61924
[276]	validation_0-ndcg@10:0.61919
[277]	validation_0-ndcg@10:0.61923
[278]	validation_0-ndcg@10:0.61919
[279]	validation_0-ndcg@10:0.61916
[280]	validation_0-ndcg@10:0.61936
[281]	validation_0-ndcg@10:0.61928
[282]	validation_0-ndcg@10:0.61936
[283]	validation_0-ndcg@10:0.61944
[284]	validation_0-ndcg@10:0.61936
[285]	validation_0-ndcg@10:0.61934
[286]	validation_0-ndcg@10:0.61941
[287]	validation_0-ndcg@10:0.61939
[288]	validation_0-ndcg@10:0.61932
[289]	validation_0-ndcg@10:0.61933
[290]	validation_0-ndcg@10:0.61938
[291]	validation_0-ndcg@10:0.61945
[292]	validation_0-ndcg@10:0.61941
[293]	validation_0-ndcg@10:0.61954
[294]	validation_0-ndcg@10:0.61965
[295]	validation_0-ndcg@10:0.61962
[296]	validation_0-ndcg@10:0.61965
[297]	validation_0-ndcg@10:0.61960
[298]	validation_0-ndcg@10:0.61954
[299]	validation_0-ndcg@10:0.61957
[300]	validation_0-ndcg@10:0.61958
[301]	validation_0-ndcg@10:0.61957
[302]	validation_0-ndcg@10:0.61967
[303]	validation_0-ndcg@10:0.61970
[304]	validation_0-ndcg@10:0.61960
[305]	validation_0-ndcg@10:0.61950
[306]	validation_0-ndcg@10:0.61952
[307]	validation_0-ndcg@10:0.61962
[308]	validation_0-ndcg@10:0.61980
[309]	validation_0-ndcg@10:0.61970
[310]	validation_0-ndcg@10:0.61975
[311]	validation_0-ndcg@10:0.61988
[312]	validation_0-ndcg@10:0.61995
[313]	validation_0-ndcg@10:0.61987
[314]	validation_0-ndcg@10:0.62000
[315]	validation_0-ndcg@10:0.62005
[316]	validation_0-ndcg@10:0.62003
[317]	validation_0-ndcg@10:0.62011
[318]	validation_0-ndcg@10:0.62013
[319]	validation_0-ndcg@10:0.62022
[320]	validation_0-ndcg@10:0.62022
[321]	validation_0-ndcg@10:0.62034
[322]	validation_0-ndcg@10:0.62036
[323]	validation_0-ndcg@10:0.62034
[324]	validation_0-ndcg@10:0.62030
[325]	validation_0-ndcg@10:0.62037
[326]	validation_0-ndcg@10:0.62037
[327]	validation_0-ndcg@10:0.62040
[328]	validation_0-ndcg@10:0.62039
[329]	validation_0-ndcg@10:0.62033
[330]	validation_0-ndcg@10:0.62033
[331]	validation_0-ndcg@10:0.62032
[332]	validation_0-ndcg@10:0.62029
[333]	validation_0-ndcg@10:0.62028
[334]	validation_0-ndcg@10:0.62028
[335]	validation_0-ndcg@10:0.62036
[336]	validation_0-ndcg@10:0.62045
[337]	validation_0-ndcg@10:0.62040
[338]	validation_0-ndcg@10:0.62046
[339]	validation_0-ndcg@10:0.62041
[340]	validation_0-ndcg@10:0.62036
[341]	validation_0-ndcg@10:0.62040
[342]	validation_0-ndcg@10:0.62036
[343]	validation_0-ndcg@10:0.62039
[344]	validation_0-ndcg@10:0.62040
[345]	validation_0-ndcg@10:0.62055
[346]	validation_0-ndcg@10:0.62054
[347]	validation_0-ndcg@10:0.62059
[348]	validation_0-ndcg@10:0.62055
[349]	validation_0-ndcg@10:0.62061
[350]	validation_0-ndcg@10:0.62054
[351]	validation_0-ndcg@10:0.62050
[352]	validation_0-ndcg@10:0.62059
[353]	validation_0-ndcg@10:0.62066
[354]	validation_0-ndcg@10:0.62068
[355]	validation_0-ndcg@10:0.62062
[356]	validation_0-ndcg@10:0.62065
[357]	validation_0-ndcg@10:0.62073
[358]	validation_0-ndcg@10:0.62073
[359]	validation_0-ndcg@10:0.62073
[360]	validation_0-ndcg@10:0.62076
[361]	validation_0-ndcg@10:0.62077
[362]	validation_0-ndcg@10:0.62087
[363]	validation_0-ndcg@10:0.62103
[364]	validation_0-ndcg@10:0.62102
[365]	validation_0-ndcg@10:0.62103
[366]	validation_0-ndcg@10:0.62107
[367]	validation_0-ndcg@10:0.62107
[368]	validation_0-ndcg@10:0.62116
[369]	validation_0-ndcg@10:0.62111
[370]	validation_0-ndcg@10:0.62119
[371]	validation_0-ndcg@10:0.62129
[372]	validation_0-ndcg@10:0.62134
[373]	validation_0-ndcg@10:0.62152
[374]	validation_0-ndcg@10:0.62145
[375]	validation_0-ndcg@10:0.62153
[376]	validation_0-ndcg@10:0.62147
[377]	validation_0-ndcg@10:0.62140
[378]	validation_0-ndcg@10:0.62138
[379]	validation_0-ndcg@10:0.62139
[380]	validation_0-ndcg@10:0.62131
[381]	validation_0-ndcg@10:0.62129
[382]	validation_0-ndcg@10:0.62133
[383]	validation_0-ndcg@10:0.62136
[384]	validation_0-ndcg@10:0.62124
[385]	validation_0-ndcg@10:0.62125
[386]	validation_0-ndcg@10:0.62124
[387]	validation_0-ndcg@10:0.62129
[388]	validation_0-ndcg@10:0.62123
[389]	validation_0-ndcg@10:0.62128
[390]	validation_0-ndcg@10:0.62127
[391]	validation_0-ndcg@10:0.62130
[392]	validation_0-ndcg@10:0.62133
[393]	validation_0-ndcg@10:0.62121
[394]	validation_0-ndcg@10:0.62116
[395]	validation_0-ndcg@10:0.62107
[396]	validation_0-ndcg@10:0.62100
[397]	validation_0-ndcg@10:0.62107
[398]	validation_0-ndcg@10:0.62102
[399]	validation_0-ndcg@10:0.62102
[400]	validation_0-ndcg@10:0.62107
[401]	validation_0-ndcg@10:0.62114
[402]	validation_0-ndcg@10:0.62098
[403]	validation_0-ndcg@10:0.62098
[404]	validation_0-ndcg@10:0.62091
[405]	validation_0-ndcg@10:0.62099
[406]	validation_0-ndcg@10:0.62108
[407]	validation_0-ndcg@10:0.62104
[408]	validation_0-ndcg@10:0.62097
[409]	validation_0-ndcg@10:0.62109
[410]	validation_0-ndcg@10:0.62117
[411]	validation_0-ndcg@10:0.62111
[412]	validation_0-ndcg@10:0.62117
[413]	validation_0-ndcg@10:0.62124
[414]	validation_0-ndcg@10:0.62125
[415]	validation_0-ndcg@10:0.62124
[416]	validation_0-ndcg@10:0.62128
[417]	validation_0-ndcg@10:0.62141
[418]	validation_0-ndcg@10:0.62128
[419]	validation_0-ndcg@10:0.62126
[420]	validation_0-ndcg@10:0.62125
[421]	validation_0-ndcg@10:0.62135
[422]	validation_0-ndcg@10:0.62125
[423]	validation_0-ndcg@10:0.62127
[424]	validation_0-ndcg@10:0.62140
[425]	validation_0-ndcg@10:0.62147
[426]	validation_0-ndcg@10:0.62144
[427]	validation_0-ndcg@10:0.62141
[428]	validation_0-ndcg@10:0.62143
[429]	validation_0-ndcg@10:0.62156
[430]	validation_0-ndcg@10:0.62159
[431]	validation_0-ndcg@10:0.62154
[432]	validation_0-ndcg@10:0.62154
[433]	validation_0-ndcg@10:0.62156
[434]	validation_0-ndcg@10:0.62146
[435]	validation_0-ndcg@10:0.62148
[436]	validation_0-ndcg@10:0.62143
[437]	validation_0-ndcg@10:0.62142
[438]	validation_0-ndcg@10:0.62143
[439]	validation_0-ndcg@10:0.62151
[440]	validation_0-ndcg@10:0.62144
[441]	validation_0-ndcg@10:0.62147
[442]	validation_0-ndcg@10:0.62161
[443]	validation_0-ndcg@10:0.62155
[444]	validation_0-ndcg@10:0.62152
[445]	validation_0-ndcg@10:0.62150
[446]	validation_0-ndcg@10:0.62145
[447]	validation_0-ndcg@10:0.62153
[448]	validation_0-ndcg@10:0.62157
[449]	validation_0-ndcg@10:0.62148
[450]	validation_0-ndcg@10:0.62146
[451]	validation_0-ndcg@10:0.62151
[452]	validation_0-ndcg@10:0.62164
[453]	validation_0-ndcg@10:0.62173
[454]	validation_0-ndcg@10:0.62167
[455]	validation_0-ndcg@10:0.62170
[456]	validation_0-ndcg@10:0.62166
[457]	validation_0-ndcg@10:0.62171
[458]	validation_0-ndcg@10:0.62167
[459]	validation_0-ndcg@10:0.62170
[460]	validation_0-ndcg@10:0.62168
[461]	validation_0-ndcg@10:0.62170
[462]	validation_0-ndcg@10:0.62178
[463]	validation_0-ndcg@10:0.62180
[464]	validation_0-ndcg@10:0.62185
[465]	validation_0-ndcg@10:0.62178
[466]	validation_0-ndcg@10:0.62186
[467]	validation_0-ndcg@10:0.62185
[468]	validation_0-ndcg@10:0.62190
[469]	validation_0-ndcg@10:0.62200
[470]	validation_0-ndcg@10:0.62194
[471]	validation_0-ndcg@10:0.62194
[472]	validation_0-ndcg@10:0.62195
[473]	validation_0-ndcg@10:0.62189
[474]	validation_0-ndcg@10:0.62186
[475]	validation_0-ndcg@10:0.62193
[476]	validation_0-ndcg@10:0.62198
[477]	validation_0-ndcg@10:0.62202
[478]	validation_0-ndcg@10:0.62213
[479]	validation_0-ndcg@10:0.62200
[480]	validation_0-ndcg@10:0.62193
[481]	validation_0-ndcg@10:0.62194
[482]	validation_0-ndcg@10:0.62202
[483]	validation_0-ndcg@10:0.62209
[484]	validation_0-ndcg@10:0.62204
[485]	validation_0-ndcg@10:0.62200
[486]	validation_0-ndcg@10:0.62195
[487]	validation_0-ndcg@10:0.62199
[488]	validation_0-ndcg@10:0.62205
[489]	validation_0-ndcg@10:0.62209
[490]	validation_0-ndcg@10:0.62209
[491]	validation_0-ndcg@10:0.62219
[492]	validation_0-ndcg@10:0.62218
[493]	validation_0-ndcg@10:0.62212
[494]	validation_0-ndcg@10:0.62210
[495]	validation_0-ndcg@10:0.62216
[496]	validation_0-ndcg@10:0.62209
[497]	validation_0-ndcg@10:0.62214
[498]	validation_0-ndcg@10:0.62218
[499]	validation_0-ndcg@10:0.62216
[500]	validation_0-ndcg@10:0.62215
[501]	validation_0-ndcg@10:0.62222
[502]	validation_0-ndcg@10:0.62229
[503]	validation_0-ndcg@10:0.62228
[504]	validation_0-ndcg@10:0.62229
[505]	validation_0-ndcg@10:0.62232
[506]	validation_0-ndcg@10:0.62235
[507]	validation_0-ndcg@10:0.62228
[508]	validation_0-ndcg@10:0.62227
[509]	validation_0-ndcg@10:0.62234
[510]	validation_0-ndcg@10:0.62239
[511]	validation_0-ndcg@10:0.62241
[512]	validation_0-ndcg@10:0.62243
[513]	validation_0-ndcg@10:0.62237
[514]	validation_0-ndcg@10:0.62230
[515]	validation_0-ndcg@10:0.62235
[516]	validation_0-ndcg@10:0.62230
[517]	validation_0-ndcg@10:0.62238
[518]	validation_0-ndcg@10:0.62247
[519]	validation_0-ndcg@10:0.62251
[520]	validation_0-ndcg@10:0.62246
[521]	validation_0-ndcg@10:0.62246
[522]	validation_0-ndcg@10:0.62248
[523]	validation_0-ndcg@10:0.62246
[524]	validation_0-ndcg@10:0.62247
[525]	validation_0-ndcg@10:0.62245
[526]	validation_0-ndcg@10:0.62248
[527]	validation_0-ndcg@10:0.62256
[528]	validation_0-ndcg@10:0.62254
[529]	validation_0-ndcg@10:0.62252
[530]	validation_0-ndcg@10:0.62250
[531]	validation_0-ndcg@10:0.62257
[532]	validation_0-ndcg@10:0.62261
[533]	validation_0-ndcg@10:0.62256
[534]	validation_0-ndcg@10:0.62252
[535]	validation_0-ndcg@10:0.62252
[536]	validation_0-ndcg@10:0.62258
[537]	validation_0-ndcg@10:0.62257
[538]	validation_0-ndcg@10:0.62255
[539]	validation_0-ndcg@10:0.62259
[540]	validation_0-ndcg@10:0.62257
[541]	validation_0-ndcg@10:0.62256
[542]	validation_0-ndcg@10:0.62257
[543]	validation_0-ndcg@10:0.62255
[544]	validation_0-ndcg@10:0.62256
[545]	validation_0-ndcg@10:0.62264
[546]	validation_0-ndcg@10:0.62267
[547]	validation_0-ndcg@10:0.62259
[548]	validation_0-ndcg@10:0.62260
[549]	validation_0-ndcg@10:0.62262
[550]	validation_0-ndcg@10:0.62257
[551]	validation_0-ndcg@10:0.62261
[552]	validation_0-ndcg@10:0.62259
[553]	validation_0-ndcg@10:0.62249
[554]	validation_0-ndcg@10:0.62251
[555]	validation_0-ndcg@10:0.62247
[556]	validation_0-ndcg@10:0.62250
[557]	validation_0-ndcg@10:0.62258
[558]	validation_0-ndcg@10:0.62261
[559]	validation_0-ndcg@10:0.62260
[560]	validation_0-ndcg@10:0.62261
[561]	validation_0-ndcg@10:0.62258
[562]	validation_0-ndcg@10:0.62257
[563]	validation_0-ndcg@10:0.62261
[564]	validation_0-ndcg@10:0.62261
[565]	validation_0-ndcg@10:0.62247
[566]	validation_0-ndcg@10:0.62259
[567]	validation_0-ndcg@10:0.62255
[568]	validation_0-ndcg@10:0.62249
[569]	validation_0-ndcg@10:0.62253
[570]	validation_0-ndcg@10:0.62255
[571]	validation_0-ndcg@10:0.62275
[572]	validation_0-ndcg@10:0.62270
[573]	validation_0-ndcg@10:0.62289
[574]	validation_0-ndcg@10:0.62290
[575]	validation_0-ndcg@10:0.62290
[576]	validation_0-ndcg@10:0.62294
[577]	validation_0-ndcg@10:0.62292
[578]	validation_0-ndcg@10:0.62290
[579]	validation_0-ndcg@10:0.62277
[580]	validation_0-ndcg@10:0.62275
[581]	validation_0-ndcg@10:0.62280
[582]	validation_0-ndcg@10:0.62284
[583]	validation_0-ndcg@10:0.62286
[584]	validation_0-ndcg@10:0.62286
[585]	validation_0-ndcg@10:0.62284
[586]	validation_0-ndcg@10:0.62286
[587]	validation_0-ndcg@10:0.62290
[588]	validation_0-ndcg@10:0.62289
[589]	validation_0-ndcg@10:0.62290
[590]	validation_0-ndcg@10:0.62284
[591]	validation_0-ndcg@10:0.62286
[592]	validation_0-ndcg@10:0.62287
[593]	validation_0-ndcg@10:0.62294
[594]	validation_0-ndcg@10:0.62300
[595]	validation_0-ndcg@10:0.62301
[596]	validation_0-ndcg@10:0.62304
[597]	validation_0-ndcg@10:0.62302
[598]	validation_0-ndcg@10:0.62307
[599]	validation_0-ndcg@10:0.62302
[600]	validation_0-ndcg@10:0.62306
[601]	validation_0-ndcg@10:0.62304
[602]	validation_0-ndcg@10:0.62298
[603]	validation_0-ndcg@10:0.62301
[604]	validation_0-ndcg@10:0.62297
[605]	validation_0-ndcg@10:0.62305
[606]	validation_0-ndcg@10:0.62302
[607]	validation_0-ndcg@10:0.62297
[608]	validation_0-ndcg@10:0.62305
[609]	validation_0-ndcg@10:0.62314
[610]	validation_0-ndcg@10:0.62321
[611]	validation_0-ndcg@10:0.62326
[612]	validation_0-ndcg@10:0.62319
[613]	validation_0-ndcg@10:0.62328
[614]	validation_0-ndcg@10:0.62332
[615]	validation_0-ndcg@10:0.62335
[616]	validation_0-ndcg@10:0.62335
[617]	validation_0-ndcg@10:0.62335
[618]	validation_0-ndcg@10:0.62340
[619]	validation_0-ndcg@10:0.62344
[620]	validation_0-ndcg@10:0.62340
[621]	validation_0-ndcg@10:0.62346
[622]	validation_0-ndcg@10:0.62356
[623]	validation_0-ndcg@10:0.62365
[624]	validation_0-ndcg@10:0.62360
[625]	validation_0-ndcg@10:0.62361
[626]	validation_0-ndcg@10:0.62359
[627]	validation_0-ndcg@10:0.62355
[628]	validation_0-ndcg@10:0.62352
[629]	validation_0-ndcg@10:0.62355
[630]	validation_0-ndcg@10:0.62362
[631]	validation_0-ndcg@10:0.62353
[632]	validation_0-ndcg@10:0.62356
[633]	validation_0-ndcg@10:0.62370
[634]	validation_0-ndcg@10:0.62369
[635]	validation_0-ndcg@10:0.62371
[636]	validation_0-ndcg@10:0.62371
[637]	validation_0-ndcg@10:0.62374
[638]	validation_0-ndcg@10:0.62379
[639]	validation_0-ndcg@10:0.62377
[640]	validation_0-ndcg@10:0.62374
[641]	validation_0-ndcg@10:0.62379
[642]	validation_0-ndcg@10:0.62377
[643]	validation_0-ndcg@10:0.62377
[644]	validation_0-ndcg@10:0.62382
[645]	validation_0-ndcg@10:0.62382
[646]	validation_0-ndcg@10:0.62380
[647]	validation_0-ndcg@10:0.62377
[648]	validation_0-ndcg@10:0.62389
[649]	validation_0-ndcg@10:0.62396
[650]	validation_0-ndcg@10:0.62391
[651]	validation_0-ndcg@10:0.62399
[652]	validation_0-ndcg@10:0.62398
[653]	validation_0-ndcg@10:0.62392
[654]	validation_0-ndcg@10:0.62399
[655]	validation_0-ndcg@10:0.62402
[656]	validation_0-ndcg@10:0.62406
[657]	validation_0-ndcg@10:0.62418
[658]	validation_0-ndcg@10:0.62413
[659]	validation_0-ndcg@10:0.62415
[660]	validation_0-ndcg@10:0.62415
[661]	validation_0-ndcg@10:0.62417
[662]	validation_0-ndcg@10:0.62413
[663]	validation_0-ndcg@10:0.62409
[664]	validation_0-ndcg@10:0.62416
[665]	validation_0-ndcg@10:0.62417
[666]	validation_0-ndcg@10:0.62406
[667]	validation_0-ndcg@10:0.62407
[668]	validation_0-ndcg@10:0.62396
[669]	validation_0-ndcg@10:0.62393
[670]	validation_0-ndcg@10:0.62396
[671]	validation_0-ndcg@10:0.62405
[672]	validation_0-ndcg@10:0.62403
[673]	validation_0-ndcg@10:0.62407
[674]	validation_0-ndcg@10:0.62401
[675]	validation_0-ndcg@10:0.62410
[676]	validation_0-ndcg@10:0.62413
[677]	validation_0-ndcg@10:0.62413
[678]	validation_0-ndcg@10:0.62424
[679]	validation_0-ndcg@10:0.62420
[680]	validation_0-ndcg@10:0.62418
[681]	validation_0-ndcg@10:0.62417
[682]	validation_0-ndcg@10:0.62411
[683]	validation_0-ndcg@10:0.62418
[684]	validation_0-ndcg@10:0.62424
[685]	validation_0-ndcg@10:0.62418
[686]	validation_0-ndcg@10:0.62426
[687]	validation_0-ndcg@10:0.62422
[688]	validation_0-ndcg@10:0.62425
[689]	validation_0-ndcg@10:0.62420
[690]	validation_0-ndcg@10:0.62432
[691]	validation_0-ndcg@10:0.62447
[692]	validation_0-ndcg@10:0.62449
[693]	validation_0-ndcg@10:0.62452
[694]	validation_0-ndcg@10:0.62459
[695]	validation_0-ndcg@10:0.62458
[696]	validation_0-ndcg@10:0.62459
[697]	validation_0-ndcg@10:0.62461
[698]	validation_0-ndcg@10:0.62461
[699]	validation_0-ndcg@10:0.62465
[700]	validation_0-ndcg@10:0.62470
[701]	validation_0-ndcg@10:0.62472
[702]	validation_0-ndcg@10:0.62468
[703]	validation_0-ndcg@10:0.62466
[704]	validation_0-ndcg@10:0.62467
[705]	validation_0-ndcg@10:0.62483
[706]	validation_0-ndcg@10:0.62483
[707]	validation_0-ndcg@10:0.62484
[708]	validation_0-ndcg@10:0.62485
[709]	validation_0-ndcg@10:0.62488
[710]	validation_0-ndcg@10:0.62486
[711]	validation_0-ndcg@10:0.62488
[712]	validation_0-ndcg@10:0.62492
[713]	validation_0-ndcg@10:0.62491
[714]	validation_0-ndcg@10:0.62486
[715]	validation_0-ndcg@10:0.62481
[716]	validation_0-ndcg@10:0.62487
[717]	validation_0-ndcg@10:0.62486
[718]	validation_0-ndcg@10:0.62485
[719]	validation_0-ndcg@10:0.62491
[720]	validation_0-ndcg@10:0.62505
[721]	validation_0-ndcg@10:0.62499
[722]	validation_0-ndcg@10:0.62501
[723]	validation_0-ndcg@10:0.62506
[724]	validation_0-ndcg@10:0.62510
[725]	validation_0-ndcg@10:0.62517
[726]	validation_0-ndcg@10:0.62518
[727]	validation_0-ndcg@10:0.62518
[728]	validation_0-ndcg@10:0.62516
[729]	validation_0-ndcg@10:0.62521
[730]	validation_0-ndcg@10:0.62525
[731]	validation_0-ndcg@10:0.62526
[732]	validation_0-ndcg@10:0.62525
[733]	validation_0-ndcg@10:0.62525
[734]	validation_0-ndcg@10:0.62522
[735]	validation_0-ndcg@10:0.62508
[736]	validation_0-ndcg@10:0.62501
[737]	validation_0-ndcg@10:0.62512
[738]	validation_0-ndcg@10:0.62517
[739]	validation_0-ndcg@10:0.62532
[740]	validation_0-ndcg@10:0.62533
[741]	validation_0-ndcg@10:0.62530
[742]	validation_0-ndcg@10:0.62532
[743]	validation_0-ndcg@10:0.62531
[744]	validation_0-ndcg@10:0.62534
[745]	validation_0-ndcg@10:0.62529
[746]	validation_0-ndcg@10:0.62536
[747]	validation_0-ndcg@10:0.62537
[748]	validation_0-ndcg@10:0.62544
[749]	validation_0-ndcg@10:0.62547
[750]	validation_0-ndcg@10:0.62548
[751]	validation_0-ndcg@10:0.62554
[752]	validation_0-ndcg@10:0.62554
[753]	validation_0-ndcg@10:0.62543
[754]	validation_0-ndcg@10:0.62545
[755]	validation_0-ndcg@10:0.62547
[756]	validation_0-ndcg@10:0.62546
[757]	validation_0-ndcg@10:0.62559
[758]	validation_0-ndcg@10:0.62559
[759]	validation_0-ndcg@10:0.62559
[760]	validation_0-ndcg@10:0.62562
[761]	validation_0-ndcg@10:0.62564
[762]	validation_0-ndcg@10:0.62563
[763]	validation_0-ndcg@10:0.62559
[764]	validation_0-ndcg@10:0.62560
[765]	validation_0-ndcg@10:0.62566
[766]	validation_0-ndcg@10:0.62572
[767]	validation_0-ndcg@10:0.62574
[768]	validation_0-ndcg@10:0.62576
[769]	validation_0-ndcg@10:0.62576
[770]	validation_0-ndcg@10:0.62573
[771]	validation_0-ndcg@10:0.62569
[772]	validation_0-ndcg@10:0.62568
[773]	validation_0-ndcg@10:0.62567
[774]	validation_0-ndcg@10:0.62569
[775]	validation_0-ndcg@10:0.62567
[776]	validation_0-ndcg@10:0.62571
[777]	validation_0-ndcg@10:0.62575
[778]	validation_0-ndcg@10:0.62574
[779]	validation_0-ndcg@10:0.62561
[780]	validation_0-ndcg@10:0.62561
[781]	validation_0-ndcg@10:0.62552
[782]	validation_0-ndcg@10:0.62551
[783]	validation_0-ndcg@10:0.62554
[784]	validation_0-ndcg@10:0.62556
[785]	validation_0-ndcg@10:0.62562
[786]	validation_0-ndcg@10:0.62561
[787]	validation_0-ndcg@10:0.62557
[788]	validation_0-ndcg@10:0.62556
[789]	validation_0-ndcg@10:0.62556
[790]	validation_0-ndcg@10:0.62561
[791]	validation_0-ndcg@10:0.62572
[792]	validation_0-ndcg@10:0.62571
[793]	validation_0-ndcg@10:0.62575
[794]	validation_0-ndcg@10:0.62585
[795]	validation_0-ndcg@10:0.62589
[796]	validation_0-ndcg@10:0.62585
[797]	validation_0-ndcg@10:0.62585
[798]	validation_0-ndcg@10:0.62585
[799]	validation_0-ndcg@10:0.62586
[800]	validation_0-ndcg@10:0.62585
[801]	validation_0-ndcg@10:0.62582
[802]	validation_0-ndcg@10:0.62590
[803]	validation_0-ndcg@10:0.62588
[804]	validation_0-ndcg@10:0.62588
[805]	validation_0-ndcg@10:0.62596
[806]	validation_0-ndcg@10:0.62597
[807]	validation_0-ndcg@10:0.62597
[808]	validation_0-ndcg@10:0.62597
[809]	validation_0-ndcg@10:0.62597
[810]	validation_0-ndcg@10:0.62599
[811]	validation_0-ndcg@10:0.62605
[812]	validation_0-ndcg@10:0.62599
[813]	validation_0-ndcg@10:0.62613
[814]	validation_0-ndcg@10:0.62618
[815]	validation_0-ndcg@10:0.62620
[816]	validation_0-ndcg@10:0.62618
[817]	validation_0-ndcg@10:0.62615
[818]	validation_0-ndcg@10:0.62616
[819]	validation_0-ndcg@10:0.62621
[820]	validation_0-ndcg@10:0.62620
[821]	validation_0-ndcg@10:0.62615
[822]	validation_0-ndcg@10:0.62621
[823]	validation_0-ndcg@10:0.62626
[824]	validation_0-ndcg@10:0.62625
[825]	validation_0-ndcg@10:0.62627
[826]	validation_0-ndcg@10:0.62630
[827]	validation_0-ndcg@10:0.62630
[828]	validation_0-ndcg@10:0.62630
[829]	validation_0-ndcg@10:0.62630
[830]	validation_0-ndcg@10:0.62629
[831]	validation_0-ndcg@10:0.62637
[832]	validation_0-ndcg@10:0.62637
[833]	validation_0-ndcg@10:0.62635
[834]	validation_0-ndcg@10:0.62645
[835]	validation_0-ndcg@10:0.62643
[836]	validation_0-ndcg@10:0.62641
[837]	validation_0-ndcg@10:0.62632
[838]	validation_0-ndcg@10:0.62635
[839]	validation_0-ndcg@10:0.62634
[840]	validation_0-ndcg@10:0.62634
[841]	validation_0-ndcg@10:0.62643
[842]	validation_0-ndcg@10:0.62640
[843]	validation_0-ndcg@10:0.62646
[844]	validation_0-ndcg@10:0.62652
[845]	validation_0-ndcg@10:0.62651
[846]	validation_0-ndcg@10:0.62648
[847]	validation_0-ndcg@10:0.62664
[848]	validation_0-ndcg@10:0.62668
[849]	validation_0-ndcg@10:0.62671
[23:02:29]   raw ranker MRR on ranker eval=0.549600
[23:02:29]   blend alpha=0.00 MRR=0.403522
[23:02:29]   blend alpha=0.05 MRR=0.411174
[23:02:29]   blend alpha=0.10 MRR=0.419848
[23:02:29]   blend alpha=0.15 MRR=0.429076
[23:02:29]   blend alpha=0.20 MRR=0.438285
[23:02:29]   blend alpha=0.25 MRR=0.448851
[23:02:29]   blend alpha=0.30 MRR=0.457803
[23:02:29]   blend alpha=0.35 MRR=0.467894
[23:02:29]   blend alpha=0.40 MRR=0.476796
[23:02:29]   blend alpha=0.45 MRR=0.484549
[23:02:30]   blend alpha=0.50 MRR=0.491292
[23:02:30]   blend alpha=0.55 MRR=0.498166
[23:02:30]   blend alpha=0.60 MRR=0.504723
[23:02:30]   blend alpha=0.65 MRR=0.510636
[23:02:30]   blend alpha=0.70 MRR=0.517291
[23:02:30]   blend alpha=0.75 MRR=0.524229
[23:02:30]   blend alpha=0.80 MRR=0.531949
[23:02:30]   blend alpha=0.85 MRR=0.538470
[23:02:30]   blend alpha=0.90 MRR=0.543754
[23:02:30]   blend alpha=0.95 MRR=0.547708
[23:02:30]   blend alpha=1.00 MRR=0.549600
[23:02:30]   selected ranker use=True alpha=1.00 base=0.403522 best=0.549600
[23:02:30] Building full history for dataset2
[23:02:31]   building pair aggregates
[23:02:32]   building transition aggregates
[23:02:33]   building skip-transition aggregates
[23:02:38]   building node aggregates
[23:02:38]   building recent source histories
[23:02:40]   building directed graph SVD embeddings dim=32
[23:02:41]   building reverse directed graph SVD embeddings dim=32
[23:02:56] Scoring dataset2
[23:03:07]   wrote ranker rows 1500/153420 to dataset2.csv
[23:03:18]   wrote ranker rows 3000/153420 to dataset2.csv
[23:03:28]   wrote ranker rows 4500/153420 to dataset2.csv
[23:03:38]   wrote ranker rows 6000/153420 to dataset2.csv
[23:03:48]   wrote ranker rows 7500/153420 to dataset2.csv
[23:03:59]   wrote ranker rows 9000/153420 to dataset2.csv
[23:04:09]   wrote ranker rows 10500/153420 to dataset2.csv
[23:04:19]   wrote ranker rows 12000/153420 to dataset2.csv
[23:04:27]   wrote ranker rows 13500/153420 to dataset2.csv
[23:04:36]   wrote ranker rows 15000/153420 to dataset2.csv
[23:04:44]   wrote ranker rows 16500/153420 to dataset2.csv
[23:04:53]   wrote ranker rows 18000/153420 to dataset2.csv
[23:05:01]   wrote ranker rows 19500/153420 to dataset2.csv
[23:05:10]   wrote ranker rows 21000/153420 to dataset2.csv
[23:05:19]   wrote ranker rows 22500/153420 to dataset2.csv
[23:05:27]   wrote ranker rows 24000/153420 to dataset2.csv
[23:05:35]   wrote ranker rows 25500/153420 to dataset2.csv
[23:05:44]   wrote ranker rows 27000/153420 to dataset2.csv
[23:05:52]   wrote ranker rows 28500/153420 to dataset2.csv
[23:06:01]   wrote ranker rows 30000/153420 to dataset2.csv
[23:06:10]   wrote ranker rows 31500/153420 to dataset2.csv
[23:06:18]   wrote ranker rows 33000/153420 to dataset2.csv
[23:06:27]   wrote ranker rows 34500/153420 to dataset2.csv
[23:06:35]   wrote ranker rows 36000/153420 to dataset2.csv
[23:06:44]   wrote ranker rows 37500/153420 to dataset2.csv
[23:06:53]   wrote ranker rows 39000/153420 to dataset2.csv
[23:07:02]   wrote ranker rows 40500/153420 to dataset2.csv
[23:07:11]   wrote ranker rows 42000/153420 to dataset2.csv
[23:07:20]   wrote ranker rows 43500/153420 to dataset2.csv
[23:07:29]   wrote ranker rows 45000/153420 to dataset2.csv
[23:07:37]   wrote ranker rows 46500/153420 to dataset2.csv
[23:07:46]   wrote ranker rows 48000/153420 to dataset2.csv
[23:07:55]   wrote ranker rows 49500/153420 to dataset2.csv
[23:08:04]   wrote ranker rows 51000/153420 to dataset2.csv
[23:08:13]   wrote ranker rows 52500/153420 to dataset2.csv
[23:08:22]   wrote ranker rows 54000/153420 to dataset2.csv
[23:08:30]   wrote ranker rows 55500/153420 to dataset2.csv
[23:08:39]   wrote ranker rows 57000/153420 to dataset2.csv
[23:08:47]   wrote ranker rows 58500/153420 to dataset2.csv
[23:08:55]   wrote ranker rows 60000/153420 to dataset2.csv
[23:09:03]   wrote ranker rows 61500/153420 to dataset2.csv
[23:09:12]   wrote ranker rows 63000/153420 to dataset2.csv
[23:09:22]   wrote ranker rows 64500/153420 to dataset2.csv
[23:09:30]   wrote ranker rows 66000/153420 to dataset2.csv
[23:09:39]   wrote ranker rows 67500/153420 to dataset2.csv
[23:09:48]   wrote ranker rows 69000/153420 to dataset2.csv
[23:09:57]   wrote ranker rows 70500/153420 to dataset2.csv
[23:10:05]   wrote ranker rows 72000/153420 to dataset2.csv
[23:10:15]   wrote ranker rows 73500/153420 to dataset2.csv
[23:10:23]   wrote ranker rows 75000/153420 to dataset2.csv
[23:10:31]   wrote ranker rows 76500/153420 to dataset2.csv
[23:10:40]   wrote ranker rows 78000/153420 to dataset2.csv
[23:11:04]   wrote ranker rows 79500/153420 to dataset2.csv
[23:11:12]   wrote ranker rows 81000/153420 to dataset2.csv
[23:11:21]   wrote ranker rows 82500/153420 to dataset2.csv
[23:11:32]   wrote ranker rows 84000/153420 to dataset2.csv
[23:11:40]   wrote ranker rows 85500/153420 to dataset2.csv
[23:11:49]   wrote ranker rows 87000/153420 to dataset2.csv
[23:11:58]   wrote ranker rows 88500/153420 to dataset2.csv
[23:12:06]   wrote ranker rows 90000/153420 to dataset2.csv
[23:12:15]   wrote ranker rows 91500/153420 to dataset2.csv
[23:12:23]   wrote ranker rows 93000/153420 to dataset2.csv
[23:12:34]   wrote ranker rows 94500/153420 to dataset2.csv
[23:12:45]   wrote ranker rows 96000/153420 to dataset2.csv
[23:12:56]   wrote ranker rows 97500/153420 to dataset2.csv
[23:13:07]   wrote ranker rows 99000/153420 to dataset2.csv
[23:13:18]   wrote ranker rows 100500/153420 to dataset2.csv
[23:13:28]   wrote ranker rows 102000/153420 to dataset2.csv
[23:13:36]   wrote ranker rows 103500/153420 to dataset2.csv
[23:13:46]   wrote ranker rows 105000/153420 to dataset2.csv
[23:13:56]   wrote ranker rows 106500/153420 to dataset2.csv
[23:14:07]   wrote ranker rows 108000/153420 to dataset2.csv
[23:14:16]   wrote ranker rows 109500/153420 to dataset2.csv
[23:14:25]   wrote ranker rows 111000/153420 to dataset2.csv
[23:14:35]   wrote ranker rows 112500/153420 to dataset2.csv
[23:14:44]   wrote ranker rows 114000/153420 to dataset2.csv
[23:14:54]   wrote ranker rows 115500/153420 to dataset2.csv
[23:15:03]   wrote ranker rows 117000/153420 to dataset2.csv
[23:15:12]   wrote ranker rows 118500/153420 to dataset2.csv
[23:15:21]   wrote ranker rows 120000/153420 to dataset2.csv
[23:15:29]   wrote ranker rows 121500/153420 to dataset2.csv
[23:15:38]   wrote ranker rows 123000/153420 to dataset2.csv
[23:15:47]   wrote ranker rows 124500/153420 to dataset2.csv
[23:15:57]   wrote ranker rows 126000/153420 to dataset2.csv
[23:16:06]   wrote ranker rows 127500/153420 to dataset2.csv
[23:16:15]   wrote ranker rows 129000/153420 to dataset2.csv
[23:16:23]   wrote ranker rows 130500/153420 to dataset2.csv
[23:16:32]   wrote ranker rows 132000/153420 to dataset2.csv
[23:16:42]   wrote ranker rows 133500/153420 to dataset2.csv
[23:16:51]   wrote ranker rows 135000/153420 to dataset2.csv
[23:17:00]   wrote ranker rows 136500/153420 to dataset2.csv
[23:17:10]   wrote ranker rows 138000/153420 to dataset2.csv
[23:17:18]   wrote ranker rows 139500/153420 to dataset2.csv
[23:17:28]   wrote ranker rows 141000/153420 to dataset2.csv
[23:17:37]   wrote ranker rows 142500/153420 to dataset2.csv
[23:17:46]   wrote ranker rows 144000/153420 to dataset2.csv
[23:17:55]   wrote ranker rows 145500/153420 to dataset2.csv
[23:18:04]   wrote ranker rows 147000/153420 to dataset2.csv
[23:18:13]   wrote ranker rows 148500/153420 to dataset2.csv
[23:18:23]   wrote ranker rows 150000/153420 to dataset2.csv
[23:18:33]   wrote ranker rows 151500/153420 to dataset2.csv
[23:18:41]   wrote ranker rows 153000/153420 to dataset2.csv
[23:18:44]   wrote ranker rows 153420/153420 to dataset2.csv
[23:18:58] Created formal_track1\result_v62_d1ranker_d2v61_130k_850_ndcg_local.zip (90.13 MB)
[23:18:58] Done
