[12:48:05] Reading dataset1
[12:48:05] Using fixed best weights for dataset1: validation MRR=0.672611
[12:48:05] Building full history for dataset1
[12:48:05]   building pair aggregates
[12:48:05]   building transition aggregates
[12:48:06]   building skip-transition aggregates
[12:48:06]   building node aggregates
[12:48:06]   building recent source histories
[12:48:07] Scoring dataset1
[12:48:10]   wrote rows 12000/61051 to dataset1.csv
[12:48:13]   wrote rows 24000/61051 to dataset1.csv
[12:48:16]   wrote rows 36000/61051 to dataset1.csv
[12:48:18]   wrote rows 48000/61051 to dataset1.csv
[12:48:21]   wrote rows 60000/61051 to dataset1.csv
[12:48:22]   wrote rows 61051/61051 to dataset1.csv
[12:48:22] Reading dataset2
[12:48:23] Training XGBoost GPU ranker for dataset2
[12:48:24]   selected 88/149 ranker features (no_pos=True, all_features=False)
[12:48:24]   building pair aggregates
[12:48:24]   building transition aggregates
[12:48:25]   building skip-transition aggregates
[12:48:30]   building node aggregates
[12:48:30]   building recent source histories
[12:48:32]   ranker train groups=108000, eval groups=12000
[12:48:41]   built ranker features 1500/108000
[12:48:51]   built ranker features 3000/108000
[12:48:59]   built ranker features 4500/108000
[12:49:07]   built ranker features 6000/108000
[12:49:15]   built ranker features 7500/108000
[12:49:23]   built ranker features 9000/108000
[12:49:31]   built ranker features 10500/108000
[12:49:40]   built ranker features 12000/108000
[12:49:49]   built ranker features 13500/108000
[12:49:58]   built ranker features 15000/108000
[12:50:08]   built ranker features 16500/108000
[12:50:17]   built ranker features 18000/108000
[12:50:26]   built ranker features 19500/108000
[12:50:37]   built ranker features 21000/108000
[12:50:46]   built ranker features 22500/108000
[12:50:55]   built ranker features 24000/108000
[12:51:04]   built ranker features 25500/108000
[12:51:14]   built ranker features 27000/108000
[12:51:24]   built ranker features 28500/108000
[12:51:33]   built ranker features 30000/108000
[12:51:41]   built ranker features 31500/108000
[12:51:49]   built ranker features 33000/108000
[12:51:57]   built ranker features 34500/108000
[12:52:06]   built ranker features 36000/108000
[12:52:14]   built ranker features 37500/108000
[12:52:23]   built ranker features 39000/108000
[12:52:31]   built ranker features 40500/108000
[12:52:39]   built ranker features 42000/108000
[12:52:46]   built ranker features 43500/108000
[12:52:54]   built ranker features 45000/108000
[12:53:03]   built ranker features 46500/108000
[12:53:11]   built ranker features 48000/108000
[12:53:19]   built ranker features 49500/108000
[12:53:27]   built ranker features 51000/108000
[12:53:35]   built ranker features 52500/108000
[12:53:43]   built ranker features 54000/108000
[12:53:51]   built ranker features 55500/108000
[12:54:00]   built ranker features 57000/108000
[12:54:08]   built ranker features 58500/108000
[12:54:16]   built ranker features 60000/108000
[12:54:24]   built ranker features 61500/108000
[12:54:32]   built ranker features 63000/108000
[12:54:42]   built ranker features 64500/108000
[12:54:51]   built ranker features 66000/108000
[12:55:00]   built ranker features 67500/108000
[12:55:08]   built ranker features 69000/108000
[12:55:18]   built ranker features 70500/108000
[12:55:27]   built ranker features 72000/108000
[12:55:36]   built ranker features 73500/108000
[12:55:44]   built ranker features 75000/108000
[12:55:52]   built ranker features 76500/108000
[12:56:01]   built ranker features 78000/108000
[12:56:10]   built ranker features 79500/108000
[12:56:19]   built ranker features 81000/108000
[12:56:28]   built ranker features 82500/108000
[12:56:37]   built ranker features 84000/108000
[12:56:46]   built ranker features 85500/108000
[12:56:54]   built ranker features 87000/108000
[12:57:03]   built ranker features 88500/108000
[12:57:13]   built ranker features 90000/108000
[12:57:22]   built ranker features 91500/108000
[12:57:31]   built ranker features 93000/108000
[12:57:40]   built ranker features 94500/108000
[12:57:49]   built ranker features 96000/108000
[12:57:56]   built ranker features 97500/108000
[12:58:04]   built ranker features 99000/108000
[12:58:12]   built ranker features 100500/108000
[12:58:23]   built ranker features 102000/108000
[12:58:31]   built ranker features 103500/108000
[12:58:40]   built ranker features 105000/108000
[12:58:49]   built ranker features 106500/108000
[12:58:57]   built ranker features 108000/108000
[12:59:05]   built ranker features 1500/12000
[12:59:13]   built ranker features 3000/12000
[12:59:21]   built ranker features 4500/12000
[12:59:30]   built ranker features 6000/12000
[12:59:39]   built ranker features 7500/12000
[12:59:47]   built ranker features 9000/12000
[12:59:56]   built ranker features 10500/12000
[13:00:05]   built ranker features 12000/12000
[13:00:05]   V18 feature baseline MRR on ranker eval=0.404034
[0]	validation_0-ndcg@10:0.45891
[1]	validation_0-ndcg@10:0.52552
[2]	validation_0-ndcg@10:0.53183
[3]	validation_0-ndcg@10:0.53264
[4]	validation_0-ndcg@10:0.53215
[5]	validation_0-ndcg@10:0.53322
[6]	validation_0-ndcg@10:0.53347
[7]	validation_0-ndcg@10:0.53332
[8]	validation_0-ndcg@10:0.53354
[9]	validation_0-ndcg@10:0.53416
[10]	validation_0-ndcg@10:0.53377
[11]	validation_0-ndcg@10:0.53384
[12]	validation_0-ndcg@10:0.53391
[13]	validation_0-ndcg@10:0.53353
[14]	validation_0-ndcg@10:0.53371
[15]	validation_0-ndcg@10:0.53421
[16]	validation_0-ndcg@10:0.53438
[17]	validation_0-ndcg@10:0.53433
[18]	validation_0-ndcg@10:0.53450
[19]	validation_0-ndcg@10:0.53464
[20]	validation_0-ndcg@10:0.53463
[21]	validation_0-ndcg@10:0.53459
[22]	validation_0-ndcg@10:0.53449
[23]	validation_0-ndcg@10:0.53443
[24]	validation_0-ndcg@10:0.53453
[25]	validation_0-ndcg@10:0.53454
[26]	validation_0-ndcg@10:0.53469
[27]	validation_0-ndcg@10:0.53464
[28]	validation_0-ndcg@10:0.53486
[29]	validation_0-ndcg@10:0.53487
[30]	validation_0-ndcg@10:0.53493
[31]	validation_0-ndcg@10:0.53499
[32]	validation_0-ndcg@10:0.53504
[33]	validation_0-ndcg@10:0.53495
[34]	validation_0-ndcg@10:0.53515
[35]	validation_0-ndcg@10:0.53530
[36]	validation_0-ndcg@10:0.53530
[37]	validation_0-ndcg@10:0.53513
[38]	validation_0-ndcg@10:0.53522
[39]	validation_0-ndcg@10:0.53529
[40]	validation_0-ndcg@10:0.53539
[41]	validation_0-ndcg@10:0.53535
[42]	validation_0-ndcg@10:0.53559
[43]	validation_0-ndcg@10:0.53560
[44]	validation_0-ndcg@10:0.53547
[45]	validation_0-ndcg@10:0.53546
[46]	validation_0-ndcg@10:0.53542
[47]	validation_0-ndcg@10:0.53541
[48]	validation_0-ndcg@10:0.53541
[49]	validation_0-ndcg@10:0.53533
[50]	validation_0-ndcg@10:0.53533
[51]	validation_0-ndcg@10:0.53533
[52]	validation_0-ndcg@10:0.53531
[53]	validation_0-ndcg@10:0.53533
[54]	validation_0-ndcg@10:0.53536
[55]	validation_0-ndcg@10:0.53530
[56]	validation_0-ndcg@10:0.53522
[57]	validation_0-ndcg@10:0.53508
[58]	validation_0-ndcg@10:0.53522
[59]	validation_0-ndcg@10:0.53535
[60]	validation_0-ndcg@10:0.53538
[61]	validation_0-ndcg@10:0.53545
[62]	validation_0-ndcg@10:0.53547
[63]	validation_0-ndcg@10:0.53542
[64]	validation_0-ndcg@10:0.53563
[65]	validation_0-ndcg@10:0.53556
[66]	validation_0-ndcg@10:0.53558
[67]	validation_0-ndcg@10:0.53551
[68]	validation_0-ndcg@10:0.53554
[69]	validation_0-ndcg@10:0.53546
[70]	validation_0-ndcg@10:0.53563
[71]	validation_0-ndcg@10:0.53555
[72]	validation_0-ndcg@10:0.53556
[73]	validation_0-ndcg@10:0.53543
[74]	validation_0-ndcg@10:0.53552
[75]	validation_0-ndcg@10:0.53545
[76]	validation_0-ndcg@10:0.53551
[77]	validation_0-ndcg@10:0.53559
[78]	validation_0-ndcg@10:0.53565
[79]	validation_0-ndcg@10:0.53590
[80]	validation_0-ndcg@10:0.53596
[81]	validation_0-ndcg@10:0.53603
[82]	validation_0-ndcg@10:0.53604
[83]	validation_0-ndcg@10:0.53611
[84]	validation_0-ndcg@10:0.53608
[85]	validation_0-ndcg@10:0.53610
[86]	validation_0-ndcg@10:0.53608
[87]	validation_0-ndcg@10:0.53618
[88]	validation_0-ndcg@10:0.53629
[89]	validation_0-ndcg@10:0.53632
[90]	validation_0-ndcg@10:0.53628
[91]	validation_0-ndcg@10:0.53637
[92]	validation_0-ndcg@10:0.53636
[93]	validation_0-ndcg@10:0.53631
[94]	validation_0-ndcg@10:0.53634
[95]	validation_0-ndcg@10:0.53644
[96]	validation_0-ndcg@10:0.53664
[97]	validation_0-ndcg@10:0.53677
[98]	validation_0-ndcg@10:0.53680
[99]	validation_0-ndcg@10:0.53671
[100]	validation_0-ndcg@10:0.53663
[101]	validation_0-ndcg@10:0.53667
[102]	validation_0-ndcg@10:0.53667
[103]	validation_0-ndcg@10:0.53680
[104]	validation_0-ndcg@10:0.53669
[105]	validation_0-ndcg@10:0.53674
[106]	validation_0-ndcg@10:0.53676
[107]	validation_0-ndcg@10:0.53677
[108]	validation_0-ndcg@10:0.53669
[109]	validation_0-ndcg@10:0.53689
[110]	validation_0-ndcg@10:0.53697
[111]	validation_0-ndcg@10:0.53696
[112]	validation_0-ndcg@10:0.53694
[113]	validation_0-ndcg@10:0.53718
[114]	validation_0-ndcg@10:0.53730
[115]	validation_0-ndcg@10:0.53724
[116]	validation_0-ndcg@10:0.53724
[117]	validation_0-ndcg@10:0.53721
[118]	validation_0-ndcg@10:0.53725
[119]	validation_0-ndcg@10:0.53741
[120]	validation_0-ndcg@10:0.53741
[121]	validation_0-ndcg@10:0.53748
[122]	validation_0-ndcg@10:0.53762
[123]	validation_0-ndcg@10:0.53766
[124]	validation_0-ndcg@10:0.53756
[125]	validation_0-ndcg@10:0.53758
[126]	validation_0-ndcg@10:0.53759
[127]	validation_0-ndcg@10:0.53753
[128]	validation_0-ndcg@10:0.53758
[129]	validation_0-ndcg@10:0.53764
[130]	validation_0-ndcg@10:0.53767
[131]	validation_0-ndcg@10:0.53770
[132]	validation_0-ndcg@10:0.53773
[133]	validation_0-ndcg@10:0.53765
[134]	validation_0-ndcg@10:0.53764
[135]	validation_0-ndcg@10:0.53769
[136]	validation_0-ndcg@10:0.53775
[137]	validation_0-ndcg@10:0.53771
[138]	validation_0-ndcg@10:0.53774
[139]	validation_0-ndcg@10:0.53788
[140]	validation_0-ndcg@10:0.53779
[141]	validation_0-ndcg@10:0.53789
[142]	validation_0-ndcg@10:0.53783
[143]	validation_0-ndcg@10:0.53787
[144]	validation_0-ndcg@10:0.53783
[145]	validation_0-ndcg@10:0.53791
[146]	validation_0-ndcg@10:0.53792
[147]	validation_0-ndcg@10:0.53796
[148]	validation_0-ndcg@10:0.53798
[149]	validation_0-ndcg@10:0.53795
[150]	validation_0-ndcg@10:0.53790
[151]	validation_0-ndcg@10:0.53797
[152]	validation_0-ndcg@10:0.53802
[153]	validation_0-ndcg@10:0.53809
[154]	validation_0-ndcg@10:0.53803
[155]	validation_0-ndcg@10:0.53801
[156]	validation_0-ndcg@10:0.53812
[157]	validation_0-ndcg@10:0.53807
[158]	validation_0-ndcg@10:0.53822
[159]	validation_0-ndcg@10:0.53829
[160]	validation_0-ndcg@10:0.53823
[161]	validation_0-ndcg@10:0.53824
[162]	validation_0-ndcg@10:0.53834
[163]	validation_0-ndcg@10:0.53844
[164]	validation_0-ndcg@10:0.53839
[165]	validation_0-ndcg@10:0.53844
[166]	validation_0-ndcg@10:0.53843
[167]	validation_0-ndcg@10:0.53840
[168]	validation_0-ndcg@10:0.53844
[169]	validation_0-ndcg@10:0.53840
[170]	validation_0-ndcg@10:0.53845
[171]	validation_0-ndcg@10:0.53858
[172]	validation_0-ndcg@10:0.53847
[173]	validation_0-ndcg@10:0.53853
[174]	validation_0-ndcg@10:0.53860
[175]	validation_0-ndcg@10:0.53860
[176]	validation_0-ndcg@10:0.53864
[177]	validation_0-ndcg@10:0.53858
[178]	validation_0-ndcg@10:0.53853
[179]	validation_0-ndcg@10:0.53858
[180]	validation_0-ndcg@10:0.53864
[181]	validation_0-ndcg@10:0.53861
[182]	validation_0-ndcg@10:0.53864
[183]	validation_0-ndcg@10:0.53862
[184]	validation_0-ndcg@10:0.53875
[185]	validation_0-ndcg@10:0.53870
[186]	validation_0-ndcg@10:0.53881
[187]	validation_0-ndcg@10:0.53873
[188]	validation_0-ndcg@10:0.53891
[189]	validation_0-ndcg@10:0.53895
[190]	validation_0-ndcg@10:0.53892
[191]	validation_0-ndcg@10:0.53905
[192]	validation_0-ndcg@10:0.53899
[193]	validation_0-ndcg@10:0.53900
[194]	validation_0-ndcg@10:0.53915
[195]	validation_0-ndcg@10:0.53916
[196]	validation_0-ndcg@10:0.53924
[197]	validation_0-ndcg@10:0.53928
[198]	validation_0-ndcg@10:0.53932
[199]	validation_0-ndcg@10:0.53931
[200]	validation_0-ndcg@10:0.53931
[201]	validation_0-ndcg@10:0.53937
[202]	validation_0-ndcg@10:0.53927
[203]	validation_0-ndcg@10:0.53934
[204]	validation_0-ndcg@10:0.53935
[205]	validation_0-ndcg@10:0.53938
[206]	validation_0-ndcg@10:0.53940
[207]	validation_0-ndcg@10:0.53933
[208]	validation_0-ndcg@10:0.53929
[209]	validation_0-ndcg@10:0.53936
[210]	validation_0-ndcg@10:0.53938
[211]	validation_0-ndcg@10:0.53942
[212]	validation_0-ndcg@10:0.53944
[213]	validation_0-ndcg@10:0.53955
[214]	validation_0-ndcg@10:0.53945
[215]	validation_0-ndcg@10:0.53965
[216]	validation_0-ndcg@10:0.53965
[217]	validation_0-ndcg@10:0.53968
[218]	validation_0-ndcg@10:0.53967
[219]	validation_0-ndcg@10:0.53974
[220]	validation_0-ndcg@10:0.53981
[221]	validation_0-ndcg@10:0.53989
[222]	validation_0-ndcg@10:0.54001
[223]	validation_0-ndcg@10:0.54000
[224]	validation_0-ndcg@10:0.53993
[225]	validation_0-ndcg@10:0.54002
[226]	validation_0-ndcg@10:0.54007
[227]	validation_0-ndcg@10:0.54012
[228]	validation_0-ndcg@10:0.54014
[229]	validation_0-ndcg@10:0.54023
[230]	validation_0-ndcg@10:0.54013
[231]	validation_0-ndcg@10:0.54013
[232]	validation_0-ndcg@10:0.54019
[233]	validation_0-ndcg@10:0.54021
[234]	validation_0-ndcg@10:0.54026
[235]	validation_0-ndcg@10:0.54023
[236]	validation_0-ndcg@10:0.54033
[237]	validation_0-ndcg@10:0.54019
[238]	validation_0-ndcg@10:0.54020
[239]	validation_0-ndcg@10:0.54021
[240]	validation_0-ndcg@10:0.54020
[241]	validation_0-ndcg@10:0.54033
[242]	validation_0-ndcg@10:0.54023
[243]	validation_0-ndcg@10:0.54018
[244]	validation_0-ndcg@10:0.54034
[245]	validation_0-ndcg@10:0.54049
[246]	validation_0-ndcg@10:0.54052
[247]	validation_0-ndcg@10:0.54052
[248]	validation_0-ndcg@10:0.54060
[249]	validation_0-ndcg@10:0.54063
[250]	validation_0-ndcg@10:0.54062
[251]	validation_0-ndcg@10:0.54061
[252]	validation_0-ndcg@10:0.54072
[253]	validation_0-ndcg@10:0.54068
[254]	validation_0-ndcg@10:0.54071
[255]	validation_0-ndcg@10:0.54080
[256]	validation_0-ndcg@10:0.54087
[257]	validation_0-ndcg@10:0.54089
[258]	validation_0-ndcg@10:0.54084
[259]	validation_0-ndcg@10:0.54094
[260]	validation_0-ndcg@10:0.54094
[261]	validation_0-ndcg@10:0.54092
[262]	validation_0-ndcg@10:0.54094
[263]	validation_0-ndcg@10:0.54102
[264]	validation_0-ndcg@10:0.54099
[265]	validation_0-ndcg@10:0.54099
[266]	validation_0-ndcg@10:0.54099
[267]	validation_0-ndcg@10:0.54097
[268]	validation_0-ndcg@10:0.54091
[269]	validation_0-ndcg@10:0.54101
[270]	validation_0-ndcg@10:0.54101
[271]	validation_0-ndcg@10:0.54100
[272]	validation_0-ndcg@10:0.54095
[273]	validation_0-ndcg@10:0.54109
[274]	validation_0-ndcg@10:0.54107
[275]	validation_0-ndcg@10:0.54114
[276]	validation_0-ndcg@10:0.54116
[277]	validation_0-ndcg@10:0.54129
[278]	validation_0-ndcg@10:0.54133
[279]	validation_0-ndcg@10:0.54149
[280]	validation_0-ndcg@10:0.54159
[281]	validation_0-ndcg@10:0.54149
[282]	validation_0-ndcg@10:0.54155
[283]	validation_0-ndcg@10:0.54158
[284]	validation_0-ndcg@10:0.54155
[285]	validation_0-ndcg@10:0.54155
[286]	validation_0-ndcg@10:0.54172
[287]	validation_0-ndcg@10:0.54167
[288]	validation_0-ndcg@10:0.54166
[289]	validation_0-ndcg@10:0.54182
[290]	validation_0-ndcg@10:0.54175
[291]	validation_0-ndcg@10:0.54175
[292]	validation_0-ndcg@10:0.54183
[293]	validation_0-ndcg@10:0.54183
[294]	validation_0-ndcg@10:0.54189
[295]	validation_0-ndcg@10:0.54187
[296]	validation_0-ndcg@10:0.54174
[297]	validation_0-ndcg@10:0.54177
[298]	validation_0-ndcg@10:0.54178
[299]	validation_0-ndcg@10:0.54181
[300]	validation_0-ndcg@10:0.54185
[301]	validation_0-ndcg@10:0.54183
[302]	validation_0-ndcg@10:0.54189
[303]	validation_0-ndcg@10:0.54194
[304]	validation_0-ndcg@10:0.54201
[305]	validation_0-ndcg@10:0.54201
[306]	validation_0-ndcg@10:0.54205
[307]	validation_0-ndcg@10:0.54204
[308]	validation_0-ndcg@10:0.54204
[309]	validation_0-ndcg@10:0.54206
[310]	validation_0-ndcg@10:0.54207
[311]	validation_0-ndcg@10:0.54208
[312]	validation_0-ndcg@10:0.54215
[313]	validation_0-ndcg@10:0.54212
[314]	validation_0-ndcg@10:0.54212
[315]	validation_0-ndcg@10:0.54213
[316]	validation_0-ndcg@10:0.54217
[317]	validation_0-ndcg@10:0.54222
[318]	validation_0-ndcg@10:0.54220
[319]	validation_0-ndcg@10:0.54220
[320]	validation_0-ndcg@10:0.54222
[321]	validation_0-ndcg@10:0.54217
[322]	validation_0-ndcg@10:0.54215
[323]	validation_0-ndcg@10:0.54225
[324]	validation_0-ndcg@10:0.54221
[325]	validation_0-ndcg@10:0.54229
[326]	validation_0-ndcg@10:0.54225
[327]	validation_0-ndcg@10:0.54228
[328]	validation_0-ndcg@10:0.54235
[329]	validation_0-ndcg@10:0.54239
[330]	validation_0-ndcg@10:0.54237
[331]	validation_0-ndcg@10:0.54256
[332]	validation_0-ndcg@10:0.54251
[333]	validation_0-ndcg@10:0.54261
[334]	validation_0-ndcg@10:0.54268
[335]	validation_0-ndcg@10:0.54265
[336]	validation_0-ndcg@10:0.54269
[337]	validation_0-ndcg@10:0.54257
[338]	validation_0-ndcg@10:0.54268
[339]	validation_0-ndcg@10:0.54274
[340]	validation_0-ndcg@10:0.54274
[341]	validation_0-ndcg@10:0.54276
[342]	validation_0-ndcg@10:0.54283
[343]	validation_0-ndcg@10:0.54283
[344]	validation_0-ndcg@10:0.54282
[345]	validation_0-ndcg@10:0.54285
[346]	validation_0-ndcg@10:0.54291
[347]	validation_0-ndcg@10:0.54293
[348]	validation_0-ndcg@10:0.54293
[349]	validation_0-ndcg@10:0.54301
[350]	validation_0-ndcg@10:0.54296
[351]	validation_0-ndcg@10:0.54303
[352]	validation_0-ndcg@10:0.54300
[353]	validation_0-ndcg@10:0.54304
[354]	validation_0-ndcg@10:0.54305
[355]	validation_0-ndcg@10:0.54311
[356]	validation_0-ndcg@10:0.54300
[357]	validation_0-ndcg@10:0.54314
[358]	validation_0-ndcg@10:0.54317
[359]	validation_0-ndcg@10:0.54322
[360]	validation_0-ndcg@10:0.54325
[361]	validation_0-ndcg@10:0.54327
[362]	validation_0-ndcg@10:0.54332
[363]	validation_0-ndcg@10:0.54344
[364]	validation_0-ndcg@10:0.54344
[365]	validation_0-ndcg@10:0.54343
[366]	validation_0-ndcg@10:0.54339
[367]	validation_0-ndcg@10:0.54344
[368]	validation_0-ndcg@10:0.54342
[369]	validation_0-ndcg@10:0.54340
[370]	validation_0-ndcg@10:0.54342
[371]	validation_0-ndcg@10:0.54342
[372]	validation_0-ndcg@10:0.54344
[373]	validation_0-ndcg@10:0.54350
[374]	validation_0-ndcg@10:0.54352
[375]	validation_0-ndcg@10:0.54354
[376]	validation_0-ndcg@10:0.54356
[377]	validation_0-ndcg@10:0.54356
[378]	validation_0-ndcg@10:0.54355
[379]	validation_0-ndcg@10:0.54353
[380]	validation_0-ndcg@10:0.54357
[381]	validation_0-ndcg@10:0.54361
[382]	validation_0-ndcg@10:0.54363
[383]	validation_0-ndcg@10:0.54359
[384]	validation_0-ndcg@10:0.54364
[385]	validation_0-ndcg@10:0.54375
[386]	validation_0-ndcg@10:0.54370
[387]	validation_0-ndcg@10:0.54369
[388]	validation_0-ndcg@10:0.54369
[389]	validation_0-ndcg@10:0.54357
[390]	validation_0-ndcg@10:0.54364
[391]	validation_0-ndcg@10:0.54365
[392]	validation_0-ndcg@10:0.54369
[393]	validation_0-ndcg@10:0.54367
[394]	validation_0-ndcg@10:0.54368
[395]	validation_0-ndcg@10:0.54374
[396]	validation_0-ndcg@10:0.54373
[397]	validation_0-ndcg@10:0.54382
[398]	validation_0-ndcg@10:0.54382
[399]	validation_0-ndcg@10:0.54387
[400]	validation_0-ndcg@10:0.54389
[401]	validation_0-ndcg@10:0.54386
[402]	validation_0-ndcg@10:0.54380
[403]	validation_0-ndcg@10:0.54376
[404]	validation_0-ndcg@10:0.54383
[405]	validation_0-ndcg@10:0.54386
[406]	validation_0-ndcg@10:0.54387
[407]	validation_0-ndcg@10:0.54380
[408]	validation_0-ndcg@10:0.54377
[409]	validation_0-ndcg@10:0.54381
[410]	validation_0-ndcg@10:0.54386
[411]	validation_0-ndcg@10:0.54390
[412]	validation_0-ndcg@10:0.54393
[413]	validation_0-ndcg@10:0.54390
[414]	validation_0-ndcg@10:0.54392
[415]	validation_0-ndcg@10:0.54391
[416]	validation_0-ndcg@10:0.54382
[417]	validation_0-ndcg@10:0.54388
[418]	validation_0-ndcg@10:0.54390
[419]	validation_0-ndcg@10:0.54387
[420]	validation_0-ndcg@10:0.54397
[421]	validation_0-ndcg@10:0.54408
[422]	validation_0-ndcg@10:0.54408
[423]	validation_0-ndcg@10:0.54408
[424]	validation_0-ndcg@10:0.54413
[425]	validation_0-ndcg@10:0.54410
[426]	validation_0-ndcg@10:0.54412
[427]	validation_0-ndcg@10:0.54409
[428]	validation_0-ndcg@10:0.54410
[429]	validation_0-ndcg@10:0.54410
[430]	validation_0-ndcg@10:0.54413
[431]	validation_0-ndcg@10:0.54411
[432]	validation_0-ndcg@10:0.54416
[433]	validation_0-ndcg@10:0.54424
[434]	validation_0-ndcg@10:0.54418
[435]	validation_0-ndcg@10:0.54421
[436]	validation_0-ndcg@10:0.54431
[437]	validation_0-ndcg@10:0.54426
[438]	validation_0-ndcg@10:0.54433
[439]	validation_0-ndcg@10:0.54431
[440]	validation_0-ndcg@10:0.54431
[441]	validation_0-ndcg@10:0.54450
[442]	validation_0-ndcg@10:0.54461
[443]	validation_0-ndcg@10:0.54462
[444]	validation_0-ndcg@10:0.54461
[445]	validation_0-ndcg@10:0.54462
[446]	validation_0-ndcg@10:0.54458
[447]	validation_0-ndcg@10:0.54457
[448]	validation_0-ndcg@10:0.54459
[449]	validation_0-ndcg@10:0.54464
[450]	validation_0-ndcg@10:0.54451
[451]	validation_0-ndcg@10:0.54452
[452]	validation_0-ndcg@10:0.54470
[453]	validation_0-ndcg@10:0.54461
[454]	validation_0-ndcg@10:0.54473
[455]	validation_0-ndcg@10:0.54472
[456]	validation_0-ndcg@10:0.54476
[457]	validation_0-ndcg@10:0.54477
[458]	validation_0-ndcg@10:0.54469
[459]	validation_0-ndcg@10:0.54478
[460]	validation_0-ndcg@10:0.54459
[461]	validation_0-ndcg@10:0.54462
[462]	validation_0-ndcg@10:0.54466
[463]	validation_0-ndcg@10:0.54475
[464]	validation_0-ndcg@10:0.54465
[465]	validation_0-ndcg@10:0.54468
[466]	validation_0-ndcg@10:0.54471
[467]	validation_0-ndcg@10:0.54471
[468]	validation_0-ndcg@10:0.54471
[469]	validation_0-ndcg@10:0.54469
[470]	validation_0-ndcg@10:0.54476
[471]	validation_0-ndcg@10:0.54481
[472]	validation_0-ndcg@10:0.54478
[473]	validation_0-ndcg@10:0.54478
[474]	validation_0-ndcg@10:0.54475
[475]	validation_0-ndcg@10:0.54473
[476]	validation_0-ndcg@10:0.54479
[477]	validation_0-ndcg@10:0.54484
[478]	validation_0-ndcg@10:0.54474
[479]	validation_0-ndcg@10:0.54481
[480]	validation_0-ndcg@10:0.54482
[481]	validation_0-ndcg@10:0.54488
[482]	validation_0-ndcg@10:0.54483
[483]	validation_0-ndcg@10:0.54482
[484]	validation_0-ndcg@10:0.54484
[485]	validation_0-ndcg@10:0.54483
[486]	validation_0-ndcg@10:0.54495
[487]	validation_0-ndcg@10:0.54490
[488]	validation_0-ndcg@10:0.54491
[489]	validation_0-ndcg@10:0.54498
[490]	validation_0-ndcg@10:0.54500
[491]	validation_0-ndcg@10:0.54499
[492]	validation_0-ndcg@10:0.54503
[493]	validation_0-ndcg@10:0.54510
[494]	validation_0-ndcg@10:0.54507
[495]	validation_0-ndcg@10:0.54513
[496]	validation_0-ndcg@10:0.54518
[497]	validation_0-ndcg@10:0.54520
[498]	validation_0-ndcg@10:0.54528
[499]	validation_0-ndcg@10:0.54532
[500]	validation_0-ndcg@10:0.54533
[501]	validation_0-ndcg@10:0.54532
[502]	validation_0-ndcg@10:0.54533
[503]	validation_0-ndcg@10:0.54540
[504]	validation_0-ndcg@10:0.54543
[505]	validation_0-ndcg@10:0.54540
[506]	validation_0-ndcg@10:0.54541
[507]	validation_0-ndcg@10:0.54536
[508]	validation_0-ndcg@10:0.54546
[509]	validation_0-ndcg@10:0.54538
[510]	validation_0-ndcg@10:0.54540
[511]	validation_0-ndcg@10:0.54540
[512]	validation_0-ndcg@10:0.54542
[513]	validation_0-ndcg@10:0.54533
[514]	validation_0-ndcg@10:0.54535
[515]	validation_0-ndcg@10:0.54535
[516]	validation_0-ndcg@10:0.54540
[517]	validation_0-ndcg@10:0.54546
[518]	validation_0-ndcg@10:0.54549
[519]	validation_0-ndcg@10:0.54548
[520]	validation_0-ndcg@10:0.54555
[521]	validation_0-ndcg@10:0.54549
[522]	validation_0-ndcg@10:0.54550
[523]	validation_0-ndcg@10:0.54546
[524]	validation_0-ndcg@10:0.54554
[525]	validation_0-ndcg@10:0.54558
[526]	validation_0-ndcg@10:0.54558
[527]	validation_0-ndcg@10:0.54567
[528]	validation_0-ndcg@10:0.54561
[529]	validation_0-ndcg@10:0.54558
[530]	validation_0-ndcg@10:0.54564
[531]	validation_0-ndcg@10:0.54567
[532]	validation_0-ndcg@10:0.54560
[533]	validation_0-ndcg@10:0.54568
[534]	validation_0-ndcg@10:0.54576
[535]	validation_0-ndcg@10:0.54571
[536]	validation_0-ndcg@10:0.54572
[537]	validation_0-ndcg@10:0.54577
[538]	validation_0-ndcg@10:0.54582
[539]	validation_0-ndcg@10:0.54574
[540]	validation_0-ndcg@10:0.54570
[541]	validation_0-ndcg@10:0.54579
[542]	validation_0-ndcg@10:0.54571
[543]	validation_0-ndcg@10:0.54574
[544]	validation_0-ndcg@10:0.54573
[545]	validation_0-ndcg@10:0.54573
[546]	validation_0-ndcg@10:0.54575
[547]	validation_0-ndcg@10:0.54570
[548]	validation_0-ndcg@10:0.54574
[549]	validation_0-ndcg@10:0.54577
[550]	validation_0-ndcg@10:0.54577
[551]	validation_0-ndcg@10:0.54584
[552]	validation_0-ndcg@10:0.54585
[553]	validation_0-ndcg@10:0.54582
[554]	validation_0-ndcg@10:0.54583
[555]	validation_0-ndcg@10:0.54578
[556]	validation_0-ndcg@10:0.54576
[557]	validation_0-ndcg@10:0.54577
[558]	validation_0-ndcg@10:0.54575
[559]	validation_0-ndcg@10:0.54580
[560]	validation_0-ndcg@10:0.54573
[561]	validation_0-ndcg@10:0.54577
[562]	validation_0-ndcg@10:0.54575
[563]	validation_0-ndcg@10:0.54586
[564]	validation_0-ndcg@10:0.54588
[565]	validation_0-ndcg@10:0.54598
[566]	validation_0-ndcg@10:0.54597
[567]	validation_0-ndcg@10:0.54596
[568]	validation_0-ndcg@10:0.54596
[569]	validation_0-ndcg@10:0.54604
[570]	validation_0-ndcg@10:0.54598
[571]	validation_0-ndcg@10:0.54600
[572]	validation_0-ndcg@10:0.54602
[573]	validation_0-ndcg@10:0.54605
[574]	validation_0-ndcg@10:0.54609
[575]	validation_0-ndcg@10:0.54606
[576]	validation_0-ndcg@10:0.54606
[577]	validation_0-ndcg@10:0.54605
[578]	validation_0-ndcg@10:0.54601
[579]	validation_0-ndcg@10:0.54604
[580]	validation_0-ndcg@10:0.54604
[581]	validation_0-ndcg@10:0.54605
[582]	validation_0-ndcg@10:0.54602
[583]	validation_0-ndcg@10:0.54612
[584]	validation_0-ndcg@10:0.54613
[585]	validation_0-ndcg@10:0.54620
[586]	validation_0-ndcg@10:0.54626
[587]	validation_0-ndcg@10:0.54621
[588]	validation_0-ndcg@10:0.54621
[589]	validation_0-ndcg@10:0.54630
[590]	validation_0-ndcg@10:0.54634
[591]	validation_0-ndcg@10:0.54634
[592]	validation_0-ndcg@10:0.54644
[593]	validation_0-ndcg@10:0.54647
[594]	validation_0-ndcg@10:0.54636
[595]	validation_0-ndcg@10:0.54642
[596]	validation_0-ndcg@10:0.54639
[597]	validation_0-ndcg@10:0.54650
[598]	validation_0-ndcg@10:0.54654
[599]	validation_0-ndcg@10:0.54668
[600]	validation_0-ndcg@10:0.54661
[601]	validation_0-ndcg@10:0.54667
[602]	validation_0-ndcg@10:0.54662
[603]	validation_0-ndcg@10:0.54667
[604]	validation_0-ndcg@10:0.54664
[605]	validation_0-ndcg@10:0.54654
[606]	validation_0-ndcg@10:0.54671
[607]	validation_0-ndcg@10:0.54663
[608]	validation_0-ndcg@10:0.54658
[609]	validation_0-ndcg@10:0.54666
[610]	validation_0-ndcg@10:0.54670
[611]	validation_0-ndcg@10:0.54668
[612]	validation_0-ndcg@10:0.54669
[613]	validation_0-ndcg@10:0.54665
[614]	validation_0-ndcg@10:0.54665
[615]	validation_0-ndcg@10:0.54666
[616]	validation_0-ndcg@10:0.54668
[617]	validation_0-ndcg@10:0.54662
[618]	validation_0-ndcg@10:0.54660
[619]	validation_0-ndcg@10:0.54667
[13:04:58]   raw ranker MRR on ranker eval=0.472879
[13:04:58]   blend alpha=0.00 MRR=0.404034
[13:04:58]   blend alpha=0.05 MRR=0.408932
[13:04:58]   blend alpha=0.10 MRR=0.414019
[13:04:58]   blend alpha=0.15 MRR=0.420287
[13:04:58]   blend alpha=0.20 MRR=0.427203
[13:04:58]   blend alpha=0.25 MRR=0.433021
[13:04:58]   blend alpha=0.30 MRR=0.439609
[13:04:58]   blend alpha=0.35 MRR=0.445535
[13:04:58]   blend alpha=0.40 MRR=0.450528
[13:04:58]   blend alpha=0.45 MRR=0.454854
[13:04:58]   blend alpha=0.50 MRR=0.457381
[13:04:58]   blend alpha=0.55 MRR=0.459681
[13:04:58]   blend alpha=0.60 MRR=0.461597
[13:04:59]   blend alpha=0.65 MRR=0.463392
[13:04:59]   blend alpha=0.70 MRR=0.465308
[13:04:59]   blend alpha=0.75 MRR=0.466281
[13:04:59]   blend alpha=0.80 MRR=0.467820
[13:04:59]   blend alpha=0.85 MRR=0.468784
[13:04:59]   blend alpha=0.90 MRR=0.470223
[13:04:59]   blend alpha=0.95 MRR=0.471577
[13:04:59]   blend alpha=1.00 MRR=0.472879
[13:04:59]   selected ranker use=True alpha=1.00 base=0.404034 best=0.472879
[13:04:59] Building full history for dataset2
[13:05:00]   building pair aggregates
[13:05:01]   building transition aggregates
[13:05:02]   building skip-transition aggregates
[13:05:07]   building node aggregates
[13:05:07]   building recent source histories
[13:05:09] Scoring dataset2
[13:05:19]   wrote ranker rows 1500/153420 to dataset2.csv
[13:05:30]   wrote ranker rows 3000/153420 to dataset2.csv
[13:05:41]   wrote ranker rows 4500/153420 to dataset2.csv
[13:05:51]   wrote ranker rows 6000/153420 to dataset2.csv
[13:06:01]   wrote ranker rows 7500/153420 to dataset2.csv
[13:06:11]   wrote ranker rows 9000/153420 to dataset2.csv
[13:06:20]   wrote ranker rows 10500/153420 to dataset2.csv
[13:06:30]   wrote ranker rows 12000/153420 to dataset2.csv
[13:06:40]   wrote ranker rows 13500/153420 to dataset2.csv
[13:06:49]   wrote ranker rows 15000/153420 to dataset2.csv
[13:06:58]   wrote ranker rows 16500/153420 to dataset2.csv
[13:07:08]   wrote ranker rows 18000/153420 to dataset2.csv
[13:07:18]   wrote ranker rows 19500/153420 to dataset2.csv
[13:07:28]   wrote ranker rows 21000/153420 to dataset2.csv
[13:07:37]   wrote ranker rows 22500/153420 to dataset2.csv
[13:07:46]   wrote ranker rows 24000/153420 to dataset2.csv
[13:07:55]   wrote ranker rows 25500/153420 to dataset2.csv
[13:08:04]   wrote ranker rows 27000/153420 to dataset2.csv
[13:08:14]   wrote ranker rows 28500/153420 to dataset2.csv
[13:08:22]   wrote ranker rows 30000/153420 to dataset2.csv
[13:08:31]   wrote ranker rows 31500/153420 to dataset2.csv
[13:08:40]   wrote ranker rows 33000/153420 to dataset2.csv
[13:08:50]   wrote ranker rows 34500/153420 to dataset2.csv
[13:08:59]   wrote ranker rows 36000/153420 to dataset2.csv
[13:09:08]   wrote ranker rows 37500/153420 to dataset2.csv
[13:09:18]   wrote ranker rows 39000/153420 to dataset2.csv
[13:09:27]   wrote ranker rows 40500/153420 to dataset2.csv
[13:09:37]   wrote ranker rows 42000/153420 to dataset2.csv
[13:09:46]   wrote ranker rows 43500/153420 to dataset2.csv
[13:09:56]   wrote ranker rows 45000/153420 to dataset2.csv
[13:10:05]   wrote ranker rows 46500/153420 to dataset2.csv
[13:10:14]   wrote ranker rows 48000/153420 to dataset2.csv
[13:10:23]   wrote ranker rows 49500/153420 to dataset2.csv
[13:10:32]   wrote ranker rows 51000/153420 to dataset2.csv
[13:10:40]   wrote ranker rows 52500/153420 to dataset2.csv
[13:10:48]   wrote ranker rows 54000/153420 to dataset2.csv
[13:10:57]   wrote ranker rows 55500/153420 to dataset2.csv
[13:11:05]   wrote ranker rows 57000/153420 to dataset2.csv
[13:11:13]   wrote ranker rows 58500/153420 to dataset2.csv
[13:11:22]   wrote ranker rows 60000/153420 to dataset2.csv
[13:11:32]   wrote ranker rows 61500/153420 to dataset2.csv
[13:11:43]   wrote ranker rows 63000/153420 to dataset2.csv
[13:11:52]   wrote ranker rows 64500/153420 to dataset2.csv
[13:12:02]   wrote ranker rows 66000/153420 to dataset2.csv
[13:12:11]   wrote ranker rows 67500/153420 to dataset2.csv
[13:12:20]   wrote ranker rows 69000/153420 to dataset2.csv
[13:12:28]   wrote ranker rows 70500/153420 to dataset2.csv
[13:12:39]   wrote ranker rows 72000/153420 to dataset2.csv
[13:12:49]   wrote ranker rows 73500/153420 to dataset2.csv
[13:12:59]   wrote ranker rows 75000/153420 to dataset2.csv
[13:13:10]   wrote ranker rows 76500/153420 to dataset2.csv
[13:13:18]   wrote ranker rows 78000/153420 to dataset2.csv
[13:13:26]   wrote ranker rows 79500/153420 to dataset2.csv
[13:13:35]   wrote ranker rows 81000/153420 to dataset2.csv
[13:13:47]   wrote ranker rows 82500/153420 to dataset2.csv
[13:13:58]   wrote ranker rows 84000/153420 to dataset2.csv
[13:14:08]   wrote ranker rows 85500/153420 to dataset2.csv
[13:14:18]   wrote ranker rows 87000/153420 to dataset2.csv
[13:14:30]   wrote ranker rows 88500/153420 to dataset2.csv
[13:14:40]   wrote ranker rows 90000/153420 to dataset2.csv
[13:14:50]   wrote ranker rows 91500/153420 to dataset2.csv
[13:15:03]   wrote ranker rows 93000/153420 to dataset2.csv
[13:15:14]   wrote ranker rows 94500/153420 to dataset2.csv
[13:15:25]   wrote ranker rows 96000/153420 to dataset2.csv
[13:15:36]   wrote ranker rows 97500/153420 to dataset2.csv
[13:15:46]   wrote ranker rows 99000/153420 to dataset2.csv
[13:15:57]   wrote ranker rows 100500/153420 to dataset2.csv
[13:16:07]   wrote ranker rows 102000/153420 to dataset2.csv
[13:16:16]   wrote ranker rows 103500/153420 to dataset2.csv
[13:16:27]   wrote ranker rows 105000/153420 to dataset2.csv
[13:16:36]   wrote ranker rows 106500/153420 to dataset2.csv
[13:16:46]   wrote ranker rows 108000/153420 to dataset2.csv
[13:17:00]   wrote ranker rows 109500/153420 to dataset2.csv
[13:17:14]   wrote ranker rows 111000/153420 to dataset2.csv
[13:17:25]   wrote ranker rows 112500/153420 to dataset2.csv
[13:17:35]   wrote ranker rows 114000/153420 to dataset2.csv
[13:17:43]   wrote ranker rows 115500/153420 to dataset2.csv
[13:17:53]   wrote ranker rows 117000/153420 to dataset2.csv
[13:18:02]   wrote ranker rows 118500/153420 to dataset2.csv
[13:18:12]   wrote ranker rows 120000/153420 to dataset2.csv
[13:18:22]   wrote ranker rows 121500/153420 to dataset2.csv
[13:18:31]   wrote ranker rows 123000/153420 to dataset2.csv
[13:18:40]   wrote ranker rows 124500/153420 to dataset2.csv
[13:18:49]   wrote ranker rows 126000/153420 to dataset2.csv
[13:18:58]   wrote ranker rows 127500/153420 to dataset2.csv
[13:19:09]   wrote ranker rows 129000/153420 to dataset2.csv
[13:19:18]   wrote ranker rows 130500/153420 to dataset2.csv
[13:19:26]   wrote ranker rows 132000/153420 to dataset2.csv
[13:19:35]   wrote ranker rows 133500/153420 to dataset2.csv
[13:19:43]   wrote ranker rows 135000/153420 to dataset2.csv
[13:19:51]   wrote ranker rows 136500/153420 to dataset2.csv
[13:20:00]   wrote ranker rows 138000/153420 to dataset2.csv
[13:20:09]   wrote ranker rows 139500/153420 to dataset2.csv
[13:20:18]   wrote ranker rows 141000/153420 to dataset2.csv
[13:20:27]   wrote ranker rows 142500/153420 to dataset2.csv
[13:20:35]   wrote ranker rows 144000/153420 to dataset2.csv
[13:20:44]   wrote ranker rows 145500/153420 to dataset2.csv
[13:20:53]   wrote ranker rows 147000/153420 to dataset2.csv
[13:21:01]   wrote ranker rows 148500/153420 to dataset2.csv
[13:21:10]   wrote ranker rows 150000/153420 to dataset2.csv
[13:21:18]   wrote ranker rows 151500/153420 to dataset2.csv
[13:21:26]   wrote ranker rows 153000/153420 to dataset2.csv
[13:21:29]   wrote ranker rows 153420/153420 to dataset2.csv
[13:21:41] Created formal_track1\result_v42_nopos_120k_local.zip (84.32 MB)
[13:21:41] Done
