[14:10:02] Reading dataset1
[14:10:03] Using fixed best weights for dataset1: validation MRR=0.672611
[14:10:03] Building full history for dataset1
[14:10:03]   building pair aggregates
[14:10:03]   building transition aggregates
[14:10:03]   building skip-transition aggregates
[14:10:03]   building node aggregates
[14:10:04]   building recent source histories
[14:10:04] Scoring dataset1
[14:10:07]   wrote rows 12000/61051 to dataset1.csv
[14:10:10]   wrote rows 24000/61051 to dataset1.csv
[14:10:13]   wrote rows 36000/61051 to dataset1.csv
[14:10:15]   wrote rows 48000/61051 to dataset1.csv
[14:10:18]   wrote rows 60000/61051 to dataset1.csv
[14:10:19]   wrote rows 61051/61051 to dataset1.csv
[14:10:19] Reading dataset2
[14:10:20] Training XGBoost GPU ranker for dataset2
[14:10:21]   selected 88/149 ranker features (profile=v42, no_pos=True, all_features=False)
[14:10:21]   building pair aggregates
[14:10:21]   building transition aggregates
[14:10:22]   building skip-transition aggregates
[14:10:27]   building node aggregates
[14:10:27]   building recent source histories
[14:10:29]   ranker train groups=117000, eval groups=13000
[14:10:37]   built ranker features 1500/117000
[14:10:45]   built ranker features 3000/117000
[14:10:52]   built ranker features 4500/117000
[14:11:00]   built ranker features 6000/117000
[14:11:08]   built ranker features 7500/117000
[14:11:16]   built ranker features 9000/117000
[14:11:23]   built ranker features 10500/117000
[14:11:31]   built ranker features 12000/117000
[14:11:39]   built ranker features 13500/117000
[14:11:47]   built ranker features 15000/117000
[14:11:56]   built ranker features 16500/117000
[14:12:03]   built ranker features 18000/117000
[14:12:12]   built ranker features 19500/117000
[14:12:20]   built ranker features 21000/117000
[14:12:28]   built ranker features 22500/117000
[14:12:37]   built ranker features 24000/117000
[14:12:45]   built ranker features 25500/117000
[14:12:53]   built ranker features 27000/117000
[14:13:01]   built ranker features 28500/117000
[14:13:09]   built ranker features 30000/117000
[14:13:17]   built ranker features 31500/117000
[14:13:25]   built ranker features 33000/117000
[14:13:33]   built ranker features 34500/117000
[14:13:42]   built ranker features 36000/117000
[14:13:50]   built ranker features 37500/117000
[14:13:59]   built ranker features 39000/117000
[14:14:07]   built ranker features 40500/117000
[14:14:15]   built ranker features 42000/117000
[14:14:23]   built ranker features 43500/117000
[14:14:31]   built ranker features 45000/117000
[14:14:39]   built ranker features 46500/117000
[14:14:47]   built ranker features 48000/117000
[14:14:54]   built ranker features 49500/117000
[14:15:02]   built ranker features 51000/117000
[14:15:10]   built ranker features 52500/117000
[14:15:18]   built ranker features 54000/117000
[14:15:26]   built ranker features 55500/117000
[14:15:34]   built ranker features 57000/117000
[14:15:41]   built ranker features 58500/117000
[14:15:49]   built ranker features 60000/117000
[14:15:57]   built ranker features 61500/117000
[14:16:05]   built ranker features 63000/117000
[14:16:13]   built ranker features 64500/117000
[14:16:20]   built ranker features 66000/117000
[14:16:28]   built ranker features 67500/117000
[14:16:36]   built ranker features 69000/117000
[14:16:44]   built ranker features 70500/117000
[14:16:51]   built ranker features 72000/117000
[14:16:59]   built ranker features 73500/117000
[14:17:07]   built ranker features 75000/117000
[14:17:14]   built ranker features 76500/117000
[14:17:22]   built ranker features 78000/117000
[14:17:30]   built ranker features 79500/117000
[14:17:37]   built ranker features 81000/117000
[14:17:45]   built ranker features 82500/117000
[14:17:53]   built ranker features 84000/117000
[14:18:01]   built ranker features 85500/117000
[14:18:08]   built ranker features 87000/117000
[14:18:15]   built ranker features 88500/117000
[14:18:21]   built ranker features 90000/117000
[14:18:28]   built ranker features 91500/117000
[14:18:34]   built ranker features 93000/117000
[14:18:40]   built ranker features 94500/117000
[14:18:47]   built ranker features 96000/117000
[14:18:54]   built ranker features 97500/117000
[14:19:00]   built ranker features 99000/117000
[14:19:07]   built ranker features 100500/117000
[14:19:13]   built ranker features 102000/117000
[14:19:20]   built ranker features 103500/117000
[14:19:26]   built ranker features 105000/117000
[14:19:33]   built ranker features 106500/117000
[14:19:40]   built ranker features 108000/117000
[14:19:46]   built ranker features 109500/117000
[14:19:53]   built ranker features 111000/117000
[14:20:00]   built ranker features 112500/117000
[14:20:06]   built ranker features 114000/117000
[14:20:12]   built ranker features 115500/117000
[14:20:19]   built ranker features 117000/117000
[14:20:26]   built ranker features 1500/13000
[14:20:32]   built ranker features 3000/13000
[14:20:39]   built ranker features 4500/13000
[14:20:46]   built ranker features 6000/13000
[14:20:53]   built ranker features 7500/13000
[14:20:59]   built ranker features 9000/13000
[14:21:06]   built ranker features 10500/13000
[14:21:12]   built ranker features 12000/13000
[14:21:17]   built ranker features 13000/13000
[14:21:17]   V18 feature baseline MRR on ranker eval=0.403486
[0]	validation_0-ndcg@10:0.45483
[1]	validation_0-ndcg@10:0.52159
[2]	validation_0-ndcg@10:0.52992
[3]	validation_0-ndcg@10:0.53105
[4]	validation_0-ndcg@10:0.53312
[5]	validation_0-ndcg@10:0.53387
[6]	validation_0-ndcg@10:0.53420
[7]	validation_0-ndcg@10:0.53427
[8]	validation_0-ndcg@10:0.53490
[9]	validation_0-ndcg@10:0.53529
[10]	validation_0-ndcg@10:0.53518
[11]	validation_0-ndcg@10:0.53514
[12]	validation_0-ndcg@10:0.53519
[13]	validation_0-ndcg@10:0.53520
[14]	validation_0-ndcg@10:0.53531
[15]	validation_0-ndcg@10:0.53531
[16]	validation_0-ndcg@10:0.53540
[17]	validation_0-ndcg@10:0.53534
[18]	validation_0-ndcg@10:0.53521
[19]	validation_0-ndcg@10:0.53545
[20]	validation_0-ndcg@10:0.53572
[21]	validation_0-ndcg@10:0.53568
[22]	validation_0-ndcg@10:0.53561
[23]	validation_0-ndcg@10:0.53556
[24]	validation_0-ndcg@10:0.53553
[25]	validation_0-ndcg@10:0.53558
[26]	validation_0-ndcg@10:0.53568
[27]	validation_0-ndcg@10:0.53572
[28]	validation_0-ndcg@10:0.53595
[29]	validation_0-ndcg@10:0.53592
[30]	validation_0-ndcg@10:0.53614
[31]	validation_0-ndcg@10:0.53601
[32]	validation_0-ndcg@10:0.53628
[33]	validation_0-ndcg@10:0.53634
[34]	validation_0-ndcg@10:0.53646
[35]	validation_0-ndcg@10:0.53646
[36]	validation_0-ndcg@10:0.53654
[37]	validation_0-ndcg@10:0.53660
[38]	validation_0-ndcg@10:0.53677
[39]	validation_0-ndcg@10:0.53661
[40]	validation_0-ndcg@10:0.53662
[41]	validation_0-ndcg@10:0.53685
[42]	validation_0-ndcg@10:0.53680
[43]	validation_0-ndcg@10:0.53689
[44]	validation_0-ndcg@10:0.53701
[45]	validation_0-ndcg@10:0.53681
[46]	validation_0-ndcg@10:0.53688
[47]	validation_0-ndcg@10:0.53704
[48]	validation_0-ndcg@10:0.53715
[49]	validation_0-ndcg@10:0.53713
[50]	validation_0-ndcg@10:0.53721
[51]	validation_0-ndcg@10:0.53726
[52]	validation_0-ndcg@10:0.53711
[53]	validation_0-ndcg@10:0.53715
[54]	validation_0-ndcg@10:0.53717
[55]	validation_0-ndcg@10:0.53723
[56]	validation_0-ndcg@10:0.53726
[57]	validation_0-ndcg@10:0.53718
[58]	validation_0-ndcg@10:0.53729
[59]	validation_0-ndcg@10:0.53735
[60]	validation_0-ndcg@10:0.53721
[61]	validation_0-ndcg@10:0.53714
[62]	validation_0-ndcg@10:0.53708
[63]	validation_0-ndcg@10:0.53715
[64]	validation_0-ndcg@10:0.53719
[65]	validation_0-ndcg@10:0.53725
[66]	validation_0-ndcg@10:0.53721
[67]	validation_0-ndcg@10:0.53714
[68]	validation_0-ndcg@10:0.53731
[69]	validation_0-ndcg@10:0.53728
[70]	validation_0-ndcg@10:0.53744
[71]	validation_0-ndcg@10:0.53734
[72]	validation_0-ndcg@10:0.53737
[73]	validation_0-ndcg@10:0.53740
[74]	validation_0-ndcg@10:0.53737
[75]	validation_0-ndcg@10:0.53739
[76]	validation_0-ndcg@10:0.53743
[77]	validation_0-ndcg@10:0.53744
[78]	validation_0-ndcg@10:0.53749
[79]	validation_0-ndcg@10:0.53763
[80]	validation_0-ndcg@10:0.53757
[81]	validation_0-ndcg@10:0.53766
[82]	validation_0-ndcg@10:0.53768
[83]	validation_0-ndcg@10:0.53763
[84]	validation_0-ndcg@10:0.53774
[85]	validation_0-ndcg@10:0.53771
[86]	validation_0-ndcg@10:0.53784
[87]	validation_0-ndcg@10:0.53782
[88]	validation_0-ndcg@10:0.53788
[89]	validation_0-ndcg@10:0.53788
[90]	validation_0-ndcg@10:0.53798
[91]	validation_0-ndcg@10:0.53795
[92]	validation_0-ndcg@10:0.53806
[93]	validation_0-ndcg@10:0.53817
[94]	validation_0-ndcg@10:0.53811
[95]	validation_0-ndcg@10:0.53811
[96]	validation_0-ndcg@10:0.53810
[97]	validation_0-ndcg@10:0.53819
[98]	validation_0-ndcg@10:0.53819
[99]	validation_0-ndcg@10:0.53819
[100]	validation_0-ndcg@10:0.53826
[101]	validation_0-ndcg@10:0.53828
[102]	validation_0-ndcg@10:0.53826
[103]	validation_0-ndcg@10:0.53836
[104]	validation_0-ndcg@10:0.53833
[105]	validation_0-ndcg@10:0.53833
[106]	validation_0-ndcg@10:0.53827
[107]	validation_0-ndcg@10:0.53833
[108]	validation_0-ndcg@10:0.53839
[109]	validation_0-ndcg@10:0.53833
[110]	validation_0-ndcg@10:0.53839
[111]	validation_0-ndcg@10:0.53838
[112]	validation_0-ndcg@10:0.53833
[113]	validation_0-ndcg@10:0.53829
[114]	validation_0-ndcg@10:0.53827
[115]	validation_0-ndcg@10:0.53833
[116]	validation_0-ndcg@10:0.53837
[117]	validation_0-ndcg@10:0.53850
[118]	validation_0-ndcg@10:0.53860
[119]	validation_0-ndcg@10:0.53863
[120]	validation_0-ndcg@10:0.53867
[121]	validation_0-ndcg@10:0.53864
[122]	validation_0-ndcg@10:0.53862
[123]	validation_0-ndcg@10:0.53859
[124]	validation_0-ndcg@10:0.53852
[125]	validation_0-ndcg@10:0.53869
[126]	validation_0-ndcg@10:0.53874
[127]	validation_0-ndcg@10:0.53874
[128]	validation_0-ndcg@10:0.53876
[129]	validation_0-ndcg@10:0.53874
[130]	validation_0-ndcg@10:0.53882
[131]	validation_0-ndcg@10:0.53887
[132]	validation_0-ndcg@10:0.53898
[133]	validation_0-ndcg@10:0.53894
[134]	validation_0-ndcg@10:0.53909
[135]	validation_0-ndcg@10:0.53910
[136]	validation_0-ndcg@10:0.53901
[137]	validation_0-ndcg@10:0.53914
[138]	validation_0-ndcg@10:0.53925
[139]	validation_0-ndcg@10:0.53920
[140]	validation_0-ndcg@10:0.53921
[141]	validation_0-ndcg@10:0.53931
[142]	validation_0-ndcg@10:0.53931
[143]	validation_0-ndcg@10:0.53933
[144]	validation_0-ndcg@10:0.53938
[145]	validation_0-ndcg@10:0.53948
[146]	validation_0-ndcg@10:0.53942
[147]	validation_0-ndcg@10:0.53944
[148]	validation_0-ndcg@10:0.53956
[149]	validation_0-ndcg@10:0.53959
[150]	validation_0-ndcg@10:0.53950
[151]	validation_0-ndcg@10:0.53961
[152]	validation_0-ndcg@10:0.53972
[153]	validation_0-ndcg@10:0.53975
[154]	validation_0-ndcg@10:0.53974
[155]	validation_0-ndcg@10:0.53968
[156]	validation_0-ndcg@10:0.53965
[157]	validation_0-ndcg@10:0.53972
[158]	validation_0-ndcg@10:0.53978
[159]	validation_0-ndcg@10:0.53985
[160]	validation_0-ndcg@10:0.53995
[161]	validation_0-ndcg@10:0.53996
[162]	validation_0-ndcg@10:0.54005
[163]	validation_0-ndcg@10:0.53998
[164]	validation_0-ndcg@10:0.54004
[165]	validation_0-ndcg@10:0.54001
[166]	validation_0-ndcg@10:0.54008
[167]	validation_0-ndcg@10:0.54010
[168]	validation_0-ndcg@10:0.54009
[169]	validation_0-ndcg@10:0.54009
[170]	validation_0-ndcg@10:0.53998
[171]	validation_0-ndcg@10:0.54014
[172]	validation_0-ndcg@10:0.54029
[173]	validation_0-ndcg@10:0.54035
[174]	validation_0-ndcg@10:0.54024
[175]	validation_0-ndcg@10:0.54039
[176]	validation_0-ndcg@10:0.54033
[177]	validation_0-ndcg@10:0.54041
[178]	validation_0-ndcg@10:0.54062
[179]	validation_0-ndcg@10:0.54056
[180]	validation_0-ndcg@10:0.54045
[181]	validation_0-ndcg@10:0.54038
[182]	validation_0-ndcg@10:0.54040
[183]	validation_0-ndcg@10:0.54055
[184]	validation_0-ndcg@10:0.54057
[185]	validation_0-ndcg@10:0.54067
[186]	validation_0-ndcg@10:0.54064
[187]	validation_0-ndcg@10:0.54059
[188]	validation_0-ndcg@10:0.54064
[189]	validation_0-ndcg@10:0.54066
[190]	validation_0-ndcg@10:0.54081
[191]	validation_0-ndcg@10:0.54081
[192]	validation_0-ndcg@10:0.54102
[193]	validation_0-ndcg@10:0.54096
[194]	validation_0-ndcg@10:0.54107
[195]	validation_0-ndcg@10:0.54101
[196]	validation_0-ndcg@10:0.54098
[197]	validation_0-ndcg@10:0.54097
[198]	validation_0-ndcg@10:0.54111
[199]	validation_0-ndcg@10:0.54120
[200]	validation_0-ndcg@10:0.54122
[201]	validation_0-ndcg@10:0.54128
[202]	validation_0-ndcg@10:0.54130
[203]	validation_0-ndcg@10:0.54126
[204]	validation_0-ndcg@10:0.54124
[205]	validation_0-ndcg@10:0.54124
[206]	validation_0-ndcg@10:0.54122
[207]	validation_0-ndcg@10:0.54123
[208]	validation_0-ndcg@10:0.54127
[209]	validation_0-ndcg@10:0.54136
[210]	validation_0-ndcg@10:0.54145
[211]	validation_0-ndcg@10:0.54149
[212]	validation_0-ndcg@10:0.54150
[213]	validation_0-ndcg@10:0.54144
[214]	validation_0-ndcg@10:0.54141
[215]	validation_0-ndcg@10:0.54140
[216]	validation_0-ndcg@10:0.54135
[217]	validation_0-ndcg@10:0.54142
[218]	validation_0-ndcg@10:0.54153
[219]	validation_0-ndcg@10:0.54150
[220]	validation_0-ndcg@10:0.54149
[221]	validation_0-ndcg@10:0.54153
[222]	validation_0-ndcg@10:0.54155
[223]	validation_0-ndcg@10:0.54158
[224]	validation_0-ndcg@10:0.54158
[225]	validation_0-ndcg@10:0.54154
[226]	validation_0-ndcg@10:0.54158
[227]	validation_0-ndcg@10:0.54156
[228]	validation_0-ndcg@10:0.54151
[229]	validation_0-ndcg@10:0.54160
[230]	validation_0-ndcg@10:0.54156
[231]	validation_0-ndcg@10:0.54157
[232]	validation_0-ndcg@10:0.54159
[233]	validation_0-ndcg@10:0.54161
[234]	validation_0-ndcg@10:0.54172
[235]	validation_0-ndcg@10:0.54176
[236]	validation_0-ndcg@10:0.54179
[237]	validation_0-ndcg@10:0.54175
[238]	validation_0-ndcg@10:0.54173
[239]	validation_0-ndcg@10:0.54183
[240]	validation_0-ndcg@10:0.54184
[241]	validation_0-ndcg@10:0.54177
[242]	validation_0-ndcg@10:0.54189
[243]	validation_0-ndcg@10:0.54196
[244]	validation_0-ndcg@10:0.54218
[245]	validation_0-ndcg@10:0.54216
[246]	validation_0-ndcg@10:0.54210
[247]	validation_0-ndcg@10:0.54218
[248]	validation_0-ndcg@10:0.54231
[249]	validation_0-ndcg@10:0.54223
[250]	validation_0-ndcg@10:0.54221
[251]	validation_0-ndcg@10:0.54229
[252]	validation_0-ndcg@10:0.54219
[253]	validation_0-ndcg@10:0.54226
[254]	validation_0-ndcg@10:0.54227
[255]	validation_0-ndcg@10:0.54225
[256]	validation_0-ndcg@10:0.54243
[257]	validation_0-ndcg@10:0.54242
[258]	validation_0-ndcg@10:0.54242
[259]	validation_0-ndcg@10:0.54243
[260]	validation_0-ndcg@10:0.54250
[261]	validation_0-ndcg@10:0.54254
[262]	validation_0-ndcg@10:0.54262
[263]	validation_0-ndcg@10:0.54261
[264]	validation_0-ndcg@10:0.54250
[265]	validation_0-ndcg@10:0.54249
[266]	validation_0-ndcg@10:0.54253
[267]	validation_0-ndcg@10:0.54261
[268]	validation_0-ndcg@10:0.54260
[269]	validation_0-ndcg@10:0.54263
[270]	validation_0-ndcg@10:0.54258
[271]	validation_0-ndcg@10:0.54260
[272]	validation_0-ndcg@10:0.54257
[273]	validation_0-ndcg@10:0.54261
[274]	validation_0-ndcg@10:0.54258
[275]	validation_0-ndcg@10:0.54271
[276]	validation_0-ndcg@10:0.54265
[277]	validation_0-ndcg@10:0.54261
[278]	validation_0-ndcg@10:0.54256
[279]	validation_0-ndcg@10:0.54254
[280]	validation_0-ndcg@10:0.54263
[281]	validation_0-ndcg@10:0.54270
[282]	validation_0-ndcg@10:0.54276
[283]	validation_0-ndcg@10:0.54273
[284]	validation_0-ndcg@10:0.54287
[285]	validation_0-ndcg@10:0.54277
[286]	validation_0-ndcg@10:0.54279
[287]	validation_0-ndcg@10:0.54268
[288]	validation_0-ndcg@10:0.54276
[289]	validation_0-ndcg@10:0.54273
[290]	validation_0-ndcg@10:0.54271
[291]	validation_0-ndcg@10:0.54269
[292]	validation_0-ndcg@10:0.54279
[293]	validation_0-ndcg@10:0.54284
[294]	validation_0-ndcg@10:0.54276
[295]	validation_0-ndcg@10:0.54281
[296]	validation_0-ndcg@10:0.54284
[297]	validation_0-ndcg@10:0.54271
[298]	validation_0-ndcg@10:0.54275
[299]	validation_0-ndcg@10:0.54275
[300]	validation_0-ndcg@10:0.54275
[301]	validation_0-ndcg@10:0.54280
[302]	validation_0-ndcg@10:0.54282
[303]	validation_0-ndcg@10:0.54280
[304]	validation_0-ndcg@10:0.54290
[305]	validation_0-ndcg@10:0.54297
[306]	validation_0-ndcg@10:0.54292
[307]	validation_0-ndcg@10:0.54288
[308]	validation_0-ndcg@10:0.54299
[309]	validation_0-ndcg@10:0.54297
[310]	validation_0-ndcg@10:0.54302
[311]	validation_0-ndcg@10:0.54304
[312]	validation_0-ndcg@10:0.54311
[313]	validation_0-ndcg@10:0.54308
[314]	validation_0-ndcg@10:0.54315
[315]	validation_0-ndcg@10:0.54313
[316]	validation_0-ndcg@10:0.54312
[317]	validation_0-ndcg@10:0.54304
[318]	validation_0-ndcg@10:0.54306
[319]	validation_0-ndcg@10:0.54300
[320]	validation_0-ndcg@10:0.54305
[321]	validation_0-ndcg@10:0.54309
[322]	validation_0-ndcg@10:0.54314
[323]	validation_0-ndcg@10:0.54308
[324]	validation_0-ndcg@10:0.54316
[325]	validation_0-ndcg@10:0.54320
[326]	validation_0-ndcg@10:0.54327
[327]	validation_0-ndcg@10:0.54331
[328]	validation_0-ndcg@10:0.54335
[329]	validation_0-ndcg@10:0.54341
[330]	validation_0-ndcg@10:0.54348
[331]	validation_0-ndcg@10:0.54352
[332]	validation_0-ndcg@10:0.54363
[333]	validation_0-ndcg@10:0.54364
[334]	validation_0-ndcg@10:0.54354
[335]	validation_0-ndcg@10:0.54359
[336]	validation_0-ndcg@10:0.54359
[337]	validation_0-ndcg@10:0.54363
[338]	validation_0-ndcg@10:0.54362
[339]	validation_0-ndcg@10:0.54358
[340]	validation_0-ndcg@10:0.54367
[341]	validation_0-ndcg@10:0.54367
[342]	validation_0-ndcg@10:0.54368
[343]	validation_0-ndcg@10:0.54371
[344]	validation_0-ndcg@10:0.54377
[345]	validation_0-ndcg@10:0.54384
[346]	validation_0-ndcg@10:0.54393
[347]	validation_0-ndcg@10:0.54399
[348]	validation_0-ndcg@10:0.54394
[349]	validation_0-ndcg@10:0.54389
[350]	validation_0-ndcg@10:0.54394
[351]	validation_0-ndcg@10:0.54391
[352]	validation_0-ndcg@10:0.54398
[353]	validation_0-ndcg@10:0.54404
[354]	validation_0-ndcg@10:0.54405
[355]	validation_0-ndcg@10:0.54406
[356]	validation_0-ndcg@10:0.54411
[357]	validation_0-ndcg@10:0.54400
[358]	validation_0-ndcg@10:0.54398
[359]	validation_0-ndcg@10:0.54393
[360]	validation_0-ndcg@10:0.54388
[361]	validation_0-ndcg@10:0.54384
[362]	validation_0-ndcg@10:0.54380
[363]	validation_0-ndcg@10:0.54388
[364]	validation_0-ndcg@10:0.54383
[365]	validation_0-ndcg@10:0.54378
[366]	validation_0-ndcg@10:0.54378
[367]	validation_0-ndcg@10:0.54381
[368]	validation_0-ndcg@10:0.54378
[369]	validation_0-ndcg@10:0.54373
[370]	validation_0-ndcg@10:0.54373
[371]	validation_0-ndcg@10:0.54376
[372]	validation_0-ndcg@10:0.54378
[373]	validation_0-ndcg@10:0.54378
[374]	validation_0-ndcg@10:0.54376
[375]	validation_0-ndcg@10:0.54373
[376]	validation_0-ndcg@10:0.54384
[377]	validation_0-ndcg@10:0.54391
[378]	validation_0-ndcg@10:0.54395
[379]	validation_0-ndcg@10:0.54405
[380]	validation_0-ndcg@10:0.54405
[381]	validation_0-ndcg@10:0.54412
[382]	validation_0-ndcg@10:0.54411
[383]	validation_0-ndcg@10:0.54411
[384]	validation_0-ndcg@10:0.54409
[385]	validation_0-ndcg@10:0.54419
[386]	validation_0-ndcg@10:0.54419
[387]	validation_0-ndcg@10:0.54421
[388]	validation_0-ndcg@10:0.54422
[389]	validation_0-ndcg@10:0.54415
[390]	validation_0-ndcg@10:0.54419
[391]	validation_0-ndcg@10:0.54420
[392]	validation_0-ndcg@10:0.54425
[393]	validation_0-ndcg@10:0.54436
[394]	validation_0-ndcg@10:0.54427
[395]	validation_0-ndcg@10:0.54430
[396]	validation_0-ndcg@10:0.54421
[397]	validation_0-ndcg@10:0.54425
[398]	validation_0-ndcg@10:0.54434
[399]	validation_0-ndcg@10:0.54447
[400]	validation_0-ndcg@10:0.54449
[401]	validation_0-ndcg@10:0.54454
[402]	validation_0-ndcg@10:0.54450
[403]	validation_0-ndcg@10:0.54449
[404]	validation_0-ndcg@10:0.54450
[405]	validation_0-ndcg@10:0.54450
[406]	validation_0-ndcg@10:0.54453
[407]	validation_0-ndcg@10:0.54459
[408]	validation_0-ndcg@10:0.54467
[409]	validation_0-ndcg@10:0.54459
[410]	validation_0-ndcg@10:0.54455
[411]	validation_0-ndcg@10:0.54467
[412]	validation_0-ndcg@10:0.54468
[413]	validation_0-ndcg@10:0.54464
[414]	validation_0-ndcg@10:0.54470
[415]	validation_0-ndcg@10:0.54468
[416]	validation_0-ndcg@10:0.54476
[417]	validation_0-ndcg@10:0.54482
[418]	validation_0-ndcg@10:0.54476
[419]	validation_0-ndcg@10:0.54479
[420]	validation_0-ndcg@10:0.54484
[421]	validation_0-ndcg@10:0.54487
[422]	validation_0-ndcg@10:0.54494
[423]	validation_0-ndcg@10:0.54489
[424]	validation_0-ndcg@10:0.54493
[425]	validation_0-ndcg@10:0.54496
[426]	validation_0-ndcg@10:0.54501
[427]	validation_0-ndcg@10:0.54503
[428]	validation_0-ndcg@10:0.54501
[429]	validation_0-ndcg@10:0.54501
[430]	validation_0-ndcg@10:0.54515
[431]	validation_0-ndcg@10:0.54514
[432]	validation_0-ndcg@10:0.54515
[433]	validation_0-ndcg@10:0.54513
[434]	validation_0-ndcg@10:0.54514
[435]	validation_0-ndcg@10:0.54510
[436]	validation_0-ndcg@10:0.54520
[437]	validation_0-ndcg@10:0.54526
[438]	validation_0-ndcg@10:0.54523
[439]	validation_0-ndcg@10:0.54531
[440]	validation_0-ndcg@10:0.54533
[441]	validation_0-ndcg@10:0.54534
[442]	validation_0-ndcg@10:0.54540
[443]	validation_0-ndcg@10:0.54542
[444]	validation_0-ndcg@10:0.54542
[445]	validation_0-ndcg@10:0.54541
[446]	validation_0-ndcg@10:0.54545
[447]	validation_0-ndcg@10:0.54542
[448]	validation_0-ndcg@10:0.54549
[449]	validation_0-ndcg@10:0.54549
[450]	validation_0-ndcg@10:0.54552
[451]	validation_0-ndcg@10:0.54558
[452]	validation_0-ndcg@10:0.54554
[453]	validation_0-ndcg@10:0.54558
[454]	validation_0-ndcg@10:0.54561
[455]	validation_0-ndcg@10:0.54564
[456]	validation_0-ndcg@10:0.54571
[457]	validation_0-ndcg@10:0.54567
[458]	validation_0-ndcg@10:0.54567
[459]	validation_0-ndcg@10:0.54561
[460]	validation_0-ndcg@10:0.54565
[461]	validation_0-ndcg@10:0.54564
[462]	validation_0-ndcg@10:0.54564
[463]	validation_0-ndcg@10:0.54567
[464]	validation_0-ndcg@10:0.54563
[465]	validation_0-ndcg@10:0.54571
[466]	validation_0-ndcg@10:0.54573
[467]	validation_0-ndcg@10:0.54576
[468]	validation_0-ndcg@10:0.54582
[469]	validation_0-ndcg@10:0.54581
[470]	validation_0-ndcg@10:0.54584
[471]	validation_0-ndcg@10:0.54587
[472]	validation_0-ndcg@10:0.54586
[473]	validation_0-ndcg@10:0.54592
[474]	validation_0-ndcg@10:0.54594
[475]	validation_0-ndcg@10:0.54600
[476]	validation_0-ndcg@10:0.54606
[477]	validation_0-ndcg@10:0.54598
[478]	validation_0-ndcg@10:0.54597
[479]	validation_0-ndcg@10:0.54598
[480]	validation_0-ndcg@10:0.54594
[481]	validation_0-ndcg@10:0.54596
[482]	validation_0-ndcg@10:0.54607
[483]	validation_0-ndcg@10:0.54608
[484]	validation_0-ndcg@10:0.54611
[485]	validation_0-ndcg@10:0.54609
[486]	validation_0-ndcg@10:0.54611
[487]	validation_0-ndcg@10:0.54612
[488]	validation_0-ndcg@10:0.54618
[489]	validation_0-ndcg@10:0.54620
[490]	validation_0-ndcg@10:0.54623
[491]	validation_0-ndcg@10:0.54620
[492]	validation_0-ndcg@10:0.54620
[493]	validation_0-ndcg@10:0.54629
[494]	validation_0-ndcg@10:0.54630
[495]	validation_0-ndcg@10:0.54631
[496]	validation_0-ndcg@10:0.54627
[497]	validation_0-ndcg@10:0.54630
[498]	validation_0-ndcg@10:0.54629
[499]	validation_0-ndcg@10:0.54627
[500]	validation_0-ndcg@10:0.54629
[501]	validation_0-ndcg@10:0.54625
[502]	validation_0-ndcg@10:0.54622
[503]	validation_0-ndcg@10:0.54617
[504]	validation_0-ndcg@10:0.54621
[505]	validation_0-ndcg@10:0.54623
[506]	validation_0-ndcg@10:0.54618
[507]	validation_0-ndcg@10:0.54616
[508]	validation_0-ndcg@10:0.54619
[509]	validation_0-ndcg@10:0.54618
[510]	validation_0-ndcg@10:0.54620
[511]	validation_0-ndcg@10:0.54628
[512]	validation_0-ndcg@10:0.54639
[513]	validation_0-ndcg@10:0.54642
[514]	validation_0-ndcg@10:0.54649
[515]	validation_0-ndcg@10:0.54645
[516]	validation_0-ndcg@10:0.54638
[517]	validation_0-ndcg@10:0.54644
[518]	validation_0-ndcg@10:0.54644
[519]	validation_0-ndcg@10:0.54642
[520]	validation_0-ndcg@10:0.54641
[521]	validation_0-ndcg@10:0.54648
[522]	validation_0-ndcg@10:0.54648
[523]	validation_0-ndcg@10:0.54660
[524]	validation_0-ndcg@10:0.54654
[525]	validation_0-ndcg@10:0.54661
[526]	validation_0-ndcg@10:0.54674
[527]	validation_0-ndcg@10:0.54678
[528]	validation_0-ndcg@10:0.54681
[529]	validation_0-ndcg@10:0.54669
[530]	validation_0-ndcg@10:0.54669
[531]	validation_0-ndcg@10:0.54672
[532]	validation_0-ndcg@10:0.54670
[533]	validation_0-ndcg@10:0.54674
[534]	validation_0-ndcg@10:0.54684
[535]	validation_0-ndcg@10:0.54682
[536]	validation_0-ndcg@10:0.54675
[537]	validation_0-ndcg@10:0.54678
[538]	validation_0-ndcg@10:0.54682
[539]	validation_0-ndcg@10:0.54681
[540]	validation_0-ndcg@10:0.54695
[541]	validation_0-ndcg@10:0.54695
[542]	validation_0-ndcg@10:0.54696
[543]	validation_0-ndcg@10:0.54695
[544]	validation_0-ndcg@10:0.54697
[545]	validation_0-ndcg@10:0.54707
[546]	validation_0-ndcg@10:0.54703
[547]	validation_0-ndcg@10:0.54704
[548]	validation_0-ndcg@10:0.54704
[549]	validation_0-ndcg@10:0.54710
[550]	validation_0-ndcg@10:0.54707
[551]	validation_0-ndcg@10:0.54708
[552]	validation_0-ndcg@10:0.54714
[553]	validation_0-ndcg@10:0.54724
[554]	validation_0-ndcg@10:0.54723
[555]	validation_0-ndcg@10:0.54726
[556]	validation_0-ndcg@10:0.54724
[557]	validation_0-ndcg@10:0.54728
[558]	validation_0-ndcg@10:0.54743
[559]	validation_0-ndcg@10:0.54744
[560]	validation_0-ndcg@10:0.54737
[561]	validation_0-ndcg@10:0.54745
[562]	validation_0-ndcg@10:0.54739
[563]	validation_0-ndcg@10:0.54749
[564]	validation_0-ndcg@10:0.54740
[565]	validation_0-ndcg@10:0.54745
[566]	validation_0-ndcg@10:0.54751
[567]	validation_0-ndcg@10:0.54757
[568]	validation_0-ndcg@10:0.54759
[569]	validation_0-ndcg@10:0.54759
[570]	validation_0-ndcg@10:0.54763
[571]	validation_0-ndcg@10:0.54753
[572]	validation_0-ndcg@10:0.54754
[573]	validation_0-ndcg@10:0.54749
[574]	validation_0-ndcg@10:0.54756
[575]	validation_0-ndcg@10:0.54754
[576]	validation_0-ndcg@10:0.54760
[577]	validation_0-ndcg@10:0.54763
[578]	validation_0-ndcg@10:0.54761
[579]	validation_0-ndcg@10:0.54760
[580]	validation_0-ndcg@10:0.54762
[581]	validation_0-ndcg@10:0.54751
[582]	validation_0-ndcg@10:0.54747
[583]	validation_0-ndcg@10:0.54758
[584]	validation_0-ndcg@10:0.54755
[585]	validation_0-ndcg@10:0.54759
[586]	validation_0-ndcg@10:0.54753
[587]	validation_0-ndcg@10:0.54760
[588]	validation_0-ndcg@10:0.54765
[589]	validation_0-ndcg@10:0.54757
[590]	validation_0-ndcg@10:0.54763
[591]	validation_0-ndcg@10:0.54762
[592]	validation_0-ndcg@10:0.54764
[593]	validation_0-ndcg@10:0.54765
[594]	validation_0-ndcg@10:0.54763
[595]	validation_0-ndcg@10:0.54766
[596]	validation_0-ndcg@10:0.54775
[597]	validation_0-ndcg@10:0.54780
[598]	validation_0-ndcg@10:0.54780
[599]	validation_0-ndcg@10:0.54777
[600]	validation_0-ndcg@10:0.54772
[601]	validation_0-ndcg@10:0.54775
[602]	validation_0-ndcg@10:0.54778
[603]	validation_0-ndcg@10:0.54785
[604]	validation_0-ndcg@10:0.54787
[605]	validation_0-ndcg@10:0.54780
[606]	validation_0-ndcg@10:0.54780
[607]	validation_0-ndcg@10:0.54773
[608]	validation_0-ndcg@10:0.54775
[609]	validation_0-ndcg@10:0.54785
[610]	validation_0-ndcg@10:0.54788
[611]	validation_0-ndcg@10:0.54794
[612]	validation_0-ndcg@10:0.54792
[613]	validation_0-ndcg@10:0.54787
[614]	validation_0-ndcg@10:0.54792
[615]	validation_0-ndcg@10:0.54788
[616]	validation_0-ndcg@10:0.54792
[617]	validation_0-ndcg@10:0.54800
[618]	validation_0-ndcg@10:0.54802
[619]	validation_0-ndcg@10:0.54801
[14:25:47]   raw ranker MRR on ranker eval=0.474695
[14:25:47]   blend alpha=0.00 MRR=0.403486
[14:25:47]   blend alpha=0.05 MRR=0.408652
[14:25:47]   blend alpha=0.10 MRR=0.415513
[14:25:47]   blend alpha=0.15 MRR=0.421707
[14:25:47]   blend alpha=0.20 MRR=0.428540
[14:25:47]   blend alpha=0.25 MRR=0.435912
[14:25:47]   blend alpha=0.30 MRR=0.442275
[14:25:47]   blend alpha=0.35 MRR=0.447556
[14:25:47]   blend alpha=0.40 MRR=0.452227
[14:25:47]   blend alpha=0.45 MRR=0.456014
[14:25:47]   blend alpha=0.50 MRR=0.459343
[14:25:47]   blend alpha=0.55 MRR=0.461634
[14:25:47]   blend alpha=0.60 MRR=0.463970
[14:25:48]   blend alpha=0.65 MRR=0.465459
[14:25:48]   blend alpha=0.70 MRR=0.467096
[14:25:48]   blend alpha=0.75 MRR=0.468613
[14:25:48]   blend alpha=0.80 MRR=0.470441
[14:25:48]   blend alpha=0.85 MRR=0.471466
[14:25:48]   blend alpha=0.90 MRR=0.472683
[14:25:48]   blend alpha=0.95 MRR=0.473542
[14:25:48]   blend alpha=1.00 MRR=0.474695
[14:25:48]   selected ranker use=True alpha=1.00 base=0.403486 best=0.474695
[14:25:48] Building full history for dataset2
[14:25:48]   building pair aggregates
[14:25:49]   building transition aggregates
[14:25:50]   building skip-transition aggregates
[14:25:54]   building node aggregates
[14:25:55]   building recent source histories
[14:25:57] Scoring dataset2
[14:26:04]   wrote ranker rows 1500/153420 to dataset2.csv
[14:26:11]   wrote ranker rows 3000/153420 to dataset2.csv
[14:26:18]   wrote ranker rows 4500/153420 to dataset2.csv
[14:26:26]   wrote ranker rows 6000/153420 to dataset2.csv
[14:26:33]   wrote ranker rows 7500/153420 to dataset2.csv
[14:26:40]   wrote ranker rows 9000/153420 to dataset2.csv
[14:26:48]   wrote ranker rows 10500/153420 to dataset2.csv
[14:26:55]   wrote ranker rows 12000/153420 to dataset2.csv
[14:27:02]   wrote ranker rows 13500/153420 to dataset2.csv
[14:27:09]   wrote ranker rows 15000/153420 to dataset2.csv
[14:27:16]   wrote ranker rows 16500/153420 to dataset2.csv
[14:27:24]   wrote ranker rows 18000/153420 to dataset2.csv
[14:27:31]   wrote ranker rows 19500/153420 to dataset2.csv
[14:27:38]   wrote ranker rows 21000/153420 to dataset2.csv
[14:27:45]   wrote ranker rows 22500/153420 to dataset2.csv
[14:27:53]   wrote ranker rows 24000/153420 to dataset2.csv
[14:28:00]   wrote ranker rows 25500/153420 to dataset2.csv
[14:28:07]   wrote ranker rows 27000/153420 to dataset2.csv
[14:28:14]   wrote ranker rows 28500/153420 to dataset2.csv
[14:28:22]   wrote ranker rows 30000/153420 to dataset2.csv
[14:28:29]   wrote ranker rows 31500/153420 to dataset2.csv
[14:28:36]   wrote ranker rows 33000/153420 to dataset2.csv
[14:28:44]   wrote ranker rows 34500/153420 to dataset2.csv
[14:28:51]   wrote ranker rows 36000/153420 to dataset2.csv
[14:28:59]   wrote ranker rows 37500/153420 to dataset2.csv
[14:29:06]   wrote ranker rows 39000/153420 to dataset2.csv
[14:29:13]   wrote ranker rows 40500/153420 to dataset2.csv
[14:29:21]   wrote ranker rows 42000/153420 to dataset2.csv
[14:29:28]   wrote ranker rows 43500/153420 to dataset2.csv
[14:29:35]   wrote ranker rows 45000/153420 to dataset2.csv
[14:29:42]   wrote ranker rows 46500/153420 to dataset2.csv
[14:29:49]   wrote ranker rows 48000/153420 to dataset2.csv
[14:29:57]   wrote ranker rows 49500/153420 to dataset2.csv
[14:30:04]   wrote ranker rows 51000/153420 to dataset2.csv
[14:30:11]   wrote ranker rows 52500/153420 to dataset2.csv
[14:30:18]   wrote ranker rows 54000/153420 to dataset2.csv
[14:30:25]   wrote ranker rows 55500/153420 to dataset2.csv
[14:30:32]   wrote ranker rows 57000/153420 to dataset2.csv
[14:30:39]   wrote ranker rows 58500/153420 to dataset2.csv
[14:30:46]   wrote ranker rows 60000/153420 to dataset2.csv
[14:30:53]   wrote ranker rows 61500/153420 to dataset2.csv
[14:31:01]   wrote ranker rows 63000/153420 to dataset2.csv
[14:31:07]   wrote ranker rows 64500/153420 to dataset2.csv
[14:31:14]   wrote ranker rows 66000/153420 to dataset2.csv
[14:31:21]   wrote ranker rows 67500/153420 to dataset2.csv
[14:31:29]   wrote ranker rows 69000/153420 to dataset2.csv
[14:31:36]   wrote ranker rows 70500/153420 to dataset2.csv
[14:31:43]   wrote ranker rows 72000/153420 to dataset2.csv
[14:31:50]   wrote ranker rows 73500/153420 to dataset2.csv
[14:31:57]   wrote ranker rows 75000/153420 to dataset2.csv
[14:32:05]   wrote ranker rows 76500/153420 to dataset2.csv
[14:32:12]   wrote ranker rows 78000/153420 to dataset2.csv
[14:32:19]   wrote ranker rows 79500/153420 to dataset2.csv
[14:32:26]   wrote ranker rows 81000/153420 to dataset2.csv
[14:32:33]   wrote ranker rows 82500/153420 to dataset2.csv
[14:32:41]   wrote ranker rows 84000/153420 to dataset2.csv
[14:32:48]   wrote ranker rows 85500/153420 to dataset2.csv
[14:32:55]   wrote ranker rows 87000/153420 to dataset2.csv
[14:33:02]   wrote ranker rows 88500/153420 to dataset2.csv
[14:33:09]   wrote ranker rows 90000/153420 to dataset2.csv
[14:33:16]   wrote ranker rows 91500/153420 to dataset2.csv
[14:33:23]   wrote ranker rows 93000/153420 to dataset2.csv
[14:33:30]   wrote ranker rows 94500/153420 to dataset2.csv
[14:33:38]   wrote ranker rows 96000/153420 to dataset2.csv
[14:33:45]   wrote ranker rows 97500/153420 to dataset2.csv
[14:33:52]   wrote ranker rows 99000/153420 to dataset2.csv
[14:33:59]   wrote ranker rows 100500/153420 to dataset2.csv
[14:34:07]   wrote ranker rows 102000/153420 to dataset2.csv
[14:34:14]   wrote ranker rows 103500/153420 to dataset2.csv
[14:34:21]   wrote ranker rows 105000/153420 to dataset2.csv
[14:34:28]   wrote ranker rows 106500/153420 to dataset2.csv
[14:34:35]   wrote ranker rows 108000/153420 to dataset2.csv
[14:34:43]   wrote ranker rows 109500/153420 to dataset2.csv
[14:34:50]   wrote ranker rows 111000/153420 to dataset2.csv
[14:34:57]   wrote ranker rows 112500/153420 to dataset2.csv
[14:35:04]   wrote ranker rows 114000/153420 to dataset2.csv
[14:35:11]   wrote ranker rows 115500/153420 to dataset2.csv
[14:35:18]   wrote ranker rows 117000/153420 to dataset2.csv
[14:35:25]   wrote ranker rows 118500/153420 to dataset2.csv
[14:35:32]   wrote ranker rows 120000/153420 to dataset2.csv
[14:35:40]   wrote ranker rows 121500/153420 to dataset2.csv
[14:35:47]   wrote ranker rows 123000/153420 to dataset2.csv
[14:35:55]   wrote ranker rows 124500/153420 to dataset2.csv
[14:36:02]   wrote ranker rows 126000/153420 to dataset2.csv
[14:36:09]   wrote ranker rows 127500/153420 to dataset2.csv
[14:36:16]   wrote ranker rows 129000/153420 to dataset2.csv
[14:36:24]   wrote ranker rows 130500/153420 to dataset2.csv
[14:36:32]   wrote ranker rows 132000/153420 to dataset2.csv
[14:36:41]   wrote ranker rows 133500/153420 to dataset2.csv
[14:36:49]   wrote ranker rows 135000/153420 to dataset2.csv
[14:36:58]   wrote ranker rows 136500/153420 to dataset2.csv
[14:37:07]   wrote ranker rows 138000/153420 to dataset2.csv
[14:37:16]   wrote ranker rows 139500/153420 to dataset2.csv
[14:37:25]   wrote ranker rows 141000/153420 to dataset2.csv
[14:37:34]   wrote ranker rows 142500/153420 to dataset2.csv
[14:37:42]   wrote ranker rows 144000/153420 to dataset2.csv
[14:37:51]   wrote ranker rows 145500/153420 to dataset2.csv
[14:38:00]   wrote ranker rows 147000/153420 to dataset2.csv
[14:38:09]   wrote ranker rows 148500/153420 to dataset2.csv
[14:38:18]   wrote ranker rows 150000/153420 to dataset2.csv
[14:38:26]   wrote ranker rows 151500/153420 to dataset2.csv
[14:38:35]   wrote ranker rows 153000/153420 to dataset2.csv
[14:38:37]   wrote ranker rows 153420/153420 to dataset2.csv
[14:38:54] Created formal_track1\result_v45_v42nopos_130k_local.zip (81.59 MB)
[14:38:54] Done
